../USB_Device/Target/usbd_conf.c:773:20:USBD_Get_USB_Status	0	static
../USB_Device/Target/usbd_conf.c:762:13:SystemClockConfig_Resume	8	static
../USB_Device/Target/usbd_conf.c:72:6:HAL_PCD_MspInit	80	static
../USB_Device/Target/usbd_conf.c:106:6:HAL_PCD_MspDeInit	8	static
../USB_Device/Target/usbd_conf.c:134:6:HAL_PCD_SetupStageCallback	8	static
../USB_Device/Target/usbd_conf.c:155:6:HAL_PCD_DataOutStageCallback	8	static
../USB_Device/Target/usbd_conf.c:176:6:HAL_PCD_DataInStageCallback	8	static
../USB_Device/Target/usbd_conf.c:196:6:HAL_PCD_SOFCallback	8	static
../USB_Device/Target/usbd_conf.c:216:6:HAL_PCD_ResetCallback	8	static
../USB_Device/Target/usbd_conf.c:247:6:HAL_PCD_SuspendCallback	8	static
../USB_Device/Target/usbd_conf.c:277:6:HAL_PCD_ResumeCallback	8	static
../USB_Device/Target/usbd_conf.c:308:6:HAL_PCD_ISOOUTIncompleteCallback	8	static
../USB_Device/Target/usbd_conf.c:329:6:HAL_PCD_ISOINIncompleteCallback	8	static
../USB_Device/Target/usbd_conf.c:349:6:HAL_PCD_ConnectCallback	8	static
../USB_Device/Target/usbd_conf.c:369:6:HAL_PCD_DisconnectCallback	8	static
../USB_Device/Target/usbd_conf.c:394:20:USBD_LL_Init	8	static
../USB_Device/Target/usbd_conf.c:458:20:USBD_LL_DeInit	8	static
../USB_Device/Target/usbd_conf.c:475:20:USBD_LL_Start	8	static
../USB_Device/Target/usbd_conf.c:492:20:USBD_LL_Stop	8	static
../USB_Device/Target/usbd_conf.c:512:20:USBD_LL_OpenEP	8	static
../USB_Device/Target/usbd_conf.c:530:20:USBD_LL_CloseEP	8	static
../USB_Device/Target/usbd_conf.c:548:20:USBD_LL_FlushEP	8	static
../USB_Device/Target/usbd_conf.c:566:20:USBD_LL_StallEP	8	static
../USB_Device/Target/usbd_conf.c:584:20:USBD_LL_ClearStallEP	8	static
../USB_Device/Target/usbd_conf.c:602:9:USBD_LL_IsStallEP	0	static
../USB_Device/Target/usbd_conf.c:622:20:USBD_LL_SetUSBAddress	8	static
../USB_Device/Target/usbd_conf.c:642:20:USBD_LL_Transmit	8	static
../USB_Device/Target/usbd_conf.c:662:20:USBD_LL_PrepareReceive	8	static
../USB_Device/Target/usbd_conf.c:680:10:USBD_LL_GetRxDataSize	8	static
../USB_Device/Target/usbd_conf.c:694:6:HAL_PCDEx_LPM_Callback	8	static
../USB_Device/Target/usbd_conf.c:730:6:USBD_LL_Delay	8	static
../USB_Device/Target/usbd_conf.c:740:7:USBD_static_malloc	0	static
../USB_Device/Target/usbd_conf.c:751:6:USBD_static_free	0	static
