Archive member included to satisfy reference by file (symbol)

D:/Study/ST/STM32CubeIDE_1.14.0/STM32CubeIDE/plugins/com.st.stm32cube.ide.mcu.externaltools.gnu-tools-for-stm32.11.3.rel1.win32_1.1.100.202309141235/tools/bin/../lib/gcc/arm-none-eabi/11.3.1/../../../../arm-none-eabi/lib/thumb/v7e-m+fp/hard\libc_nano.a(libc_a-exit.o)
                              D:/Study/ST/STM32CubeIDE_1.14.0/STM32CubeIDE/plugins/com.st.stm32cube.ide.mcu.externaltools.gnu-tools-for-stm32.11.3.rel1.win32_1.1.100.202309141235/tools/bin/../lib/gcc/arm-none-eabi/11.3.1/../../../../arm-none-eabi/lib/thumb/v7e-m+fp/hard/crt0.o (exit)
D:/Study/ST/STM32CubeIDE_1.14.0/STM32CubeIDE/plugins/com.st.stm32cube.ide.mcu.externaltools.gnu-tools-for-stm32.11.3.rel1.win32_1.1.100.202309141235/tools/bin/../lib/gcc/arm-none-eabi/11.3.1/../../../../arm-none-eabi/lib/thumb/v7e-m+fp/hard\libc_nano.a(libc_a-findfp.o)
                              D:/Study/ST/STM32CubeIDE_1.14.0/STM32CubeIDE/plugins/com.st.stm32cube.ide.mcu.externaltools.gnu-tools-for-stm32.11.3.rel1.win32_1.1.100.202309141235/tools/bin/../lib/gcc/arm-none-eabi/11.3.1/../../../../arm-none-eabi/lib/thumb/v7e-m+fp/hard\libc_nano.a(libc_a-exit.o) (__stdio_exit_handler)
D:/Study/ST/STM32CubeIDE_1.14.0/STM32CubeIDE/plugins/com.st.stm32cube.ide.mcu.externaltools.gnu-tools-for-stm32.11.3.rel1.win32_1.1.100.202309141235/tools/bin/../lib/gcc/arm-none-eabi/11.3.1/../../../../arm-none-eabi/lib/thumb/v7e-m+fp/hard\libc_nano.a(libc_a-fwalk.o)
                              D:/Study/ST/STM32CubeIDE_1.14.0/STM32CubeIDE/plugins/com.st.stm32cube.ide.mcu.externaltools.gnu-tools-for-stm32.11.3.rel1.win32_1.1.100.202309141235/tools/bin/../lib/gcc/arm-none-eabi/11.3.1/../../../../arm-none-eabi/lib/thumb/v7e-m+fp/hard\libc_nano.a(libc_a-findfp.o) (_fwalk_sglue)
D:/Study/ST/STM32CubeIDE_1.14.0/STM32CubeIDE/plugins/com.st.stm32cube.ide.mcu.externaltools.gnu-tools-for-stm32.11.3.rel1.win32_1.1.100.202309141235/tools/bin/../lib/gcc/arm-none-eabi/11.3.1/../../../../arm-none-eabi/lib/thumb/v7e-m+fp/hard\libc_nano.a(libc_a-stdio.o)
                              D:/Study/ST/STM32CubeIDE_1.14.0/STM32CubeIDE/plugins/com.st.stm32cube.ide.mcu.externaltools.gnu-tools-for-stm32.11.3.rel1.win32_1.1.100.202309141235/tools/bin/../lib/gcc/arm-none-eabi/11.3.1/../../../../arm-none-eabi/lib/thumb/v7e-m+fp/hard\libc_nano.a(libc_a-findfp.o) (__sread)
D:/Study/ST/STM32CubeIDE_1.14.0/STM32CubeIDE/plugins/com.st.stm32cube.ide.mcu.externaltools.gnu-tools-for-stm32.11.3.rel1.win32_1.1.100.202309141235/tools/bin/../lib/gcc/arm-none-eabi/11.3.1/../../../../arm-none-eabi/lib/thumb/v7e-m+fp/hard\libc_nano.a(libc_a-memset.o)
                              D:/Study/ST/STM32CubeIDE_1.14.0/STM32CubeIDE/plugins/com.st.stm32cube.ide.mcu.externaltools.gnu-tools-for-stm32.11.3.rel1.win32_1.1.100.202309141235/tools/bin/../lib/gcc/arm-none-eabi/11.3.1/../../../../arm-none-eabi/lib/thumb/v7e-m+fp/hard/crt0.o (memset)
D:/Study/ST/STM32CubeIDE_1.14.0/STM32CubeIDE/plugins/com.st.stm32cube.ide.mcu.externaltools.gnu-tools-for-stm32.11.3.rel1.win32_1.1.100.202309141235/tools/bin/../lib/gcc/arm-none-eabi/11.3.1/../../../../arm-none-eabi/lib/thumb/v7e-m+fp/hard\libc_nano.a(libc_a-closer.o)
                              D:/Study/ST/STM32CubeIDE_1.14.0/STM32CubeIDE/plugins/com.st.stm32cube.ide.mcu.externaltools.gnu-tools-for-stm32.11.3.rel1.win32_1.1.100.202309141235/tools/bin/../lib/gcc/arm-none-eabi/11.3.1/../../../../arm-none-eabi/lib/thumb/v7e-m+fp/hard\libc_nano.a(libc_a-stdio.o) (_close_r)
D:/Study/ST/STM32CubeIDE_1.14.0/STM32CubeIDE/plugins/com.st.stm32cube.ide.mcu.externaltools.gnu-tools-for-stm32.11.3.rel1.win32_1.1.100.202309141235/tools/bin/../lib/gcc/arm-none-eabi/11.3.1/../../../../arm-none-eabi/lib/thumb/v7e-m+fp/hard\libc_nano.a(libc_a-reent.o)
                              D:/Study/ST/STM32CubeIDE_1.14.0/STM32CubeIDE/plugins/com.st.stm32cube.ide.mcu.externaltools.gnu-tools-for-stm32.11.3.rel1.win32_1.1.100.202309141235/tools/bin/../lib/gcc/arm-none-eabi/11.3.1/../../../../arm-none-eabi/lib/thumb/v7e-m+fp/hard\libc_nano.a(libc_a-closer.o) (errno)
D:/Study/ST/STM32CubeIDE_1.14.0/STM32CubeIDE/plugins/com.st.stm32cube.ide.mcu.externaltools.gnu-tools-for-stm32.11.3.rel1.win32_1.1.100.202309141235/tools/bin/../lib/gcc/arm-none-eabi/11.3.1/../../../../arm-none-eabi/lib/thumb/v7e-m+fp/hard\libc_nano.a(libc_a-impure.o)
                              D:/Study/ST/STM32CubeIDE_1.14.0/STM32CubeIDE/plugins/com.st.stm32cube.ide.mcu.externaltools.gnu-tools-for-stm32.11.3.rel1.win32_1.1.100.202309141235/tools/bin/../lib/gcc/arm-none-eabi/11.3.1/../../../../arm-none-eabi/lib/thumb/v7e-m+fp/hard\libc_nano.a(libc_a-reent.o) (_impure_ptr)
D:/Study/ST/STM32CubeIDE_1.14.0/STM32CubeIDE/plugins/com.st.stm32cube.ide.mcu.externaltools.gnu-tools-for-stm32.11.3.rel1.win32_1.1.100.202309141235/tools/bin/../lib/gcc/arm-none-eabi/11.3.1/../../../../arm-none-eabi/lib/thumb/v7e-m+fp/hard\libc_nano.a(libc_a-lseekr.o)
[...]
Memory Configuration

Name             Origin             Length             Attributes
RAM              0x0000000020000000 0x0000000000008000 xrw
FLASH            0x0000000008000000 0x0000000000020000 xr
*default*        0x0000000000000000 0xffffffffffffffff

Linker script and memory map

LOAD D:/Study/ST/STM32CubeIDE_1.14.0/STM32CubeIDE/plugins/com.st.stm32cube.ide.mcu.externaltools.gnu-tools-for-stm32.11.3.rel1.win32_1.1.100.202309141235/tools/bin/../lib/gcc/arm-none-eabi/11.3.1/thumb/v7e-m+fp/hard/crti.o
LOAD D:/Study/ST/STM32CubeIDE_1.14.0/STM32CubeIDE/plugins/com.st.stm32cube.ide.mcu.externaltools.gnu-tools-for-stm32.11.3.rel1.win32_1.1.100.202309141235/tools/bin/../lib/gcc/arm-none-eabi/11.3.1/thumb/v7e-m+fp/hard/crtbegin.o
LOAD D:/Study/ST/STM32CubeIDE_1.14.0/STM32CubeIDE/plugins/com.st.stm32cube.ide.mcu.externaltools.gnu-tools-for-stm32.11.3.rel1.win32_1.1.100.202309141235/tools/bin/../lib/gcc/arm-none-eabi/11.3.1/../../../../arm-none-eabi/lib/thumb/v7e-m+fp/hard/crt0.o
LOAD ./Core/Src/ADC.o
LOAD ./Core/Src/Buttons and Functions.o
LOAD ./Core/Src/HID.o
LOAD ./Core/Src/main.o
LOAD ./Core/Src/stm32g4xx_hal_msp.o
LOAD ./Core/Src/stm32g4xx_it.o
LOAD ./Core/Src/syscalls.o
LOAD ./Core/Src/sysmem.o
LOAD ./Core/Src/system_stm32g4xx.o
LOAD ./Core/Startup/startup_stm32g431kbux.o
LOAD ./Drivers/STM32G4xx_HAL_Driver/Src/stm32g4xx_hal.o
LOAD ./Drivers/STM32G4xx_HAL_Driver/Src/stm32g4xx_hal_adc.o
LOAD ./Drivers/STM32G4xx_HAL_Driver/Src/stm32g4xx_hal_adc_ex.o
LOAD ./Drivers/STM32G4xx_HAL_Driver/Src/stm32g4xx_hal_cortex.o
LOAD ./Drivers/STM32G4xx_HAL_Driver/Src/stm32g4xx_hal_dma.o
LOAD ./Drivers/STM32G4xx_HAL_Driver/Src/stm32g4xx_hal_dma_ex.o
LOAD ./Drivers/STM32G4xx_HAL_Driver/Src/stm32g4xx_hal_exti.o
LOAD ./Drivers/STM32G4xx_HAL_Driver/Src/stm32g4xx_hal_flash.o
LOAD ./Drivers/STM32G4xx_HAL_Driver/Src/stm32g4xx_hal_flash_ex.o
LOAD ./Drivers/STM32G4xx_HAL_Driver/Src/stm32g4xx_hal_flash_ramfunc.o
LOAD ./Drivers/STM32G4xx_HAL_Driver/Src/stm32g4xx_hal_gpio.o
LOAD ./Drivers/STM32G4xx_HAL_Driver/Src/stm32g4xx_hal_pcd.o
LOAD ./Drivers/STM32G4xx_HAL_Driver/Src/stm32g4xx_hal_pcd_ex.o
LOAD ./Drivers/STM32G4xx_HAL_Driver/Src/stm32g4xx_hal_pwr.o
LOAD ./Drivers/STM32G4xx_HAL_Driver/Src/stm32g4xx_hal_pwr_ex.o
LOAD ./Drivers/STM32G4xx_HAL_Driver/Src/stm32g4xx_hal_rcc.o
LOAD ./Drivers/STM32G4xx_HAL_Driver/Src/stm32g4xx_hal_rcc_ex.o
LOAD ./Drivers/STM32G4xx_HAL_Driver/Src/stm32g4xx_hal_tim.o
LOAD ./Drivers/STM32G4xx_HAL_Driver/Src/stm32g4xx_hal_tim_ex.o
LOAD ./Drivers/STM32G4xx_HAL_Driver/Src/stm32g4xx_ll_adc.o
LOAD ./Drivers/STM32G4xx_HAL_Driver/Src/stm32g4xx_ll_usb.o
LOAD ./Middlewares/ST/STM32_USB_Device_Library/Class/CustomHID/Src/usbd_customhid.o
LOAD ./Middlewares/ST/STM32_USB_Device_Library/Core/Src/usbd_core.o
LOAD ./Middlewares/ST/STM32_USB_Device_Library/Core/Src/usbd_ctlreq.o
LOAD ./Middlewares/ST/STM32_USB_Device_Library/Core/Src/usbd_ioreq.o
LOAD ./USB_Device/App/usb_device.o
LOAD ./USB_Device/App/usbd_custom_hid_if.o
LOAD ./USB_Device/App/usbd_desc.o
LOAD ./USB_Device/Target/usbd_conf.o
START GROUP
LOAD D:/Study/ST/STM32CubeIDE_1.14.0/STM32CubeIDE/plugins/com.st.stm32cube.ide.mcu.externaltools.gnu-tools-for-stm32.11.3.rel1.win32_1.1.100.202309141235/tools/bin/../lib/gcc/arm-none-eabi/11.3.1/../../../../arm-none-eabi/lib/thumb/v7e-m+fp/hard\libc_nano.a
LOAD D:/Study/ST/STM32CubeIDE_1.14.0/STM32CubeIDE/plugins/com.st.stm32cube.ide.mcu.externaltools.gnu-tools-for-stm32.11.3.rel1.win32_1.1.100.202309141235/tools/bin/../lib/gcc/arm-none-eabi/11.3.1/../../../../arm-none-eabi/lib/thumb/v7e-m+fp/hard\libm.a
END GROUP
START GROUP
LOAD D:/Study/ST/STM32CubeIDE_1.14.0/STM32CubeIDE/plugins/com.st.stm32cube.ide.mcu.externaltools.gnu-tools-for-stm32.11.3.rel1.win32_1.1.100.202309141235/tools/bin/../lib/gcc/arm-none-eabi/11.3.1/thumb/v7e-m+fp/hard\libgcc.a
LOAD D:/Study/ST/STM32CubeIDE_1.14.0/STM32CubeIDE/plugins/com.st.stm32cube.ide.mcu.externaltools.gnu-tools-for-stm32.11.3.rel1.win32_1.1.100.202309141235/tools/bin/../lib/gcc/arm-none-eabi/11.3.1/../../../../arm-none-eabi/lib/thumb/v7e-m+fp/hard\libc_nano.a
END GROUP
START GROUP
LOAD D:/Study/ST/STM32CubeIDE_1.14.0/STM32CubeIDE/plugins/com.st.stm32cube.ide.mcu.externaltools.gnu-tools-for-stm32.11.3.rel1.win32_1.1.100.202309141235/tools/bin/../lib/gcc/arm-none-eabi/11.3.1/thumb/v7e-m+fp/hard\libgcc.a
LOAD D:/Study/ST/STM32CubeIDE_1.14.0/STM32CubeIDE/plugins/com.st.stm32cube.ide.mcu.externaltools.gnu-tools-for-stm32.11.3.rel1.win32_1.1.100.202309141235/tools/bin/../lib/gcc/arm-none-eabi/11.3.1/../../../../arm-none-eabi/lib/thumb/v7e-m+fp/hard\libc_nano.a
LOAD D:/Study/ST/STM32CubeIDE_1.14.0/STM32CubeIDE/plugins/com.st.stm32cube.ide.mcu.externaltools.gnu-tools-for-stm32.11.3.rel1.win32_1.1.100.202309141235/tools/bin/../lib/gcc/arm-none-eabi/11.3.1/../../../../arm-none-eabi/lib/thumb/v7e-m+fp/hard\libnosys.a
END GROUP
START GROUP
LOAD D:/Study/ST/STM32CubeIDE_1.14.0/STM32CubeIDE/plugins/com.st.stm32cube.ide.mcu.externaltools.gnu-tools-for-stm32.11.3.rel1.win32_1.1.100.202309141235/tools/bin/../lib/gcc/arm-none-eabi/11.3.1/thumb/v7e-m+fp/hard\libgcc.a
LOAD D:/Study/ST/STM32CubeIDE_1.14.0/STM32CubeIDE/plugins/com.st.stm32cube.ide.mcu.externaltools.gnu-tools-for-stm32.11.3.rel1.win32_1.1.100.202309141235/tools/bin/../lib/gcc/arm-none-eabi/11.3.1/../../../../arm-none-eabi/lib/thumb/v7e-m+fp/hard\libc_nano.a
LOAD D:/Study/ST/STM32CubeIDE_1.14.0/STM32CubeIDE/plugins/com.st.stm32cube.ide.mcu.externaltools.gnu-tools-for-stm32.11.3.rel1.win32_1.1.100.202309141235/tools/bin/../lib/gcc/arm-none-eabi/11.3.1/../../../../arm-none-eabi/lib/thumb/v7e-m+fp/hard\libnosys.a
END GROUP
LOAD D:/Study/ST/STM32CubeIDE_1.14.0/STM32CubeIDE/plugins/com.st.stm32cube.ide.mcu.externaltools.gnu-tools-for-stm32.11.3.rel1.win32_1.1.100.202309141235/tools/bin/../lib/gcc/arm-none-eabi/11.3.1/thumb/v7e-m+fp/hard/crtend.o
LOAD D:/Study/ST/STM32CubeIDE_1.14.0/STM32CubeIDE/plugins/com.st.stm32cube.ide.mcu.externaltools.gnu-tools-for-stm32.11.3.rel1.win32_1.1.100.202309141235/tools/bin/../lib/gcc/arm-none-eabi/11.3.1/thumb/v7e-m+fp/hard/crtn.o
                0x0000000020008000                _estack = (ORIGIN (RAM) + LENGTH (RAM))
                0x0000000000000200                _Min_Heap_Size = 0x200
                0x0000000000000400                _Min_Stack_Size = 0x400

.isr_vector     0x0000000008000000      0x1d8
                0x0000000008000000                . = ALIGN (0x4)
 *(.isr_vector)
 .isr_vector    0x0000000008000000      0x1d8 ./Core/Startup/startup_stm32g431kbux.o
                0x0000000008000000                g_pfnVectors
                0x00000000080001d8                . = ALIGN (0x4)

.text           0x00000000080001d8     0x6fd8
                0x00000000080001d8                . = ALIGN (0x4)
 *(.text)
 .text          0x00000000080001d8       0x40 D:/Study/ST/STM32CubeIDE_1.14.0/STM32CubeIDE/plugins/com.st.stm32cube.ide.mcu.externaltools.gnu-tools-for-stm32.11.3.rel1.win32_1.1.100.202309141235/tools/bin/../lib/gcc/arm-none-eabi/11.3.1/thumb/v7e-m+fp/hard/crtbegin.o
 *(.text*)
 .text.ADC_DMA_Init
                0x0000000008000218       0x34 ./Core/Src/ADC.o
                0x0000000008000218                ADC_DMA_Init
 .text.Update_Range
                0x000000000800024c      0x114 ./Core/Src/ADC.o
                0x000000000800024c                Update_Range
 .text.ADC_Filtering
                0x0000000008000360      0x17c ./Core/Src/ADC.o
                0x0000000008000360                ADC_Filtering
 .text.ADC_Scale
                0x00000000080004dc       0xd0 ./Core/Src/ADC.o
                0x00000000080004dc                ADC_Scale
 .text.HandleButtonPress
                0x00000000080005ac       0x40 ./Core/Src/Buttons and Functions.o
                0x00000000080005ac                HandleButtonPress
 .text.ButtonStatus
                0x00000000080005ec      0x3dc ./Core/Src/Buttons and Functions.o
                0x00000000080005ec                ButtonStatus
 .text.Prepare_Data
                0x00000000080009c8       0x68 ./Core/Src/Buttons and Functions.o
                0x00000000080009c8                Prepare_Data
 .text.Set_DMA_Buffer
                0x0000000008000a30       0x4c ./Core/Src/Buttons and Functions.o
                0x0000000008000a30                Set_DMA_Buffer
 .text.Set_Color
                0x0000000008000a7c       0x24 ./Core/Src/Buttons and Functions.o
                0x0000000008000a7c                Set_Color
 .text.Start_PWM
                0x0000000008000aa0       0x1c ./Core/Src/Buttons and Functions.o
                0x0000000008000aa0                Start_PWM
 .text.BacklightOff
                0x0000000008000abc       0x1e ./Core/Src/Buttons and Functions.o
                0x0000000008000abc                BacklightOff
 .text.BacklightOn
                0x0000000008000ada       0x1e ./Core/Src/Buttons and Functions.o
                0x0000000008000ada                BacklightOn
 .text.HAL_TIM_PeriodElapsedCallback
                0x0000000008000af8      0x1a0 ./Core/Src/Buttons and Functions.o
                0x0000000008000af8                HAL_TIM_PeriodElapsedCallback
 .text.SendReport
                0x0000000008000c98       0x1c ./Core/Src/HID.o
                0x0000000008000c98                SendReport
 .text.MX_GPIO_Init
                0x0000000008000cb4      0x148 ./Core/Src/main.o
 .text.MX_DMA_Init
                0x0000000008000dfc       0x44 ./Core/Src/main.o
 .text.HAL_GPIO_EXTI_Callback
                0x0000000008000e40        0x8 ./Core/Src/main.o
                0x0000000008000e40                HAL_GPIO_EXTI_Callback
 .text.Error_Handler
                0x0000000008000e48        0x4 ./Core/Src/main.o
                0x0000000008000e48                Error_Handler
 .text.MX_ADC1_Init
                0x0000000008000e4c       0xc0 ./Core/Src/main.o
 .text.MX_TIM6_Init
                0x0000000008000f0c       0x50 ./Core/Src/main.o
 .text.MX_TIM17_Init
                0x0000000008000f5c       0x38 ./Core/Src/main.o
 .text.MX_TIM7_Init
                0x0000000008000f94       0x4c ./Core/Src/main.o
 .text.MX_TIM16_Init
                0x0000000008000fe0       0x38 ./Core/Src/main.o
 .text.MX_ADC2_Init
                0x0000000008001018       0xac ./Core/Src/main.o
 .text.MX_TIM3_Init
                0x00000000080010c4       0x7c ./Core/Src/main.o
 .text.SystemClock_Config
                0x0000000008001140       0x72 ./Core/Src/main.o
                0x0000000008001140                SystemClock_Config
 *fill*         0x00000000080011b2        0x2 
 .text.main     0x00000000080011b4       0x54 ./Core/Src/main.o
                0x00000000080011b4                main
 .text.HAL_MspInit
                0x0000000008001208       0x38 ./Core/Src/stm32g4xx_hal_msp.o
                0x0000000008001208                HAL_MspInit
 .text.HAL_ADC_MspInit
                0x0000000008001240      0x190 ./Core/Src/stm32g4xx_hal_msp.o
                0x0000000008001240                HAL_ADC_MspInit
 .text.HAL_TIM_PWM_MspInit
                0x00000000080013d0       0x74 ./Core/Src/stm32g4xx_hal_msp.o
                0x00000000080013d0                HAL_TIM_PWM_MspInit
 .text.HAL_TIM_Base_MspInit
                0x0000000008001444       0xc0 ./Core/Src/stm32g4xx_hal_msp.o
                0x0000000008001444                HAL_TIM_Base_MspInit
 .text.HAL_TIM_MspPostInit
                0x0000000008001504       0x50 ./Core/Src/stm32g4xx_hal_msp.o
                0x0000000008001504                HAL_TIM_MspPostInit
 .text.NMI_Handler
                0x0000000008001554        0x2 ./Core/Src/stm32g4xx_it.o
                0x0000000008001554                NMI_Handler
 .text.HardFault_Handler
                0x0000000008001556        0x2 ./Core/Src/stm32g4xx_it.o
                0x0000000008001556                HardFault_Handler
 .text.MemManage_Handler
                0x0000000008001558        0x2 ./Core/Src/stm32g4xx_it.o
                0x0000000008001558                MemManage_Handler
 .text.BusFault_Handler
                0x000000000800155a        0x2 ./Core/Src/stm32g4xx_it.o
                0x000000000800155a                BusFault_Handler
 .text.UsageFault_Handler
                0x000000000800155c        0x2 ./Core/Src/stm32g4xx_it.o
                0x000000000800155c                UsageFault_Handler
 .text.SVC_Handler
                0x000000000800155e        0x2 ./Core/Src/stm32g4xx_it.o
                0x000000000800155e                SVC_Handler
 .text.DebugMon_Handler
                0x0000000008001560        0x2 ./Core/Src/stm32g4xx_it.o
                0x0000000008001560                DebugMon_Handler
 .text.PendSV_Handler
                0x0000000008001562        0x2 ./Core/Src/stm32g4xx_it.o
                0x0000000008001562                PendSV_Handler
 .text.SysTick_Handler
                0x0000000008001564        0x8 ./Core/Src/stm32g4xx_it.o
                0x0000000008001564                SysTick_Handler
 .text.EXTI0_IRQHandler
                0x000000000800156c        0xa ./Core/Src/stm32g4xx_it.o
                0x000000000800156c                EXTI0_IRQHandler
 .text.EXTI3_IRQHandler
                0x0000000008001576        0xa ./Core/Src/stm32g4xx_it.o
                0x0000000008001576                EXTI3_IRQHandler
 .text.EXTI4_IRQHandler
                0x0000000008001580        0xa ./Core/Src/stm32g4xx_it.o
                0x0000000008001580                EXTI4_IRQHandler
 *fill*         0x000000000800158a        0x2 
 .text.DMA1_Channel3_IRQHandler
                0x000000000800158c       0x10 ./Core/Src/stm32g4xx_it.o
                0x000000000800158c                DMA1_Channel3_IRQHandler
 .text.USB_LP_IRQHandler
                0x000000000800159c       0x10 ./Core/Src/stm32g4xx_it.o
                0x000000000800159c                USB_LP_IRQHandler
 .text.EXTI9_5_IRQHandler
                0x00000000080015ac       0x26 ./Core/Src/stm32g4xx_it.o
                0x00000000080015ac                EXTI9_5_IRQHandler
 *fill*         0x00000000080015d2        0x2 
 .text.TIM1_UP_TIM16_IRQHandler
                0x00000000080015d4       0x10 ./Core/Src/stm32g4xx_it.o
                0x00000000080015d4                TIM1_UP_TIM16_IRQHandler
 .text.TIM1_TRG_COM_TIM17_IRQHandler
                0x00000000080015e4       0x10 ./Core/Src/stm32g4xx_it.o
                0x00000000080015e4                TIM1_TRG_COM_TIM17_IRQHandler
 .text.EXTI15_10_IRQHandler
                0x00000000080015f4       0x24 ./Core/Src/stm32g4xx_it.o
                0x00000000080015f4                EXTI15_10_IRQHandler
 .text.TIM7_IRQHandler
                0x0000000008001618       0x10 ./Core/Src/stm32g4xx_it.o
                0x0000000008001618                TIM7_IRQHandler
 .text.SystemInit
                0x0000000008001628       0x14 ./Core/Src/system_stm32g4xx.o
                0x0000000008001628                SystemInit
 .text.Reset_Handler
                0x000000000800163c       0x50 ./Core/Startup/startup_stm32g431kbux.o
                0x000000000800163c                Reset_Handler
 .text.Default_Handler
                0x000000000800168c        0x2 ./Core/Startup/startup_stm32g431kbux.o
                0x000000000800168c                RTC_Alarm_IRQHandler
                0x000000000800168c                EXTI2_IRQHandler
                0x000000000800168c                TIM8_TRG_COM_IRQHandler
                0x000000000800168c                TIM8_CC_IRQHandler
                0x000000000800168c                TIM1_CC_IRQHandler
                0x000000000800168c                USB_HP_IRQHandler
                0x000000000800168c                CORDIC_IRQHandler
                0x000000000800168c                I2C3_ER_IRQHandler
                0x000000000800168c                I2C2_EV_IRQHandler
                0x000000000800168c                FPU_IRQHandler
                0x000000000800168c                FDCAN1_IT1_IRQHandler
                0x000000000800168c                ADC1_2_IRQHandler
                0x000000000800168c                SPI1_IRQHandler
                0x000000000800168c                TIM6_DAC_IRQHandler
                0x000000000800168c                TIM8_UP_IRQHandler
                0x000000000800168c                DMA2_Channel2_IRQHandler
                0x000000000800168c                DMA1_Channel4_IRQHandler
                0x000000000800168c                USART3_IRQHandler
                0x000000000800168c                TIM4_IRQHandler
                0x000000000800168c                DMA2_Channel1_IRQHandler
                0x000000000800168c                I2C1_EV_IRQHandler
                0x000000000800168c                DMA1_Channel6_IRQHandler
                0x000000000800168c                UART4_IRQHandler
                0x000000000800168c                DMA2_Channel4_IRQHandler
                0x000000000800168c                TIM3_IRQHandler
                0x000000000800168c                RCC_IRQHandler
                0x000000000800168c                DMA1_Channel1_IRQHandler
                0x000000000800168c                Default_Handler
                0x000000000800168c                RTC_TAMP_LSECSS_IRQHandler
                0x000000000800168c                FMAC_IRQHandler
                0x000000000800168c                UCPD1_IRQHandler
                0x000000000800168c                I2C3_EV_IRQHandler
                0x000000000800168c                RTC_WKUP_IRQHandler
                0x000000000800168c                PVD_PVM_IRQHandler
                0x000000000800168c                SPI2_IRQHandler
                0x000000000800168c                DMA2_Channel5_IRQHandler
                0x000000000800168c                CRS_IRQHandler
                0x000000000800168c                DMA1_Channel5_IRQHandler
                0x000000000800168c                RNG_IRQHandler
                0x000000000800168c                WWDG_IRQHandler
                0x000000000800168c                LPUART1_IRQHandler
                0x000000000800168c                DMA2_Channel6_IRQHandler
                0x000000000800168c                FDCAN1_IT0_IRQHandler
                0x000000000800168c                TIM2_IRQHandler
                0x000000000800168c                COMP1_2_3_IRQHandler
                0x000000000800168c                EXTI1_IRQHandler
                0x000000000800168c                USART2_IRQHandler
                0x000000000800168c                I2C2_ER_IRQHandler
                0x000000000800168c                DMA1_Channel2_IRQHandler
                0x000000000800168c                TIM8_BRK_IRQHandler
                0x000000000800168c                FLASH_IRQHandler
                0x000000000800168c                USART1_IRQHandler
                0x000000000800168c                SPI3_IRQHandler
                0x000000000800168c                I2C1_ER_IRQHandler
                0x000000000800168c                LPTIM1_IRQHandler
                0x000000000800168c                DMAMUX_OVR_IRQHandler
                0x000000000800168c                USBWakeUp_IRQHandler
                0x000000000800168c                SAI1_IRQHandler
                0x000000000800168c                DMA2_Channel3_IRQHandler
                0x000000000800168c                COMP4_IRQHandler
                0x000000000800168c                TIM1_BRK_TIM15_IRQHandler
 *fill*         0x000000000800168e        0x2 
 .text.HAL_InitTick
                0x0000000008001690       0x50 ./Drivers/STM32G4xx_HAL_Driver/Src/stm32g4xx_hal.o
                0x0000000008001690                HAL_InitTick
 .text.HAL_Init
                0x00000000080016e0       0x1e ./Drivers/STM32G4xx_HAL_Driver/Src/stm32g4xx_hal.o
                0x00000000080016e0                HAL_Init
 *fill*         0x00000000080016fe        0x2 
 .text.HAL_IncTick
                0x0000000008001700       0x18 ./Drivers/STM32G4xx_HAL_Driver/Src/stm32g4xx_hal.o
                0x0000000008001700                HAL_IncTick
 .text.HAL_GetTick
                0x0000000008001718        0xc ./Drivers/STM32G4xx_HAL_Driver/Src/stm32g4xx_hal.o
                0x0000000008001718                HAL_GetTick
 .text.HAL_Delay
                0x0000000008001724       0x28 ./Drivers/STM32G4xx_HAL_Driver/Src/stm32g4xx_hal.o
                0x0000000008001724                HAL_Delay
 .text.HAL_ADC_Init
                0x000000000800174c      0x234 ./Drivers/STM32G4xx_HAL_Driver/Src/stm32g4xx_hal_adc.o
                0x000000000800174c                HAL_ADC_Init
 .text.HAL_ADC_ConvCpltCallback
                0x0000000008001980        0x2 ./Drivers/STM32G4xx_HAL_Driver/Src/stm32g4xx_hal_adc.o
                0x0000000008001980                HAL_ADC_ConvCpltCallback
 .text.HAL_ADC_ConvHalfCpltCallback
                0x0000000008001982        0x2 ./Drivers/STM32G4xx_HAL_Driver/Src/stm32g4xx_hal_adc.o
                0x0000000008001982                HAL_ADC_ConvHalfCpltCallback
 .text.ADC_DMAHalfConvCplt
                0x0000000008001984        0xa ./Drivers/STM32G4xx_HAL_Driver/Src/stm32g4xx_hal_adc.o
                0x0000000008001984                ADC_DMAHalfConvCplt
 .text.HAL_ADC_ErrorCallback
                0x000000000800198e        0x2 ./Drivers/STM32G4xx_HAL_Driver/Src/stm32g4xx_hal_adc.o
                0x000000000800198e                HAL_ADC_ErrorCallback
 .text.ADC_DMAConvCplt
                0x0000000008001990       0x88 ./Drivers/STM32G4xx_HAL_Driver/Src/stm32g4xx_hal_adc.o
                0x0000000008001990                ADC_DMAConvCplt
 .text.ADC_DMAError
                0x0000000008001a18       0x1a ./Drivers/STM32G4xx_HAL_Driver/Src/stm32g4xx_hal_adc.o
                0x0000000008001a18                ADC_DMAError
 *fill*         0x0000000008001a32        0x2 
 .text.HAL_ADC_ConfigChannel
                0x0000000008001a34      0x4dc ./Drivers/STM32G4xx_HAL_Driver/Src/stm32g4xx_hal_adc.o
                0x0000000008001a34                HAL_ADC_ConfigChannel
 .text.ADC_Enable
                0x0000000008001f10       0xdc ./Drivers/STM32G4xx_HAL_Driver/Src/stm32g4xx_hal_adc.o
                0x0000000008001f10                ADC_Enable
 .text.HAL_ADC_Start_DMA
                0x0000000008001fec      0x104 ./Drivers/STM32G4xx_HAL_Driver/Src/stm32g4xx_hal_adc.o
                0x0000000008001fec                HAL_ADC_Start_DMA
 .text.HAL_ADCEx_MultiModeConfigChannel
                0x00000000080020f0      0x114 ./Drivers/STM32G4xx_HAL_Driver/Src/stm32g4xx_hal_adc_ex.o
                0x00000000080020f0                HAL_ADCEx_MultiModeConfigChannel
 .text.HAL_NVIC_SetPriorityGrouping
                0x0000000008002204       0x24 ./Drivers/STM32G4xx_HAL_Driver/Src/stm32g4xx_hal_cortex.o
                0x0000000008002204                HAL_NVIC_SetPriorityGrouping
 .text.HAL_NVIC_SetPriority
                0x0000000008002228       0x70 ./Drivers/STM32G4xx_HAL_Driver/Src/stm32g4xx_hal_cortex.o
                0x0000000008002228                HAL_NVIC_SetPriority
 .text.HAL_NVIC_EnableIRQ
                0x0000000008002298       0x1c ./Drivers/STM32G4xx_HAL_Driver/Src/stm32g4xx_hal_cortex.o
                0x0000000008002298                HAL_NVIC_EnableIRQ
 .text.HAL_SYSTICK_Config
                0x00000000080022b4       0x28 ./Drivers/STM32G4xx_HAL_Driver/Src/stm32g4xx_hal_cortex.o
                0x00000000080022b4                HAL_SYSTICK_Config
 .text.DMA_SetConfig
                0x00000000080022dc       0x42 ./Drivers/STM32G4xx_HAL_Driver/Src/stm32g4xx_hal_dma.o
 *fill*         0x000000000800231e        0x2 
 .text.DMA_CalcDMAMUXChannelBaseAndMask
                0x0000000008002320       0x48 ./Drivers/STM32G4xx_HAL_Driver/Src/stm32g4xx_hal_dma.o
 .text.DMA_CalcDMAMUXRequestGenBaseAndMask
                0x0000000008002368       0x28 ./Drivers/STM32G4xx_HAL_Driver/Src/stm32g4xx_hal_dma.o
 .text.HAL_DMA_Init
                0x0000000008002390       0xd8 ./Drivers/STM32G4xx_HAL_Driver/Src/stm32g4xx_hal_dma.o
                0x0000000008002390                HAL_DMA_Init
 .text.HAL_DMA_Start_IT
                0x0000000008002468       0x94 ./Drivers/STM32G4xx_HAL_Driver/Src/stm32g4xx_hal_dma.o
                0x0000000008002468                HAL_DMA_Start_IT
 .text.HAL_DMA_IRQHandler
                0x00000000080024fc       0xc4 ./Drivers/STM32G4xx_HAL_Driver/Src/stm32g4xx_hal_dma.o
                0x00000000080024fc                HAL_DMA_IRQHandler
 .text.HAL_GPIO_Init
                0x00000000080025c0      0x1d4 ./Drivers/STM32G4xx_HAL_Driver/Src/stm32g4xx_hal_gpio.o
                0x00000000080025c0                HAL_GPIO_Init
 .text.HAL_GPIO_ReadPin
                0x0000000008002794        0xe ./Drivers/STM32G4xx_HAL_Driver/Src/stm32g4xx_hal_gpio.o
                0x0000000008002794                HAL_GPIO_ReadPin
 *fill*         0x00000000080027a2        0x2 
 .text.HAL_GPIO_EXTI_IRQHandler
                0x00000000080027a4       0x1c ./Drivers/STM32G4xx_HAL_Driver/Src/stm32g4xx_hal_gpio.o
                0x00000000080027a4                HAL_GPIO_EXTI_IRQHandler
 .text.HAL_PCD_EP_DB_Receive
                0x00000000080027c0      0x118 ./Drivers/STM32G4xx_HAL_Driver/Src/stm32g4xx_hal_pcd.o
 .text.HAL_PCD_Init
                0x00000000080028d8       0xb6 ./Drivers/STM32G4xx_HAL_Driver/Src/stm32g4xx_hal_pcd.o
                0x00000000080028d8                HAL_PCD_Init
 .text.HAL_PCD_Start
                0x000000000800298e       0x2a ./Drivers/STM32G4xx_HAL_Driver/Src/stm32g4xx_hal_pcd.o
                0x000000000800298e                HAL_PCD_Start
 .text.HAL_PCD_EP_DB_Transmit
                0x00000000080029b8      0x414 ./Drivers/STM32G4xx_HAL_Driver/Src/stm32g4xx_hal_pcd.o
 .text.PCD_EP_ISR_Handler
                0x0000000008002dcc      0x52e ./Drivers/STM32G4xx_HAL_Driver/Src/stm32g4xx_hal_pcd.o
 .text.HAL_PCD_SetAddress
                0x00000000080032fa       0x26 ./Drivers/STM32G4xx_HAL_Driver/Src/stm32g4xx_hal_pcd.o
                0x00000000080032fa                HAL_PCD_SetAddress
 .text.HAL_PCD_IRQHandler
                0x0000000008003320      0x1b2 ./Drivers/STM32G4xx_HAL_Driver/Src/stm32g4xx_hal_pcd.o
                0x0000000008003320                HAL_PCD_IRQHandler
 .text.HAL_PCD_EP_Open
                0x00000000080034d2       0x84 ./Drivers/STM32G4xx_HAL_Driver/Src/stm32g4xx_hal_pcd.o
                0x00000000080034d2                HAL_PCD_EP_Open
 .text.HAL_PCD_EP_Close
                0x0000000008003556       0x6c ./Drivers/STM32G4xx_HAL_Driver/Src/stm32g4xx_hal_pcd.o
                0x0000000008003556                HAL_PCD_EP_Close
 .text.HAL_PCD_EP_Receive
                0x00000000080035c2       0x3a ./Drivers/STM32G4xx_HAL_Driver/Src/stm32g4xx_hal_pcd.o
                0x00000000080035c2                HAL_PCD_EP_Receive
 .text.HAL_PCD_EP_Transmit
                0x00000000080035fc       0x4c ./Drivers/STM32G4xx_HAL_Driver/Src/stm32g4xx_hal_pcd.o
                0x00000000080035fc                HAL_PCD_EP_Transmit
 .text.HAL_PCD_EP_SetStall
                0x0000000008003648       0x72 ./Drivers/STM32G4xx_HAL_Driver/Src/stm32g4xx_hal_pcd.o
                0x0000000008003648                HAL_PCD_EP_SetStall
 .text.HAL_PCD_EP_ClrStall
                0x00000000080036ba       0x7e ./Drivers/STM32G4xx_HAL_Driver/Src/stm32g4xx_hal_pcd.o
                0x00000000080036ba                HAL_PCD_EP_ClrStall
 .text.HAL_PCDEx_PMAConfig
                0x0000000008003738       0x38 ./Drivers/STM32G4xx_HAL_Driver/Src/stm32g4xx_hal_pcd_ex.o
                0x0000000008003738                HAL_PCDEx_PMAConfig
 .text.HAL_PCDEx_ActivateLPM
                0x0000000008003770       0x2c ./Drivers/STM32G4xx_HAL_Driver/Src/stm32g4xx_hal_pcd_ex.o
                0x0000000008003770                HAL_PCDEx_ActivateLPM
 .text.HAL_PWREx_ControlVoltageScaling
                0x000000000800379c      0x10c ./Drivers/STM32G4xx_HAL_Driver/Src/stm32g4xx_hal_pwr_ex.o
                0x000000000800379c                HAL_PWREx_ControlVoltageScaling
 .text.HAL_PWREx_DisableUCPDDeadBattery
                0x00000000080038a8       0x10 ./Drivers/STM32G4xx_HAL_Driver/Src/stm32g4xx_hal_pwr_ex.o
                0x00000000080038a8                HAL_PWREx_DisableUCPDDeadBattery
 .text.RCC_GetSysClockFreqFromPLLSource
                0x00000000080038b8       0x58 ./Drivers/STM32G4xx_HAL_Driver/Src/stm32g4xx_hal_rcc.o
 .text.HAL_RCC_OscConfig
                0x0000000008003910      0x4e4 ./Drivers/STM32G4xx_HAL_Driver/Src/stm32g4xx_hal_rcc.o
                0x0000000008003910                HAL_RCC_OscConfig
 .text.HAL_RCC_GetSysClockFreq
                0x0000000008003df4       0x88 ./Drivers/STM32G4xx_HAL_Driver/Src/stm32g4xx_hal_rcc.o
                0x0000000008003df4                HAL_RCC_GetSysClockFreq
 .text.HAL_RCC_ClockConfig
                0x0000000008003e7c      0x1f8 ./Drivers/STM32G4xx_HAL_Driver/Src/stm32g4xx_hal_rcc.o
                0x0000000008003e7c                HAL_RCC_ClockConfig
 .text.HAL_RCCEx_PeriphCLKConfig
                0x0000000008004074      0x2e4 ./Drivers/STM32G4xx_HAL_Driver/Src/stm32g4xx_hal_rcc_ex.o
                0x0000000008004074                HAL_RCCEx_PeriphCLKConfig
 .text.TIM_OC1_SetConfig
                0x0000000008004358       0x9c ./Drivers/STM32G4xx_HAL_Driver/Src/stm32g4xx_hal_tim.o
 .text.TIM_OC3_SetConfig
                0x00000000080043f4       0x8c ./Drivers/STM32G4xx_HAL_Driver/Src/stm32g4xx_hal_tim.o
 .text.TIM_OC4_SetConfig
                0x0000000008004480       0x8c ./Drivers/STM32G4xx_HAL_Driver/Src/stm32g4xx_hal_tim.o
 .text.TIM_OC5_SetConfig
                0x000000000800450c       0x68 ./Drivers/STM32G4xx_HAL_Driver/Src/stm32g4xx_hal_tim.o
 .text.TIM_OC6_SetConfig
                0x0000000008004574       0x6c ./Drivers/STM32G4xx_HAL_Driver/Src/stm32g4xx_hal_tim.o
 .text.HAL_TIM_Base_Start
                0x00000000080045e0       0x7c ./Drivers/STM32G4xx_HAL_Driver/Src/stm32g4xx_hal_tim.o
                0x00000000080045e0                HAL_TIM_Base_Start
 .text.HAL_TIM_Base_Start_IT
                0x000000000800465c       0x84 ./Drivers/STM32G4xx_HAL_Driver/Src/stm32g4xx_hal_tim.o
                0x000000000800465c                HAL_TIM_Base_Start_IT
 .text.HAL_TIM_OC_DelayElapsedCallback
                0x00000000080046e0        0x2 ./Drivers/STM32G4xx_HAL_Driver/Src/stm32g4xx_hal_tim.o
                0x00000000080046e0                HAL_TIM_OC_DelayElapsedCallback
 .text.HAL_TIM_IC_CaptureCallback
                0x00000000080046e2        0x2 ./Drivers/STM32G4xx_HAL_Driver/Src/stm32g4xx_hal_tim.o
                0x00000000080046e2                HAL_TIM_IC_CaptureCallback
 .text.HAL_TIM_PWM_PulseFinishedCallback
                0x00000000080046e4        0x2 ./Drivers/STM32G4xx_HAL_Driver/Src/stm32g4xx_hal_tim.o
                0x00000000080046e4                HAL_TIM_PWM_PulseFinishedCallback
 .text.TIM_DMADelayPulseCplt
                0x00000000080046e6       0x70 ./Drivers/STM32G4xx_HAL_Driver/Src/stm32g4xx_hal_tim.o
 .text.HAL_TIM_PWM_PulseFinishedHalfCpltCallback
                0x0000000008004756        0x2 ./Drivers/STM32G4xx_HAL_Driver/Src/stm32g4xx_hal_tim.o
                0x0000000008004756                HAL_TIM_PWM_PulseFinishedHalfCpltCallback
 .text.TIM_DMADelayPulseHalfCplt
                0x0000000008004758       0x3e ./Drivers/STM32G4xx_HAL_Driver/Src/stm32g4xx_hal_tim.o
                0x0000000008004758                TIM_DMADelayPulseHalfCplt
 .text.HAL_TIM_TriggerCallback
                0x0000000008004796        0x2 ./Drivers/STM32G4xx_HAL_Driver/Src/stm32g4xx_hal_tim.o
                0x0000000008004796                HAL_TIM_TriggerCallback
 .text.HAL_TIM_IRQHandler
                0x0000000008004798      0x1ea ./Drivers/STM32G4xx_HAL_Driver/Src/stm32g4xx_hal_tim.o
                0x0000000008004798                HAL_TIM_IRQHandler
 .text.HAL_TIM_ErrorCallback
                0x0000000008004982        0x2 ./Drivers/STM32G4xx_HAL_Driver/Src/stm32g4xx_hal_tim.o
                0x0000000008004982                HAL_TIM_ErrorCallback
 .text.TIM_DMAError
                0x0000000008004984       0x5c ./Drivers/STM32G4xx_HAL_Driver/Src/stm32g4xx_hal_tim.o
                0x0000000008004984                TIM_DMAError
 .text.TIM_Base_SetConfig
                0x00000000080049e0       0xc8 ./Drivers/STM32G4xx_HAL_Driver/Src/stm32g4xx_hal_tim.o
                0x00000000080049e0                TIM_Base_SetConfig
 .text.HAL_TIM_Base_Init
                0x0000000008004aa8       0x60 ./Drivers/STM32G4xx_HAL_Driver/Src/stm32g4xx_hal_tim.o
                0x0000000008004aa8                HAL_TIM_Base_Init
 .text.HAL_TIM_PWM_Init
                0x0000000008004b08       0x60 ./Drivers/STM32G4xx_HAL_Driver/Src/stm32g4xx_hal_tim.o
                0x0000000008004b08                HAL_TIM_PWM_Init
 .text.TIM_OC2_SetConfig
                0x0000000008004b68       0x8c ./Drivers/STM32G4xx_HAL_Driver/Src/stm32g4xx_hal_tim.o
                0x0000000008004b68                TIM_OC2_SetConfig
 .text.HAL_TIM_PWM_ConfigChannel
                0x0000000008004bf4      0x13a ./Drivers/STM32G4xx_HAL_Driver/Src/stm32g4xx_hal_tim.o
                0x0000000008004bf4                HAL_TIM_PWM_ConfigChannel
 .text.TIM_CCxChannelCmd
                0x0000000008004d2e       0x1e ./Drivers/STM32G4xx_HAL_Driver/Src/stm32g4xx_hal_tim.o
                0x0000000008004d2e                TIM_CCxChannelCmd
 .text.HAL_TIM_PWM_Start_DMA
                0x0000000008004d4c      0x2fc ./Drivers/STM32G4xx_HAL_Driver/Src/stm32g4xx_hal_tim.o
                0x0000000008004d4c                HAL_TIM_PWM_Start_DMA
 .text.HAL_TIMEx_MasterConfigSynchronization
                0x0000000008005048       0x94 ./Drivers/STM32G4xx_HAL_Driver/Src/stm32g4xx_hal_tim_ex.o
                0x0000000008005048                HAL_TIMEx_MasterConfigSynchronization
 .text.HAL_TIMEx_CommutCallback
                0x00000000080050dc        0x2 ./Drivers/STM32G4xx_HAL_Driver/Src/stm32g4xx_hal_tim_ex.o
                0x00000000080050dc                HAL_TIMEx_CommutCallback
 .text.HAL_TIMEx_BreakCallback
                0x00000000080050de        0x2 ./Drivers/STM32G4xx_HAL_Driver/Src/stm32g4xx_hal_tim_ex.o
                0x00000000080050de                HAL_TIMEx_BreakCallback
 .text.HAL_TIMEx_Break2Callback
                0x00000000080050e0        0x2 ./Drivers/STM32G4xx_HAL_Driver/Src/stm32g4xx_hal_tim_ex.o
                0x00000000080050e0                HAL_TIMEx_Break2Callback
 .text.HAL_TIMEx_EncoderIndexCallback
                0x00000000080050e2        0x2 ./Drivers/STM32G4xx_HAL_Driver/Src/stm32g4xx_hal_tim_ex.o
                0x00000000080050e2                HAL_TIMEx_EncoderIndexCallback
 .text.HAL_TIMEx_DirectionChangeCallback
                0x00000000080050e4        0x2 ./Drivers/STM32G4xx_HAL_Driver/Src/stm32g4xx_hal_tim_ex.o
                0x00000000080050e4                HAL_TIMEx_DirectionChangeCallback
 .text.HAL_TIMEx_IndexErrorCallback
                0x00000000080050e6        0x2 ./Drivers/STM32G4xx_HAL_Driver/Src/stm32g4xx_hal_tim_ex.o
                0x00000000080050e6                HAL_TIMEx_IndexErrorCallback
 .text.HAL_TIMEx_TransitionErrorCallback
                0x00000000080050e8        0x2 ./Drivers/STM32G4xx_HAL_Driver/Src/stm32g4xx_hal_tim_ex.o
                0x00000000080050e8                HAL_TIMEx_TransitionErrorCallback
 .text.USB_EnableGlobalInt
                0x00000000080050ea       0x12 ./Drivers/STM32G4xx_HAL_Driver/Src/stm32g4xx_ll_usb.o
                0x00000000080050ea                USB_EnableGlobalInt
 .text.USB_DisableGlobalInt
                0x00000000080050fc       0x14 ./Drivers/STM32G4xx_HAL_Driver/Src/stm32g4xx_ll_usb.o
                0x00000000080050fc                USB_DisableGlobalInt
 .text.USB_DevInit
                0x0000000008005110       0x22 ./Drivers/STM32G4xx_HAL_Driver/Src/stm32g4xx_ll_usb.o
                0x0000000008005110                USB_DevInit
 .text.USB_ActivateEndpoint
                0x0000000008005132      0x3cc ./Drivers/STM32G4xx_HAL_Driver/Src/stm32g4xx_ll_usb.o
                0x0000000008005132                USB_ActivateEndpoint
 .text.USB_DeactivateEndpoint
                0x00000000080054fe      0x1d6 ./Drivers/STM32G4xx_HAL_Driver/Src/stm32g4xx_ll_usb.o
                0x00000000080054fe                USB_DeactivateEndpoint
 .text.USB_EPSetStall
                0x00000000080056d4       0x4a ./Drivers/STM32G4xx_HAL_Driver/Src/stm32g4xx_ll_usb.o
                0x00000000080056d4                USB_EPSetStall
 .text.USB_EPClearStall
                0x000000000800571e       0xa2 ./Drivers/STM32G4xx_HAL_Driver/Src/stm32g4xx_ll_usb.o
                0x000000000800571e                USB_EPClearStall
 .text.USB_SetDevAddress
                0x00000000080057c0        0xc ./Drivers/STM32G4xx_HAL_Driver/Src/stm32g4xx_ll_usb.o
                0x00000000080057c0                USB_SetDevAddress
 .text.USB_DevConnect
                0x00000000080057cc       0x16 ./Drivers/STM32G4xx_HAL_Driver/Src/stm32g4xx_ll_usb.o
                0x00000000080057cc                USB_DevConnect
 .text.USB_ReadInterrupts
                0x00000000080057e2        0x8 ./Drivers/STM32G4xx_HAL_Driver/Src/stm32g4xx_ll_usb.o
                0x00000000080057e2                USB_ReadInterrupts
 .text.USB_WritePMA
                0x00000000080057ea       0x24 ./Drivers/STM32G4xx_HAL_Driver/Src/stm32g4xx_ll_usb.o
                0x00000000080057ea                USB_WritePMA
 .text.USB_EPStartXfer
                0x000000000800580e      0x7ce ./Drivers/STM32G4xx_HAL_Driver/Src/stm32g4xx_ll_usb.o
                0x000000000800580e                USB_EPStartXfer
 .text.USB_ReadPMA
                0x0000000008005fdc       0x30 ./Drivers/STM32G4xx_HAL_Driver/Src/stm32g4xx_ll_usb.o
                0x0000000008005fdc                USB_ReadPMA
 .text.USBD_CUSTOM_HID_GetFSCfgDesc
                0x000000000800600c        0xc ./Middlewares/ST/STM32_USB_Device_Library/Class/CustomHID/Src/usbd_customhid.o
 .text.USBD_CUSTOM_HID_GetHSCfgDesc
                0x0000000008006018        0xc ./Middlewares/ST/STM32_USB_Device_Library/Class/CustomHID/Src/usbd_customhid.o
 .text.USBD_CUSTOM_HID_GetOtherSpeedCfgDesc
                0x0000000008006024        0xc ./Middlewares/ST/STM32_USB_Device_Library/Class/CustomHID/Src/usbd_customhid.o
 .text.USBD_CUSTOM_HID_DataIn
                0x0000000008006030        0xc ./Middlewares/ST/STM32_USB_Device_Library/Class/CustomHID/Src/usbd_customhid.o
 .text.USBD_CUSTOM_HID_DataOut
                0x000000000800603c       0x1c ./Middlewares/ST/STM32_USB_Device_Library/Class/CustomHID/Src/usbd_customhid.o
 .text.USBD_CUSTOM_HID_EP0_RxReady
                0x0000000008006058       0x28 ./Middlewares/ST/STM32_USB_Device_Library/Class/CustomHID/Src/usbd_customhid.o
 .text.USBD_CUSTOM_HID_GetDeviceQualifierDesc
                0x0000000008006080        0xc ./Middlewares/ST/STM32_USB_Device_Library/Class/CustomHID/Src/usbd_customhid.o
 .text.USBD_CUSTOM_HID_Setup
                0x000000000800608c      0x138 ./Middlewares/ST/STM32_USB_Device_Library/Class/CustomHID/Src/usbd_customhid.o
 .text.USBD_CUSTOM_HID_DeInit
                0x00000000080061c4       0x3e ./Middlewares/ST/STM32_USB_Device_Library/Class/CustomHID/Src/usbd_customhid.o
 .text.USBD_CUSTOM_HID_Init
                0x0000000008006202       0x70 ./Middlewares/ST/STM32_USB_Device_Library/Class/CustomHID/Src/usbd_customhid.o
 .text.USBD_CUSTOM_HID_SendReport
                0x0000000008006272       0x3e ./Middlewares/ST/STM32_USB_Device_Library/Class/CustomHID/Src/usbd_customhid.o
                0x0000000008006272                USBD_CUSTOM_HID_SendReport
 .text.USBD_CUSTOM_HID_ReceivePacket
                0x00000000080062b0       0x18 ./Middlewares/ST/STM32_USB_Device_Library/Class/CustomHID/Src/usbd_customhid.o
                0x00000000080062b0                USBD_CUSTOM_HID_ReceivePacket
 .text.USBD_CUSTOM_HID_RegisterInterface
                0x00000000080062c8        0xe ./Middlewares/ST/STM32_USB_Device_Library/Class/CustomHID/Src/usbd_customhid.o
                0x00000000080062c8                USBD_CUSTOM_HID_RegisterInterface
 .text.USBD_Init
                0x00000000080062d6       0x2e ./Middlewares/ST/STM32_USB_Device_Library/Core/Src/usbd_core.o
                0x00000000080062d6                USBD_Init
 .text.USBD_RegisterClass
                0x0000000008006304       0x2e ./Middlewares/ST/STM32_USB_Device_Library/Core/Src/usbd_core.o
                0x0000000008006304                USBD_RegisterClass
 .text.USBD_Start
                0x0000000008006332        0x8 ./Middlewares/ST/STM32_USB_Device_Library/Core/Src/usbd_core.o
                0x0000000008006332                USBD_Start
 .text.USBD_SetClassConfig
                0x000000000800633a       0x12 ./Middlewares/ST/STM32_USB_Device_Library/Core/Src/usbd_core.o
                0x000000000800633a                USBD_SetClassConfig
 .text.USBD_ClrClassConfig
                0x000000000800634c       0x10 ./Middlewares/ST/STM32_USB_Device_Library/Core/Src/usbd_core.o
                0x000000000800634c                USBD_ClrClassConfig
 .text.USBD_LL_SetupStage
                0x000000000800635c       0x58 ./Middlewares/ST/STM32_USB_Device_Library/Core/Src/usbd_core.o
                0x000000000800635c                USBD_LL_SetupStage
 .text.USBD_LL_DataOutStage
                0x00000000080063b4       0x78 ./Middlewares/ST/STM32_USB_Device_Library/Core/Src/usbd_core.o
                0x00000000080063b4                USBD_LL_DataOutStage
 .text.USBD_LL_DataInStage
                0x000000000800642c       0xbe ./Middlewares/ST/STM32_USB_Device_Library/Core/Src/usbd_core.o
                0x000000000800642c                USBD_LL_DataInStage
 .text.USBD_LL_Reset
                0x00000000080064ea       0x5a ./Middlewares/ST/STM32_USB_Device_Library/Core/Src/usbd_core.o
                0x00000000080064ea                USBD_LL_Reset
 .text.USBD_LL_SetSpeed
                0x0000000008006544        0x6 ./Middlewares/ST/STM32_USB_Device_Library/Core/Src/usbd_core.o
                0x0000000008006544                USBD_LL_SetSpeed
 .text.USBD_LL_Suspend
                0x000000000800654a       0x14 ./Middlewares/ST/STM32_USB_Device_Library/Core/Src/usbd_core.o
                0x000000000800654a                USBD_LL_Suspend
 .text.USBD_LL_Resume
                0x000000000800655e       0x1a ./Middlewares/ST/STM32_USB_Device_Library/Core/Src/usbd_core.o
                0x000000000800655e                USBD_LL_Resume
 .text.USBD_LL_SOF
                0x0000000008006578       0x28 ./Middlewares/ST/STM32_USB_Device_Library/Core/Src/usbd_core.o
                0x0000000008006578                USBD_LL_SOF
 .text.USBD_GetLen
                0x00000000080065a0       0x14 ./Middlewares/ST/STM32_USB_Device_Library/Core/Src/usbd_ctlreq.o
 .text.USBD_SetFeature
                0x00000000080065b4       0x14 ./Middlewares/ST/STM32_USB_Device_Library/Core/Src/usbd_ctlreq.o
 .text.USBD_ParseSetupRequest
                0x00000000080065c8       0x28 ./Middlewares/ST/STM32_USB_Device_Library/Core/Src/usbd_ctlreq.o
                0x00000000080065c8                USBD_ParseSetupRequest
 .text.USBD_CtlError
                0x00000000080065f0       0x14 ./Middlewares/ST/STM32_USB_Device_Library/Core/Src/usbd_ctlreq.o
                0x00000000080065f0                USBD_CtlError
 .text.USBD_GetDescriptor
                0x0000000008006604      0x1ac ./Middlewares/ST/STM32_USB_Device_Library/Core/Src/usbd_ctlreq.o
 .text.USBD_SetAddress
                0x00000000080067b0       0x50 ./Middlewares/ST/STM32_USB_Device_Library/Core/Src/usbd_ctlreq.o
 .text.USBD_SetConfig
                0x0000000008006800       0xc8 ./Middlewares/ST/STM32_USB_Device_Library/Core/Src/usbd_ctlreq.o
 .text.USBD_GetConfig
                0x00000000080068c8       0x40 ./Middlewares/ST/STM32_USB_Device_Library/Core/Src/usbd_ctlreq.o
 .text.USBD_GetStatus
                0x0000000008006908       0x38 ./Middlewares/ST/STM32_USB_Device_Library/Core/Src/usbd_ctlreq.o
 .text.USBD_ClrFeature
                0x0000000008006940       0x26 ./Middlewares/ST/STM32_USB_Device_Library/Core/Src/usbd_ctlreq.o
 .text.USBD_StdDevReq
                0x0000000008006966       0x70 ./Middlewares/ST/STM32_USB_Device_Library/Core/Src/usbd_ctlreq.o
                0x0000000008006966                USBD_StdDevReq
 .text.USBD_StdItfReq
                0x00000000080069d6       0x68 ./Middlewares/ST/STM32_USB_Device_Library/Core/Src/usbd_ctlreq.o
                0x00000000080069d6                USBD_StdItfReq
 .text.USBD_StdEPReq
                0x0000000008006a3e      0x1ec ./Middlewares/ST/STM32_USB_Device_Library/Core/Src/usbd_ctlreq.o
                0x0000000008006a3e                USBD_StdEPReq
 .text.USBD_GetString
                0x0000000008006c2a       0x3a ./Middlewares/ST/STM32_USB_Device_Library/Core/Src/usbd_ctlreq.o
                0x0000000008006c2a                USBD_GetString
 .text.USBD_CtlSendData
                0x0000000008006c64       0x1a ./Middlewares/ST/STM32_USB_Device_Library/Core/Src/usbd_ioreq.o
                0x0000000008006c64                USBD_CtlSendData
 .text.USBD_CtlContinueSendData
                0x0000000008006c7e       0x10 ./Middlewares/ST/STM32_USB_Device_Library/Core/Src/usbd_ioreq.o
                0x0000000008006c7e                USBD_CtlContinueSendData
 .text.USBD_CtlPrepareRx
                0x0000000008006c8e       0x1e ./Middlewares/ST/STM32_USB_Device_Library/Core/Src/usbd_ioreq.o
                0x0000000008006c8e                USBD_CtlPrepareRx
 .text.USBD_CtlContinueRx
                0x0000000008006cac       0x10 ./Middlewares/ST/STM32_USB_Device_Library/Core/Src/usbd_ioreq.o
                0x0000000008006cac                USBD_CtlContinueRx
 .text.USBD_CtlSendStatus
                0x0000000008006cbc       0x16 ./Middlewares/ST/STM32_USB_Device_Library/Core/Src/usbd_ioreq.o
                0x0000000008006cbc                USBD_CtlSendStatus
 .text.USBD_CtlReceiveStatus
                0x0000000008006cd2       0x16 ./Middlewares/ST/STM32_USB_Device_Library/Core/Src/usbd_ioreq.o
                0x0000000008006cd2                USBD_CtlReceiveStatus
 .text.MX_USB_Device_Init
                0x0000000008006ce8       0x54 ./USB_Device/App/usb_device.o
                0x0000000008006ce8                MX_USB_Device_Init
 .text.CUSTOM_HID_Init_FS
                0x0000000008006d3c        0x4 ./USB_Device/App/usbd_custom_hid_if.o
 .text.CUSTOM_HID_DeInit_FS
                0x0000000008006d40        0x4 ./USB_Device/App/usbd_custom_hid_if.o
 .text.CUSTOM_HID_OutEvent_FS
                0x0000000008006d44       0x10 ./USB_Device/App/usbd_custom_hid_if.o
 .text.USBD_CUSTOM_HID_DeviceDescriptor
                0x0000000008006d54        0xc ./USB_Device/App/usbd_desc.o
                0x0000000008006d54                USBD_CUSTOM_HID_DeviceDescriptor
 .text.USBD_CUSTOM_HID_LangIDStrDescriptor
                0x0000000008006d60        0xc ./USB_Device/App/usbd_desc.o
                0x0000000008006d60                USBD_CUSTOM_HID_LangIDStrDescriptor
 .text.IntToUnicode
                0x0000000008006d6c       0x46 ./USB_Device/App/usbd_desc.o
 *fill*         0x0000000008006db2        0x2 
 .text.Get_SerialNum
                0x0000000008006db4       0x38 ./USB_Device/App/usbd_desc.o
 .text.USBD_CUSTOM_HID_SerialStrDescriptor
                0x0000000008006dec       0x14 ./USB_Device/App/usbd_desc.o
                0x0000000008006dec                USBD_CUSTOM_HID_SerialStrDescriptor
 .text.USBD_CUSTOM_HID_ProductStrDescriptor
                0x0000000008006e00       0x24 ./USB_Device/App/usbd_desc.o
                0x0000000008006e00                USBD_CUSTOM_HID_ProductStrDescriptor
 .text.USBD_CUSTOM_HID_ManufacturerStrDescriptor
                0x0000000008006e24       0x1c ./USB_Device/App/usbd_desc.o
                0x0000000008006e24                USBD_CUSTOM_HID_ManufacturerStrDescriptor
 .text.USBD_CUSTOM_HID_ConfigStrDescriptor
                0x0000000008006e40       0x24 ./USB_Device/App/usbd_desc.o
                0x0000000008006e40                USBD_CUSTOM_HID_ConfigStrDescriptor
 .text.USBD_CUSTOM_HID_InterfaceStrDescriptor
                0x0000000008006e64       0x24 ./USB_Device/App/usbd_desc.o
                0x0000000008006e64                USBD_CUSTOM_HID_InterfaceStrDescriptor
 .text.USBD_Get_USB_Status
                0x0000000008006e88       0x14 ./USB_Device/Target/usbd_conf.o
 .text.SystemClockConfig_Resume
                0x0000000008006e9c        0x8 ./USB_Device/Target/usbd_conf.o
 .text.HAL_PCD_MspInit
                0x0000000008006ea4       0x64 ./USB_Device/Target/usbd_conf.o
                0x0000000008006ea4                HAL_PCD_MspInit
 .text.HAL_PCD_SetupStageCallback
                0x0000000008006f08       0x10 ./USB_Device/Target/usbd_conf.o
                0x0000000008006f08                HAL_PCD_SetupStageCallback
 .text.HAL_PCD_DataOutStageCallback
                0x0000000008006f18       0x18 ./USB_Device/Target/usbd_conf.o
                0x0000000008006f18                HAL_PCD_DataOutStageCallback
 .text.HAL_PCD_DataInStageCallback
                0x0000000008006f30       0x16 ./USB_Device/Target/usbd_conf.o
                0x0000000008006f30                HAL_PCD_DataInStageCallback
 .text.HAL_PCD_SOFCallback
                0x0000000008006f46        0xc ./USB_Device/Target/usbd_conf.o
                0x0000000008006f46                HAL_PCD_SOFCallback
 .text.HAL_PCD_ResetCallback
                0x0000000008006f52       0x24 ./USB_Device/Target/usbd_conf.o
                0x0000000008006f52                HAL_PCD_ResetCallback
 *fill*         0x0000000008006f76        0x2 
 .text.HAL_PCD_SuspendCallback
                0x0000000008006f78       0x20 ./USB_Device/Target/usbd_conf.o
                0x0000000008006f78                HAL_PCD_SuspendCallback
 .text.HAL_PCD_ResumeCallback
                0x0000000008006f98       0x28 ./USB_Device/Target/usbd_conf.o
                0x0000000008006f98                HAL_PCD_ResumeCallback
 .text.USBD_LL_Init
                0x0000000008006fc0       0x78 ./USB_Device/Target/usbd_conf.o
                0x0000000008006fc0                USBD_LL_Init
 .text.USBD_LL_Start
                0x0000000008007038       0x10 ./USB_Device/Target/usbd_conf.o
                0x0000000008007038                USBD_LL_Start
 .text.USBD_LL_OpenEP
                0x0000000008007048       0x16 ./USB_Device/Target/usbd_conf.o
                0x0000000008007048                USBD_LL_OpenEP
 .text.USBD_LL_CloseEP
                0x000000000800705e       0x10 ./USB_Device/Target/usbd_conf.o
                0x000000000800705e                USBD_LL_CloseEP
 .text.USBD_LL_StallEP
                0x000000000800706e       0x10 ./USB_Device/Target/usbd_conf.o
                0x000000000800706e                USBD_LL_StallEP
 .text.USBD_LL_ClearStallEP
                0x000000000800707e       0x10 ./USB_Device/Target/usbd_conf.o
                0x000000000800707e                USBD_LL_ClearStallEP
 .text.USBD_LL_IsStallEP
                0x000000000800708e       0x2c ./USB_Device/Target/usbd_conf.o
                0x000000000800708e                USBD_LL_IsStallEP
 .text.USBD_LL_SetUSBAddress
                0x00000000080070ba       0x10 ./USB_Device/Target/usbd_conf.o
                0x00000000080070ba                USBD_LL_SetUSBAddress
 .text.USBD_LL_Transmit
                0x00000000080070ca       0x10 ./USB_Device/Target/usbd_conf.o
                0x00000000080070ca                USBD_LL_Transmit
 .text.USBD_LL_PrepareReceive
                0x00000000080070da       0x10 ./USB_Device/Target/usbd_conf.o
                0x00000000080070da                USBD_LL_PrepareReceive
 *fill*         0x00000000080070ea        0x2 
 .text.HAL_PCDEx_LPM_Callback
                0x00000000080070ec       0x48 ./USB_Device/Target/usbd_conf.o
                0x00000000080070ec                HAL_PCDEx_LPM_Callback
 .text.USBD_static_malloc
                0x0000000008007134        0x8 ./USB_Device/Target/usbd_conf.o
                0x0000000008007134                USBD_static_malloc
 .text.USBD_static_free
                0x000000000800713c        0x2 ./USB_Device/Target/usbd_conf.o
                0x000000000800713c                USBD_static_free
 .text.memset   0x000000000800713e       0x10 D:/Study/ST/STM32CubeIDE_1.14.0/STM32CubeIDE/plugins/com.st.stm32cube.ide.mcu.externaltools.gnu-tools-for-stm32.11.3.rel1.win32_1.1.100.202309141235/tools/bin/../lib/gcc/arm-none-eabi/11.3.1/../../../../arm-none-eabi/lib/thumb/v7e-m+fp/hard\libc_nano.a(libc_a-memset.o)
                0x000000000800713e                memset
 *fill*         0x000000000800714e        0x2 
 .text.__libc_init_array
                0x0000000008007150       0x48 D:/Study/ST/STM32CubeIDE_1.14.0/STM32CubeIDE/plugins/com.st.stm32cube.ide.mcu.externaltools.gnu-tools-for-stm32.11.3.rel1.win32_1.1.100.202309141235/tools/bin/../lib/gcc/arm-none-eabi/11.3.1/../../../../arm-none-eabi/lib/thumb/v7e-m+fp/hard\libc_nano.a(libc_a-init.o)
                0x0000000008007150                __libc_init_array
 *(.glue_7)
 .glue_7        0x0000000008007198        0x0 linker stubs
 *(.glue_7t)
 .glue_7t       0x0000000008007198        0x0 linker stubs
 *(.eh_frame)
 .eh_frame      0x0000000008007198        0x0 D:/Study/ST/STM32CubeIDE_1.14.0/STM32CubeIDE/plugins/com.st.stm32cube.ide.mcu.externaltools.gnu-tools-for-stm32.11.3.rel1.win32_1.1.100.202309141235/tools/bin/../lib/gcc/arm-none-eabi/11.3.1/thumb/v7e-m+fp/hard/crtbegin.o
 *(.init)
 .init          0x0000000008007198        0x4 D:/Study/ST/STM32CubeIDE_1.14.0/STM32CubeIDE/plugins/com.st.stm32cube.ide.mcu.externaltools.gnu-tools-for-stm32.11.3.rel1.win32_1.1.100.202309141235/tools/bin/../lib/gcc/arm-none-eabi/11.3.1/thumb/v7e-m+fp/hard/crti.o
                0x0000000008007198                _init
 .init          0x000000000800719c        0x8 D:/Study/ST/STM32CubeIDE_1.14.0/STM32CubeIDE/plugins/com.st.stm32cube.ide.mcu.externaltools.gnu-tools-for-stm32.11.3.rel1.win32_1.1.100.202309141235/tools/bin/../lib/gcc/arm-none-eabi/11.3.1/thumb/v7e-m+fp/hard/crtn.o
 *(.fini)
 .fini          0x00000000080071a4        0x4 D:/Study/ST/STM32CubeIDE_1.14.0/STM32CubeIDE/plugins/com.st.stm32cube.ide.mcu.externaltools.gnu-tools-for-stm32.11.3.rel1.win32_1.1.100.202309141235/tools/bin/../lib/gcc/arm-none-eabi/11.3.1/thumb/v7e-m+fp/hard/crti.o
                0x00000000080071a4                _fini
 .fini          0x00000000080071a8        0x8 D:/Study/ST/STM32CubeIDE_1.14.0/STM32CubeIDE/plugins/com.st.stm32cube.ide.mcu.externaltools.gnu-tools-for-stm32.11.3.rel1.win32_1.1.100.202309141235/tools/bin/../lib/gcc/arm-none-eabi/11.3.1/thumb/v7e-m+fp/hard/crtn.o
                0x00000000080071b0                . = ALIGN (0x4)
                0x00000000080071b0                _etext = .

.vfp11_veneer   0x00000000080071b0        0x0
 .vfp11_veneer  0x00000000080071b0        0x0 linker stubs

.v4_bx          0x00000000080071b0        0x0
 .v4_bx         0x00000000080071b0        0x0 linker stubs

.iplt           0x00000000080071b0        0x0
 .iplt          0x00000000080071b0        0x0 D:/Study/ST/STM32CubeIDE_1.14.0/STM32CubeIDE/plugins/com.st.stm32cube.ide.mcu.externaltools.gnu-tools-for-stm32.11.3.rel1.win32_1.1.100.202309141235/tools/bin/../lib/gcc/arm-none-eabi/11.3.1/thumb/v7e-m+fp/hard/crtbegin.o

.rodata         0x00000000080071b0       0x38
                0x00000000080071b0                . = ALIGN (0x4)
 *(.rodata)
 *(.rodata*)
 .rodata.AHBPrescTable
                0x00000000080071b0       0x10 ./Core/Src/system_stm32g4xx.o
                0x00000000080071b0                AHBPrescTable
 .rodata.USBD_CUSTOM_HID_ProductStrDescriptor.str1.4
                0x00000000080071c0        0xa ./USB_Device/App/usbd_desc.o
 *fill*         0x00000000080071ca        0x2 
 .rodata.USBD_CUSTOM_HID_ManufacturerStrDescriptor.str1.4
                0x00000000080071cc       0x13 ./USB_Device/App/usbd_desc.o
 *fill*         0x00000000080071df        0x1 
 .rodata.USBD_CUSTOM_HID_ConfigStrDescriptor.str1.4
                0x00000000080071e0        0x8 ./USB_Device/App/usbd_desc.o
                0x00000000080071e8                . = ALIGN (0x4)

.rel.dyn        0x00000000080071e8        0x0
 .rel.iplt      0x00000000080071e8        0x0 D:/Study/ST/STM32CubeIDE_1.14.0/STM32CubeIDE/plugins/com.st.stm32cube.ide.mcu.externaltools.gnu-tools-for-stm32.11.3.rel1.win32_1.1.100.202309141235/tools/bin/../lib/gcc/arm-none-eabi/11.3.1/thumb/v7e-m+fp/hard/crtbegin.o

.ARM.extab      0x00000000080071e8        0x0
                0x00000000080071e8                . = ALIGN (0x4)
 *(.ARM.extab* .gnu.linkonce.armextab.*)
                0x00000000080071e8                . = ALIGN (0x4)

.ARM            0x00000000080071e8        0x0
                0x00000000080071e8                . = ALIGN (0x4)
                0x00000000080071e8                __exidx_start = .
 *(.ARM.exidx*)
                0x00000000080071e8                __exidx_end = .
                0x00000000080071e8                . = ALIGN (0x4)

.preinit_array  0x00000000080071e8        0x0
                0x00000000080071e8                . = ALIGN (0x4)
                0x00000000080071e8                PROVIDE (__preinit_array_start = .)
 *(.preinit_array*)
                0x00000000080071e8                PROVIDE (__preinit_array_end = .)
                0x00000000080071e8                . = ALIGN (0x4)

.init_array     0x00000000080071e8        0x4
                0x00000000080071e8                . = ALIGN (0x4)
                0x00000000080071e8                PROVIDE (__init_array_start = .)
 *(SORT_BY_NAME(.init_array.*))
 *(.init_array*)
 .init_array    0x00000000080071e8        0x4 D:/Study/ST/STM32CubeIDE_1.14.0/STM32CubeIDE/plugins/com.st.stm32cube.ide.mcu.externaltools.gnu-tools-for-stm32.11.3.rel1.win32_1.1.100.202309141235/tools/bin/../lib/gcc/arm-none-eabi/11.3.1/thumb/v7e-m+fp/hard/crtbegin.o
                0x00000000080071ec                PROVIDE (__init_array_end = .)
                0x00000000080071ec                . = ALIGN (0x4)

.fini_array     0x00000000080071ec        0x4
                0x00000000080071ec                . = ALIGN (0x4)
                [!provide]                        PROVIDE (__fini_array_start = .)
 *(SORT_BY_NAME(.fini_array.*))
 *(.fini_array*)
 .fini_array    0x00000000080071ec        0x4 D:/Study/ST/STM32CubeIDE_1.14.0/STM32CubeIDE/plugins/com.st.stm32cube.ide.mcu.externaltools.gnu-tools-for-stm32.11.3.rel1.win32_1.1.100.202309141235/tools/bin/../lib/gcc/arm-none-eabi/11.3.1/thumb/v7e-m+fp/hard/crtbegin.o
                [!provide]                        PROVIDE (__fini_array_end = .)
                0x00000000080071f0                . = ALIGN (0x4)
                0x00000000080071f0                _sidata = LOADADDR (.data)

.data           0x0000000020000000      0x1ac load address 0x00000000080071f0
                0x0000000020000000                . = ALIGN (0x4)
                0x0000000020000000                _sdata = .
 *(.data)
 *(.data*)
 .data.max_central_zone
                0x0000000020000000        0x2 ./Core/Src/ADC.o
                0x0000000020000000                max_central_zone
 .data.min_central_zone
                0x0000000020000002        0x2 ./Core/Src/ADC.o
                0x0000000020000002                min_central_zone
 .data.min_even1_val
                0x0000000020000004        0x2 ./Core/Src/ADC.o
                0x0000000020000004                min_even1_val
 .data.min_even2_val
                0x0000000020000006        0x2 ./Core/Src/ADC.o
                0x0000000020000006                min_even2_val
 .data.min_odd1_val
                0x0000000020000008        0x2 ./Core/Src/ADC.o
                0x0000000020000008                min_odd1_val
 .data.min_odd2_val
                0x000000002000000a        0x2 ./Core/Src/ADC.o
                0x000000002000000a                min_odd2_val
 .data.SystemCoreClock
                0x000000002000000c        0x4 ./Core/Src/system_stm32g4xx.o
                0x000000002000000c                SystemCoreClock
 .data.uwTickFreq
                0x0000000020000010        0x4 ./Drivers/STM32G4xx_HAL_Driver/Src/stm32g4xx_hal.o
                0x0000000020000010                uwTickFreq
 .data.uwTickPrio
                0x0000000020000014        0x4 ./Drivers/STM32G4xx_HAL_Driver/Src/stm32g4xx_hal.o
                0x0000000020000014                uwTickPrio
 .data.USBD_CUSTOM_HID
                0x0000000020000018       0x38 ./Middlewares/ST/STM32_USB_Device_Library/Class/CustomHID/Src/usbd_customhid.o
                0x0000000020000018                USBD_CUSTOM_HID
 .data.USBD_CUSTOM_HID_CfgFSDesc
                0x0000000020000050       0x29 ./Middlewares/ST/STM32_USB_Device_Library/Class/CustomHID/Src/usbd_customhid.o
 *fill*         0x0000000020000079        0x3 
 .data.USBD_CUSTOM_HID_CfgHSDesc
                0x000000002000007c       0x29 ./Middlewares/ST/STM32_USB_Device_Library/Class/CustomHID/Src/usbd_customhid.o
 *fill*         0x00000000200000a5        0x3 
 .data.USBD_CUSTOM_HID_Desc
                0x00000000200000a8        0x9 ./Middlewares/ST/STM32_USB_Device_Library/Class/CustomHID/Src/usbd_customhid.o
 *fill*         0x00000000200000b1        0x3 
 .data.USBD_CUSTOM_HID_DeviceQualifierDesc
                0x00000000200000b4        0xa ./Middlewares/ST/STM32_USB_Device_Library/Class/CustomHID/Src/usbd_customhid.o
 *fill*         0x00000000200000be        0x2 
 .data.USBD_CUSTOM_HID_OtherSpeedCfgDesc
                0x00000000200000c0       0x29 ./Middlewares/ST/STM32_USB_Device_Library/Class/CustomHID/Src/usbd_customhid.o
 *fill*         0x00000000200000e9        0x3 
 .data.CUSTOM_HID_ReportDesc_FS
                0x00000000200000ec       0x5a ./USB_Device/App/usbd_custom_hid_if.o
 *fill*         0x0000000020000146        0x2 
 .data.USBD_CustomHID_fops_FS
                0x0000000020000148       0x10 ./USB_Device/App/usbd_custom_hid_if.o
                0x0000000020000148                USBD_CustomHID_fops_FS
 .data.CUSTOM_HID_Desc
                0x0000000020000158       0x20 ./USB_Device/App/usbd_desc.o
                0x0000000020000158                CUSTOM_HID_Desc
 .data.USBD_CUSTOM_HID_DeviceDesc
                0x0000000020000178       0x12 ./USB_Device/App/usbd_desc.o
                0x0000000020000178                USBD_CUSTOM_HID_DeviceDesc
 *fill*         0x000000002000018a        0x2 
 .data.USBD_LangIDDesc
                0x000000002000018c        0x4 ./USB_Device/App/usbd_desc.o
                0x000000002000018c                USBD_LangIDDesc
 .data.USBD_StringSerial
                0x0000000020000190       0x1a ./USB_Device/App/usbd_desc.o
                0x0000000020000190                USBD_StringSerial
 *(.RamFunc)
 *(.RamFunc*)
                0x00000000200001ac                . = ALIGN (0x4)
 *fill*         0x00000000200001aa        0x2 
                0x00000000200001ac                _edata = .

.igot.plt       0x00000000200001ac        0x0 load address 0x000000000800739c
 .igot.plt      0x00000000200001ac        0x0 D:/Study/ST/STM32CubeIDE_1.14.0/STM32CubeIDE/plugins/com.st.stm32cube.ide.mcu.externaltools.gnu-tools-for-stm32.11.3.rel1.win32_1.1.100.202309141235/tools/bin/../lib/gcc/arm-none-eabi/11.3.1/thumb/v7e-m+fp/hard/crtbegin.o
                0x00000000200001ac                . = ALIGN (0x4)

.bss            0x00000000200001ac     0x124c load address 0x000000000800739c
                0x00000000200001ac                _sbss = .
                0x00000000200001ac                __bss_start__ = _sbss
 *(.bss)
 .bss           0x00000000200001ac       0x1c D:/Study/ST/STM32CubeIDE_1.14.0/STM32CubeIDE/plugins/com.st.stm32cube.ide.mcu.externaltools.gnu-tools-for-stm32.11.3.rel1.win32_1.1.100.202309141235/tools/bin/../lib/gcc/arm-none-eabi/11.3.1/thumb/v7e-m+fp/hard/crtbegin.o
 *(.bss*)
 .bss.adc_buffer1
                0x00000000200001c8        0x4 ./Core/Src/ADC.o
 .bss.adc_buffer2
                0x00000000200001cc        0x4 ./Core/Src/ADC.o
 .bss.adc_x1    0x00000000200001d0        0x2 ./Core/Src/ADC.o
                0x00000000200001d0                adc_x1
 .bss.adc_x2    0x00000000200001d2        0x2 ./Core/Src/ADC.o
                0x00000000200001d2                adc_x2
 .bss.adc_y1    0x00000000200001d4        0x2 ./Core/Src/ADC.o
                0x00000000200001d4                adc_y1
 .bss.adc_y2    0x00000000200001d6        0x2 ./Core/Src/ADC.o
                0x00000000200001d6                adc_y2
 .bss.max_even1_val
                0x00000000200001d8        0x2 ./Core/Src/ADC.o
                0x00000000200001d8                max_even1_val
 .bss.max_even2_val
                0x00000000200001da        0x2 ./Core/Src/ADC.o
                0x00000000200001da                max_even2_val
 .bss.max_odd1_val
                0x00000000200001dc        0x2 ./Core/Src/ADC.o
                0x00000000200001dc                max_odd1_val
 .bss.max_odd2_val
                0x00000000200001de        0x2 ./Core/Src/ADC.o
                0x00000000200001de                max_odd2_val
 .bss.CurrentState
                0x00000000200001e0        0x1 ./Core/Src/Buttons and Functions.o
                0x00000000200001e0                CurrentState
 *fill*         0x00000000200001e1        0x3 
 .bss.LED_Data  0x00000000200001e4       0x60 ./Core/Src/Buttons and Functions.o
                0x00000000200001e4                LED_Data
 .bss.check_status
                0x0000000020000244        0x1 ./Core/Src/Buttons and Functions.o
 *fill*         0x0000000020000245        0x3 
 .bss.color     0x0000000020000248        0x4 ./Core/Src/Buttons and Functions.o
                0x0000000020000248                color
 .bss.dmaBuff   0x000000002000024c      0x300 ./Core/Src/Buttons and Functions.o
                0x000000002000024c                dmaBuff
 .bss.flag_down
                0x000000002000054c        0x1 ./Core/Src/Buttons and Functions.o
                0x000000002000054c                flag_down
 .bss.flag_left
                0x000000002000054d        0x1 ./Core/Src/Buttons and Functions.o
                0x000000002000054d                flag_left
 .bss.flag_right
                0x000000002000054e        0x1 ./Core/Src/Buttons and Functions.o
                0x000000002000054e                flag_right
 .bss.flag_up   0x000000002000054f        0x1 ./Core/Src/Buttons and Functions.o
                0x000000002000054f                flag_up
 .bss.light_on  0x0000000020000550        0x1 ./Core/Src/Buttons and Functions.o
 *fill*         0x0000000020000551        0x3 
 .bss.overflow_count
                0x0000000020000554        0x4 ./Core/Src/Buttons and Functions.o
                0x0000000020000554                overflow_count
 .bss.pwmData   0x0000000020000558      0x300 ./Core/Src/Buttons and Functions.o
                0x0000000020000558                pwmData
 .bss.status_flag1
                0x0000000020000858        0x1 ./Core/Src/Buttons and Functions.o
 .bss.status_flag2
                0x0000000020000859        0x1 ./Core/Src/Buttons and Functions.o
 *fill*         0x000000002000085a        0x2 
 .bss.gamepad_report
                0x000000002000085c        0xb ./Core/Src/HID.o
                0x000000002000085c                gamepad_report
 .bss.A         0x0000000020000867        0x1 ./Core/Src/main.o
                0x0000000020000867                A
 .bss.hadc1     0x0000000020000868       0x6c ./Core/Src/main.o
                0x0000000020000868                hadc1
 .bss.hadc2     0x00000000200008d4       0x6c ./Core/Src/main.o
                0x00000000200008d4                hadc2
 .bss.hdma_adc1
                0x0000000020000940       0x60 ./Core/Src/main.o
                0x0000000020000940                hdma_adc1
 .bss.hdma_adc2
                0x00000000200009a0       0x60 ./Core/Src/main.o
                0x00000000200009a0                hdma_adc2
 .bss.hdma_tim3_ch2
                0x0000000020000a00       0x60 ./Core/Src/main.o
                0x0000000020000a00                hdma_tim3_ch2
 .bss.htim16    0x0000000020000a60       0x4c ./Core/Src/main.o
                0x0000000020000a60                htim16
 .bss.htim17    0x0000000020000aac       0x4c ./Core/Src/main.o
                0x0000000020000aac                htim17
 .bss.htim3     0x0000000020000af8       0x4c ./Core/Src/main.o
                0x0000000020000af8                htim3
 .bss.htim6     0x0000000020000b44       0x4c ./Core/Src/main.o
                0x0000000020000b44                htim6
 .bss.htim7     0x0000000020000b90       0x4c ./Core/Src/main.o
                0x0000000020000b90                htim7
 .bss.last_gpioa_state
                0x0000000020000bdc        0x2 ./Core/Src/main.o
                0x0000000020000bdc                last_gpioa_state
 .bss.last_gpiob_state
                0x0000000020000bde        0x2 ./Core/Src/main.o
                0x0000000020000bde                last_gpiob_state
 .bss.last_hat_b_state
                0x0000000020000be0        0x2 ./Core/Src/main.o
                0x0000000020000be0                last_hat_b_state
 .bss.prev_hat_b_state
                0x0000000020000be2        0x2 ./Core/Src/main.o
                0x0000000020000be2                prev_hat_b_state
 .bss.previous_gpioa_state
                0x0000000020000be4        0x2 ./Core/Src/main.o
                0x0000000020000be4                previous_gpioa_state
 .bss.previous_gpiob_state
                0x0000000020000be6        0x2 ./Core/Src/main.o
                0x0000000020000be6                previous_gpiob_state
 .bss.HAL_RCC_ADC12_CLK_ENABLED
                0x0000000020000be8        0x4 ./Core/Src/stm32g4xx_hal_msp.o
 .bss.uwTick    0x0000000020000bec        0x4 ./Drivers/STM32G4xx_HAL_Driver/Src/stm32g4xx_hal.o
                0x0000000020000bec                uwTick
 .bss.cfgidx.0  0x0000000020000bf0        0x1 ./Middlewares/ST/STM32_USB_Device_Library/Core/Src/usbd_ctlreq.o
 *fill*         0x0000000020000bf1        0x3 
 .bss.hUsbDeviceFS
                0x0000000020000bf4      0x2d0 ./USB_Device/App/usb_device.o
                0x0000000020000bf4                hUsbDeviceFS
 .bss.USBD_StrDesc
                0x0000000020000ec4      0x200 ./USB_Device/App/usbd_desc.o
                0x0000000020000ec4                USBD_StrDesc
 .bss.hpcd_USB_FS
                0x00000000200010c4      0x2dc ./USB_Device/Target/usbd_conf.o
                0x00000000200010c4                hpcd_USB_FS
 .bss.mem.0     0x00000000200013a0       0x58 ./USB_Device/Target/usbd_conf.o
 *(COMMON)
                0x00000000200013f8                . = ALIGN (0x4)
                0x00000000200013f8                _ebss = .
                0x00000000200013f8                __bss_end__ = _ebss

._user_heap_stack
                0x00000000200013f8      0x600 load address 0x000000000800739c
                0x00000000200013f8                . = ALIGN (0x8)
                [!provide]                        PROVIDE (end = .)
                0x00000000200013f8                PROVIDE (_end = .)
                0x00000000200015f8                . = (. + _Min_Heap_Size)
 *fill*         0x00000000200013f8      0x200 
                0x00000000200019f8                . = (. + _Min_Stack_Size)
 *fill*         0x00000000200015f8      0x400 
                0x00000000200019f8                . = ALIGN (0x8)

/DISCARD/
 libc.a(*)
 libm.a(*)
 libgcc.a(*)

.ARM.attributes
                0x0000000000000000       0x30
 *(.ARM.attributes)
 .ARM.attributes
                0x0000000000000000       0x1e D:/Study/ST/STM32CubeIDE_1.14.0/STM32CubeIDE/plugins/com.st.stm32cube.ide.mcu.externaltools.gnu-tools-for-stm32.11.3.rel1.win32_1.1.100.202309141235/tools/bin/../lib/gcc/arm-none-eabi/11.3.1/thumb/v7e-m+fp/hard/crti.o
 .ARM.attributes
                0x000000000000001e       0x34 D:/Study/ST/STM32CubeIDE_1.14.0/STM32CubeIDE/plugins/com.st.stm32cube.ide.mcu.externaltools.gnu-tools-for-stm32.11.3.rel1.win32_1.1.100.202309141235/tools/bin/../lib/gcc/arm-none-eabi/11.3.1/thumb/v7e-m+fp/hard/crtbegin.o
 .ARM.attributes
                0x0000000000000052       0x34 ./Core/Src/ADC.o
 .ARM.attributes
                0x0000000000000086       0x34 ./Core/Src/Buttons and Functions.o
 .ARM.attributes
                0x00000000000000ba       0x34 ./Core/Src/HID.o
 .ARM.attributes
                0x00000000000000ee       0x34 ./Core/Src/main.o
 .ARM.attributes
                0x0000000000000122       0x34 ./Core/Src/stm32g4xx_hal_msp.o
 .ARM.attributes
                0x0000000000000156       0x34 ./Core/Src/stm32g4xx_it.o
 .ARM.attributes
                0x000000000000018a       0x34 ./Core/Src/system_stm32g4xx.o
 .ARM.attributes
                0x00000000000001be       0x21 ./Core/Startup/startup_stm32g431kbux.o
 .ARM.attributes
                0x00000000000001df       0x34 ./Drivers/STM32G4xx_HAL_Driver/Src/stm32g4xx_hal.o
 .ARM.attributes
                0x0000000000000213       0x34 ./Drivers/STM32G4xx_HAL_Driver/Src/stm32g4xx_hal_adc.o
 .ARM.attributes
                0x0000000000000247       0x34 ./Drivers/STM32G4xx_HAL_Driver/Src/stm32g4xx_hal_adc_ex.o
 .ARM.attributes
                0x000000000000027b       0x34 ./Drivers/STM32G4xx_HAL_Driver/Src/stm32g4xx_hal_cortex.o
 .ARM.attributes
                0x00000000000002af       0x34 ./Drivers/STM32G4xx_HAL_Driver/Src/stm32g4xx_hal_dma.o
 .ARM.attributes
                0x00000000000002e3       0x34 ./Drivers/STM32G4xx_HAL_Driver/Src/stm32g4xx_hal_gpio.o
 .ARM.attributes
                0x0000000000000317       0x34 ./Drivers/STM32G4xx_HAL_Driver/Src/stm32g4xx_hal_pcd.o
 .ARM.attributes
                0x000000000000034b       0x34 ./Drivers/STM32G4xx_HAL_Driver/Src/stm32g4xx_hal_pcd_ex.o
 .ARM.attributes
                0x000000000000037f       0x34 ./Drivers/STM32G4xx_HAL_Driver/Src/stm32g4xx_hal_pwr_ex.o
 .ARM.attributes
                0x00000000000003b3       0x34 ./Drivers/STM32G4xx_HAL_Driver/Src/stm32g4xx_hal_rcc.o
 .ARM.attributes
                0x00000000000003e7       0x34 ./Drivers/STM32G4xx_HAL_Driver/Src/stm32g4xx_hal_rcc_ex.o
 .ARM.attributes
                0x000000000000041b       0x34 ./Drivers/STM32G4xx_HAL_Driver/Src/stm32g4xx_hal_tim.o
 .ARM.attributes
                0x000000000000044f       0x34 ./Drivers/STM32G4xx_HAL_Driver/Src/stm32g4xx_hal_tim_ex.o
 .ARM.attributes
                0x0000000000000483       0x34 ./Drivers/STM32G4xx_HAL_Driver/Src/stm32g4xx_ll_usb.o
 .ARM.attributes
                0x00000000000004b7       0x34 ./Middlewares/ST/STM32_USB_Device_Library/Class/CustomHID/Src/usbd_customhid.o
 .ARM.attributes
                0x00000000000004eb       0x34 ./Middlewares/ST/STM32_USB_Device_Library/Core/Src/usbd_core.o
 .ARM.attributes
                0x000000000000051f       0x34 ./Middlewares/ST/STM32_USB_Device_Library/Core/Src/usbd_ctlreq.o
 .ARM.attributes
                0x0000000000000553       0x34 ./Middlewares/ST/STM32_USB_Device_Library/Core/Src/usbd_ioreq.o
 .ARM.attributes
                0x0000000000000587       0x34 ./USB_Device/App/usb_device.o
 .ARM.attributes
                0x00000000000005bb       0x34 ./USB_Device/App/usbd_custom_hid_if.o
 .ARM.attributes
                0x00000000000005ef       0x34 ./USB_Device/App/usbd_desc.o
 .ARM.attributes
                0x0000000000000623       0x34 ./USB_Device/Target/usbd_conf.o
 .ARM.attributes
                0x0000000000000657       0x34 D:/Study/ST/STM32CubeIDE_1.14.0/STM32CubeIDE/plugins/com.st.stm32cube.ide.mcu.externaltools.gnu-tools-for-stm32.11.3.rel1.win32_1.1.100.202309141235/tools/bin/../lib/gcc/arm-none-eabi/11.3.1/../../../../arm-none-eabi/lib/thumb/v7e-m+fp/hard\libc_nano.a(libc_a-memset.o)
 .ARM.attributes
                0x000000000000068b       0x34 D:/Study/ST/STM32CubeIDE_1.14.0/STM32CubeIDE/plugins/com.st.stm32cube.ide.mcu.externaltools.gnu-tools-for-stm32.11.3.rel1.win32_1.1.100.202309141235/tools/bin/../lib/gcc/arm-none-eabi/11.3.1/../../../../arm-none-eabi/lib/thumb/v7e-m+fp/hard\libc_nano.a(libc_a-init.o)
 .ARM.attributes
                0x00000000000006bf       0x1e D:/Study/ST/STM32CubeIDE_1.14.0/STM32CubeIDE/plugins/com.st.stm32cube.ide.mcu.externaltools.gnu-tools-for-stm32.11.3.rel1.win32_1.1.100.202309141235/tools/bin/../lib/gcc/arm-none-eabi/11.3.1/thumb/v7e-m+fp/hard/crtn.o
OUTPUT(Gamepad_v1.0.elf elf32-littlearm)
LOAD linker stubs
LOAD D:/Study/ST/STM32CubeIDE_1.14.0/STM32CubeIDE/plugins/com.st.stm32cube.ide.mcu.externaltools.gnu-tools-for-stm32.11.3.rel1.win32_1.1.100.202309141235/tools/bin/../lib/gcc/arm-none-eabi/11.3.1/../../../../arm-none-eabi/lib/thumb/v7e-m+fp/hard\libc.a
LOAD D:/Study/ST/STM32CubeIDE_1.14.0/STM32CubeIDE/plugins/com.st.stm32cube.ide.mcu.externaltools.gnu-tools-for-stm32.11.3.rel1.win32_1.1.100.202309141235/tools/bin/../lib/gcc/arm-none-eabi/11.3.1/../../../../arm-none-eabi/lib/thumb/v7e-m+fp/hard\libm.a
LOAD D:/Study/ST/STM32CubeIDE_1.14.0/STM32CubeIDE/plugins/com.st.stm32cube.ide.mcu.externaltools.gnu-tools-for-stm32.11.3.rel1.win32_1.1.100.202309141235/tools/bin/../lib/gcc/arm-none-eabi/11.3.1/thumb/v7e-m+fp/hard\libgcc.a

.comment        0x0000000000000000       0x43
 .comment       0x0000000000000000       0x43 D:/Study/ST/STM32CubeIDE_1.14.0/STM32CubeIDE/plugins/com.st.stm32cube.ide.mcu.externaltools.gnu-tools-for-stm32.11.3.rel1.win32_1.1.100.202309141235/tools/bin/../lib/gcc/arm-none-eabi/11.3.1/thumb/v7e-m+fp/hard/crtbegin.o
                                         0x44 (size before relaxing)
 .comment       0x0000000000000043       0x44 ./Core/Src/ADC.o
 .comment       0x0000000000000043       0x44 ./Core/Src/Buttons and Functions.o
 .comment       0x0000000000000043       0x44 ./Core/Src/HID.o
 .comment       0x0000000000000043       0x44 ./Core/Src/main.o
 .comment       0x0000000000000043       0x44 ./Core/Src/stm32g4xx_hal_msp.o
 .comment       0x0000000000000043       0x44 ./Core/Src/stm32g4xx_it.o
 .comment       0x0000000000000043       0x44 ./Core/Src/system_stm32g4xx.o
 .comment       0x0000000000000043       0x44 ./Drivers/STM32G4xx_HAL_Driver/Src/stm32g4xx_hal.o
 .comment       0x0000000000000043       0x44 ./Drivers/STM32G4xx_HAL_Driver/Src/stm32g4xx_hal_adc.o
 .comment       0x0000000000000043       0x44 ./Drivers/STM32G4xx_HAL_Driver/Src/stm32g4xx_hal_adc_ex.o
 .comment       0x0000000000000043       0x44 ./Drivers/STM32G4xx_HAL_Driver/Src/stm32g4xx_hal_cortex.o
 .comment       0x0000000000000043       0x44 ./Drivers/STM32G4xx_HAL_Driver/Src/stm32g4xx_hal_dma.o
 .comment       0x0000000000000043       0x44 ./Drivers/STM32G4xx_HAL_Driver/Src/stm32g4xx_hal_gpio.o
 .comment       0x0000000000000043       0x44 ./Drivers/STM32G4xx_HAL_Driver/Src/stm32g4xx_hal_pcd.o
 .comment       0x0000000000000043       0x44 ./Drivers/STM32G4xx_HAL_Driver/Src/stm32g4xx_hal_pcd_ex.o
 .comment       0x0000000000000043       0x44 ./Drivers/STM32G4xx_HAL_Driver/Src/stm32g4xx_hal_pwr_ex.o
 .comment       0x0000000000000043       0x44 ./Drivers/STM32G4xx_HAL_Driver/Src/stm32g4xx_hal_rcc.o
 .comment       0x0000000000000043       0x44 ./Drivers/STM32G4xx_HAL_Driver/Src/stm32g4xx_hal_rcc_ex.o
 .comment       0x0000000000000043       0x44 ./Drivers/STM32G4xx_HAL_Driver/Src/stm32g4xx_hal_tim.o
 .comment       0x0000000000000043       0x44 ./Drivers/STM32G4xx_HAL_Driver/Src/stm32g4xx_hal_tim_ex.o
 .comment       0x0000000000000043       0x44 ./Drivers/STM32G4xx_HAL_Driver/Src/stm32g4xx_ll_usb.o
 .comment       0x0000000000000043       0x44 ./Middlewares/ST/STM32_USB_Device_Library/Class/CustomHID/Src/usbd_customhid.o
 .comment       0x0000000000000043       0x44 ./Middlewares/ST/STM32_USB_Device_Library/Core/Src/usbd_core.o
 .comment       0x0000000000000043       0x44 ./Middlewares/ST/STM32_USB_Device_Library/Core/Src/usbd_ctlreq.o
 .comment       0x0000000000000043       0x44 ./Middlewares/ST/STM32_USB_Device_Library/Core/Src/usbd_ioreq.o
 .comment       0x0000000000000043       0x44 ./USB_Device/App/usb_device.o
 .comment       0x0000000000000043       0x44 ./USB_Device/App/usbd_custom_hid_if.o
 .comment       0x0000000000000043       0x44 ./USB_Device/App/usbd_desc.o
 .comment       0x0000000000000043       0x44 ./USB_Device/Target/usbd_conf.o

.debug_info     0x0000000000000000    0x23bb6
 .debug_info    0x0000000000000000     0x1097 ./Core/Src/ADC.o
 .debug_info    0x0000000000001097     0x12dc ./Core/Src/Buttons and Functions.o
 .debug_info    0x0000000000002373      0x604 ./Core/Src/HID.o
 .debug_info    0x0000000000002977     0x200b ./Core/Src/main.o
 .debug_info    0x0000000000004982     0x1868 ./Core/Src/stm32g4xx_hal_msp.o
 .debug_info    0x00000000000061ea      0xfab ./Core/Src/stm32g4xx_it.o
 .debug_info    0x0000000000007195      0x5a7 ./Core/Src/system_stm32g4xx.o
 .debug_info    0x000000000000773c       0x23 ./Core/Startup/startup_stm32g431kbux.o
 .debug_info    0x000000000000775f      0xb98 ./Drivers/STM32G4xx_HAL_Driver/Src/stm32g4xx_hal.o
 .debug_info    0x00000000000082f7     0x35d8 ./Drivers/STM32G4xx_HAL_Driver/Src/stm32g4xx_hal_adc.o
 .debug_info    0x000000000000b8cf     0x2ed9 ./Drivers/STM32G4xx_HAL_Driver/Src/stm32g4xx_hal_adc_ex.o
 .debug_info    0x000000000000e7a8      0xf44 ./Drivers/STM32G4xx_HAL_Driver/Src/stm32g4xx_hal_cortex.o
 .debug_info    0x000000000000f6ec      0x9cc ./Drivers/STM32G4xx_HAL_Driver/Src/stm32g4xx_hal_dma.o
 .debug_info    0x00000000000100b8      0x799 ./Drivers/STM32G4xx_HAL_Driver/Src/stm32g4xx_hal_gpio.o
 .debug_info    0x0000000000010851     0x1b7b ./Drivers/STM32G4xx_HAL_Driver/Src/stm32g4xx_hal_pcd.o
 .debug_info    0x00000000000123cc      0x977 ./Drivers/STM32G4xx_HAL_Driver/Src/stm32g4xx_hal_pcd_ex.o
 .debug_info    0x0000000000012d43      0x9c1 ./Drivers/STM32G4xx_HAL_Driver/Src/stm32g4xx_hal_pwr_ex.o
 .debug_info    0x0000000000013704      0xddf ./Drivers/STM32G4xx_HAL_Driver/Src/stm32g4xx_hal_rcc.o
 .debug_info    0x00000000000144e3      0xdf8 ./Drivers/STM32G4xx_HAL_Driver/Src/stm32g4xx_hal_rcc_ex.o
 .debug_info    0x00000000000152db     0x3ec1 ./Drivers/STM32G4xx_HAL_Driver/Src/stm32g4xx_hal_tim.o
 .debug_info    0x000000000001919c     0x24c3 ./Drivers/STM32G4xx_HAL_Driver/Src/stm32g4xx_hal_tim_ex.o
 .debug_info    0x000000000001b65f     0x19cf ./Drivers/STM32G4xx_HAL_Driver/Src/stm32g4xx_ll_usb.o
 .debug_info    0x000000000001d02e      0xd48 ./Middlewares/ST/STM32_USB_Device_Library/Class/CustomHID/Src/usbd_customhid.o
 .debug_info    0x000000000001dd76      0xe6f ./Middlewares/ST/STM32_USB_Device_Library/Core/Src/usbd_core.o
 .debug_info    0x000000000001ebe5     0x12f7 ./Middlewares/ST/STM32_USB_Device_Library/Core/Src/usbd_ctlreq.o
 .debug_info    0x000000000001fedc      0x851 ./Middlewares/ST/STM32_USB_Device_Library/Core/Src/usbd_ioreq.o
 .debug_info    0x000000000002072d      0x70f ./USB_Device/App/usb_device.o
 .debug_info    0x0000000000020e3c      0x68d ./USB_Device/App/usbd_custom_hid_if.o
 .debug_info    0x00000000000214c9      0x5cf ./USB_Device/App/usbd_desc.o
 .debug_info    0x0000000000021a98     0x211e ./USB_Device/Target/usbd_conf.o

.debug_abbrev   0x0000000000000000     0x4937
 .debug_abbrev  0x0000000000000000      0x25c ./Core/Src/ADC.o
 .debug_abbrev  0x000000000000025c      0x2cb ./Core/Src/Buttons and Functions.o
 .debug_abbrev  0x0000000000000527      0x1c2 ./Core/Src/HID.o
 .debug_abbrev  0x00000000000006e9      0x32b ./Core/Src/main.o
 .debug_abbrev  0x0000000000000a14      0x29b ./Core/Src/stm32g4xx_hal_msp.o
 .debug_abbrev  0x0000000000000caf      0x23a ./Core/Src/stm32g4xx_it.o
 .debug_abbrev  0x0000000000000ee9      0x120 ./Core/Src/system_stm32g4xx.o
 .debug_abbrev  0x0000000000001009       0x12 ./Core/Startup/startup_stm32g431kbux.o
 .debug_abbrev  0x000000000000101b      0x27f ./Drivers/STM32G4xx_HAL_Driver/Src/stm32g4xx_hal.o
 .debug_abbrev  0x000000000000129a      0x31b ./Drivers/STM32G4xx_HAL_Driver/Src/stm32g4xx_hal_adc.o
 .debug_abbrev  0x00000000000015b5      0x391 ./Drivers/STM32G4xx_HAL_Driver/Src/stm32g4xx_hal_adc_ex.o
 .debug_abbrev  0x0000000000001946      0x36d ./Drivers/STM32G4xx_HAL_Driver/Src/stm32g4xx_hal_cortex.o
 .debug_abbrev  0x0000000000001cb3      0x217 ./Drivers/STM32G4xx_HAL_Driver/Src/stm32g4xx_hal_dma.o
 .debug_abbrev  0x0000000000001eca      0x1fb ./Drivers/STM32G4xx_HAL_Driver/Src/stm32g4xx_hal_gpio.o
 .debug_abbrev  0x00000000000020c5      0x2e4 ./Drivers/STM32G4xx_HAL_Driver/Src/stm32g4xx_hal_pcd.o
 .debug_abbrev  0x00000000000023a9      0x26f ./Drivers/STM32G4xx_HAL_Driver/Src/stm32g4xx_hal_pcd_ex.o
 .debug_abbrev  0x0000000000002618      0x24b ./Drivers/STM32G4xx_HAL_Driver/Src/stm32g4xx_hal_pwr_ex.o
 .debug_abbrev  0x0000000000002863      0x2ad ./Drivers/STM32G4xx_HAL_Driver/Src/stm32g4xx_hal_rcc.o
 .debug_abbrev  0x0000000000002b10      0x281 ./Drivers/STM32G4xx_HAL_Driver/Src/stm32g4xx_hal_rcc_ex.o
 .debug_abbrev  0x0000000000002d91      0x2a2 ./Drivers/STM32G4xx_HAL_Driver/Src/stm32g4xx_hal_tim.o
 .debug_abbrev  0x0000000000003033      0x2b3 ./Drivers/STM32G4xx_HAL_Driver/Src/stm32g4xx_hal_tim_ex.o
 .debug_abbrev  0x00000000000032e6      0x2c8 ./Drivers/STM32G4xx_HAL_Driver/Src/stm32g4xx_ll_usb.o
 .debug_abbrev  0x00000000000035ae      0x2d4 ./Middlewares/ST/STM32_USB_Device_Library/Class/CustomHID/Src/usbd_customhid.o
 .debug_abbrev  0x0000000000003882      0x291 ./Middlewares/ST/STM32_USB_Device_Library/Core/Src/usbd_core.o
 .debug_abbrev  0x0000000000003b13      0x353 ./Middlewares/ST/STM32_USB_Device_Library/Core/Src/usbd_ctlreq.o
 .debug_abbrev  0x0000000000003e66      0x1c1 ./Middlewares/ST/STM32_USB_Device_Library/Core/Src/usbd_ioreq.o
 .debug_abbrev  0x0000000000004027      0x1c1 ./USB_Device/App/usb_device.o
 .debug_abbrev  0x00000000000041e8      0x1dc ./USB_Device/App/usbd_custom_hid_if.o
 .debug_abbrev  0x00000000000043c4      0x231 ./USB_Device/App/usbd_desc.o
 .debug_abbrev  0x00000000000045f5      0x342 ./USB_Device/Target/usbd_conf.o

.debug_loclists
                0x0000000000000000     0xf410
 .debug_loclists
                0x0000000000000000      0x177 ./Core/Src/ADC.o
 .debug_loclists
                0x0000000000000177      0x1b0 ./Core/Src/Buttons and Functions.o
 .debug_loclists
                0x0000000000000327       0x23 ./Core/Src/main.o
 .debug_loclists
                0x000000000000034a      0x14e ./Core/Src/stm32g4xx_hal_msp.o
 .debug_loclists
                0x0000000000000498       0x65 ./Core/Src/system_stm32g4xx.o
 .debug_loclists
                0x00000000000004fd      0x12f ./Drivers/STM32G4xx_HAL_Driver/Src/stm32g4xx_hal.o
 .debug_loclists
                0x000000000000062c     0x182c ./Drivers/STM32G4xx_HAL_Driver/Src/stm32g4xx_hal_adc.o
 .debug_loclists
                0x0000000000001e58     0x167a ./Drivers/STM32G4xx_HAL_Driver/Src/stm32g4xx_hal_adc_ex.o
 .debug_loclists
                0x00000000000034d2      0x4d3 ./Drivers/STM32G4xx_HAL_Driver/Src/stm32g4xx_hal_cortex.o
 .debug_loclists
                0x00000000000039a5      0x558 ./Drivers/STM32G4xx_HAL_Driver/Src/stm32g4xx_hal_dma.o
 .debug_loclists
                0x0000000000003efd      0x267 ./Drivers/STM32G4xx_HAL_Driver/Src/stm32g4xx_hal_gpio.o
 .debug_loclists
                0x0000000000004164      0xd32 ./Drivers/STM32G4xx_HAL_Driver/Src/stm32g4xx_hal_pcd.o
 .debug_loclists
                0x0000000000004e96      0x193 ./Drivers/STM32G4xx_HAL_Driver/Src/stm32g4xx_hal_pcd_ex.o
 .debug_loclists
                0x0000000000005029      0x58f ./Drivers/STM32G4xx_HAL_Driver/Src/stm32g4xx_hal_pwr_ex.o
 .debug_loclists
                0x00000000000055b8      0x568 ./Drivers/STM32G4xx_HAL_Driver/Src/stm32g4xx_hal_rcc.o
 .debug_loclists
                0x0000000000005b20      0xca9 ./Drivers/STM32G4xx_HAL_Driver/Src/stm32g4xx_hal_rcc_ex.o
 .debug_loclists
                0x00000000000067c9     0x372b ./Drivers/STM32G4xx_HAL_Driver/Src/stm32g4xx_hal_tim.o
 .debug_loclists
                0x0000000000009ef4     0x1e4b ./Drivers/STM32G4xx_HAL_Driver/Src/stm32g4xx_hal_tim_ex.o
 .debug_loclists
                0x000000000000bd3f      0xf25 ./Drivers/STM32G4xx_HAL_Driver/Src/stm32g4xx_ll_usb.o
 .debug_loclists
                0x000000000000cc64      0x66e ./Middlewares/ST/STM32_USB_Device_Library/Class/CustomHID/Src/usbd_customhid.o
 .debug_loclists
                0x000000000000d2d2      0x6fa ./Middlewares/ST/STM32_USB_Device_Library/Core/Src/usbd_core.o
 .debug_loclists
                0x000000000000d9cc      0xe81 ./Middlewares/ST/STM32_USB_Device_Library/Core/Src/usbd_ctlreq.o
 .debug_loclists
                0x000000000000e84d      0x1b4 ./Middlewares/ST/STM32_USB_Device_Library/Core/Src/usbd_ioreq.o
 .debug_loclists
                0x000000000000ea01       0x3a ./USB_Device/App/usbd_custom_hid_if.o
 .debug_loclists
                0x000000000000ea3b      0x22d ./USB_Device/App/usbd_desc.o
 .debug_loclists
                0x000000000000ec68      0x7a8 ./USB_Device/Target/usbd_conf.o

.debug_aranges  0x0000000000000000     0x1640
 .debug_aranges
                0x0000000000000000       0x38 ./Core/Src/ADC.o
 .debug_aranges
                0x0000000000000038       0x60 ./Core/Src/Buttons and Functions.o
 .debug_aranges
                0x0000000000000098       0x20 ./Core/Src/HID.o
 .debug_aranges
                0x00000000000000b8       0x80 ./Core/Src/main.o
 .debug_aranges
                0x0000000000000138       0x58 ./Core/Src/stm32g4xx_hal_msp.o
 .debug_aranges
                0x0000000000000190       0xb0 ./Core/Src/stm32g4xx_it.o
 .debug_aranges
                0x0000000000000240       0x28 ./Core/Src/system_stm32g4xx.o
 .debug_aranges
                0x0000000000000268       0x28 ./Core/Startup/startup_stm32g431kbux.o
 .debug_aranges
                0x0000000000000290      0x148 ./Drivers/STM32G4xx_HAL_Driver/Src/stm32g4xx_hal.o
 .debug_aranges
                0x00000000000003d8      0x108 ./Drivers/STM32G4xx_HAL_Driver/Src/stm32g4xx_hal_adc.o
 .debug_aranges
                0x00000000000004e0       0xf0 ./Drivers/STM32G4xx_HAL_Driver/Src/stm32g4xx_hal_adc_ex.o
 .debug_aranges
                0x00000000000005d0       0xa8 ./Drivers/STM32G4xx_HAL_Driver/Src/stm32g4xx_hal_cortex.o
 .debug_aranges
                0x0000000000000678       0x90 ./Drivers/STM32G4xx_HAL_Driver/Src/stm32g4xx_hal_dma.o
 .debug_aranges
                0x0000000000000708       0x58 ./Drivers/STM32G4xx_HAL_Driver/Src/stm32g4xx_hal_gpio.o
 .debug_aranges
                0x0000000000000760      0x138 ./Drivers/STM32G4xx_HAL_Driver/Src/stm32g4xx_hal_pcd.o
 .debug_aranges
                0x0000000000000898       0x58 ./Drivers/STM32G4xx_HAL_Driver/Src/stm32g4xx_hal_pcd_ex.o
 .debug_aranges
                0x00000000000008f0      0x140 ./Drivers/STM32G4xx_HAL_Driver/Src/stm32g4xx_hal_pwr_ex.o
 .debug_aranges
                0x0000000000000a30       0x98 ./Drivers/STM32G4xx_HAL_Driver/Src/stm32g4xx_hal_rcc.o
 .debug_aranges
                0x0000000000000ac8       0xb0 ./Drivers/STM32G4xx_HAL_Driver/Src/stm32g4xx_hal_rcc_ex.o
 .debug_aranges
                0x0000000000000b78      0x3e0 ./Drivers/STM32G4xx_HAL_Driver/Src/stm32g4xx_hal_tim.o
 .debug_aranges
                0x0000000000000f58      0x240 ./Drivers/STM32G4xx_HAL_Driver/Src/stm32g4xx_hal_tim_ex.o
 .debug_aranges
                0x0000000000001198       0xc8 ./Drivers/STM32G4xx_HAL_Driver/Src/stm32g4xx_ll_usb.o
 .debug_aranges
                0x0000000000001260       0x80 ./Middlewares/ST/STM32_USB_Device_Library/Class/CustomHID/Src/usbd_customhid.o
 .debug_aranges
                0x00000000000012e0       0xb8 ./Middlewares/ST/STM32_USB_Device_Library/Core/Src/usbd_core.o
 .debug_aranges
                0x0000000000001398       0x88 ./Middlewares/ST/STM32_USB_Device_Library/Core/Src/usbd_ctlreq.o
 .debug_aranges
                0x0000000000001420       0x50 ./Middlewares/ST/STM32_USB_Device_Library/Core/Src/usbd_ioreq.o
 .debug_aranges
                0x0000000000001470       0x20 ./USB_Device/App/usb_device.o
 .debug_aranges
                0x0000000000001490       0x30 ./USB_Device/App/usbd_custom_hid_if.o
 .debug_aranges
                0x00000000000014c0       0x60 ./USB_Device/App/usbd_desc.o
 .debug_aranges
                0x0000000000001520      0x120 ./USB_Device/Target/usbd_conf.o

.debug_rnglists
                0x0000000000000000     0x1432
 .debug_rnglists
                0x0000000000000000       0x58 ./Core/Src/ADC.o
 .debug_rnglists
                0x0000000000000058       0x63 ./Core/Src/Buttons and Functions.o
 .debug_rnglists
                0x00000000000000bb       0x13 ./Core/Src/HID.o
 .debug_rnglists
                0x00000000000000ce       0x5e ./Core/Src/main.o
 .debug_rnglists
                0x000000000000012c       0x3f ./Core/Src/stm32g4xx_hal_msp.o
 .debug_rnglists
                0x000000000000016b       0x7f ./Core/Src/stm32g4xx_it.o
 .debug_rnglists
                0x00000000000001ea       0x1a ./Core/Src/system_stm32g4xx.o
 .debug_rnglists
                0x0000000000000204       0x19 ./Core/Startup/startup_stm32g431kbux.o
 .debug_rnglists
                0x000000000000021d       0xf1 ./Drivers/STM32G4xx_HAL_Driver/Src/stm32g4xx_hal.o
 .debug_rnglists
                0x000000000000030e      0x16c ./Drivers/STM32G4xx_HAL_Driver/Src/stm32g4xx_hal_adc.o
 .debug_rnglists
                0x000000000000047a      0x149 ./Drivers/STM32G4xx_HAL_Driver/Src/stm32g4xx_hal_adc_ex.o
 .debug_rnglists
                0x00000000000005c3       0xa9 ./Drivers/STM32G4xx_HAL_Driver/Src/stm32g4xx_hal_cortex.o
 .debug_rnglists
                0x000000000000066c       0x6c ./Drivers/STM32G4xx_HAL_Driver/Src/stm32g4xx_hal_dma.o
 .debug_rnglists
                0x00000000000006d8       0x3f ./Drivers/STM32G4xx_HAL_Driver/Src/stm32g4xx_hal_gpio.o
 .debug_rnglists
                0x0000000000000717      0x167 ./Drivers/STM32G4xx_HAL_Driver/Src/stm32g4xx_hal_pcd.o
 .debug_rnglists
                0x000000000000087e       0x3e ./Drivers/STM32G4xx_HAL_Driver/Src/stm32g4xx_hal_pcd_ex.o
 .debug_rnglists
                0x00000000000008bc       0xf1 ./Drivers/STM32G4xx_HAL_Driver/Src/stm32g4xx_hal_pwr_ex.o
 .debug_rnglists
                0x00000000000009ad       0x81 ./Drivers/STM32G4xx_HAL_Driver/Src/stm32g4xx_hal_rcc.o
 .debug_rnglists
                0x0000000000000a2e       0x92 ./Drivers/STM32G4xx_HAL_Driver/Src/stm32g4xx_hal_rcc_ex.o
 .debug_rnglists
                0x0000000000000ac0      0x313 ./Drivers/STM32G4xx_HAL_Driver/Src/stm32g4xx_hal_tim.o
 .debug_rnglists
                0x0000000000000dd3      0x1c3 ./Drivers/STM32G4xx_HAL_Driver/Src/stm32g4xx_hal_tim_ex.o
 .debug_rnglists
                0x0000000000000f96      0x1d7 ./Drivers/STM32G4xx_HAL_Driver/Src/stm32g4xx_ll_usb.o
 .debug_rnglists