Archive member included to satisfy reference by file (symbol)

D:/Study/ST/STM32CubeIDE_1.14.0/STM32CubeIDE/plugins/com.st.stm32cube.ide.mcu.externaltools.gnu-tools-for-stm32.11.3.rel1.win32_1.1.100.202309141235/tools/bin/../lib/gcc/arm-none-eabi/11.3.1/../../../../arm-none-eabi/lib/thumb/v7e-m+fp/hard\libc_nano.a(libc_a-exit.o)
                              D:/Study/ST/STM32CubeIDE_1.14.0/STM32CubeIDE/plugins/com.st.stm32cube.ide.mcu.externaltools.gnu-tools-for-stm32.11.3.rel1.win32_1.1.100.202309141235/tools/bin/../lib/gcc/arm-none-eabi/11.3.1/../../../../arm-none-eabi/lib/thumb/v7e-m+fp/hard/crt0.o (exit)
D:/Study/ST/STM32CubeIDE_1.14.0/STM32CubeIDE/plugins/com.st.stm32cube.ide.mcu.externaltools.gnu-tools-for-stm32.11.3.rel1.win32_1.1.100.202309141235/tools/bin/../lib/gcc/arm-none-eabi/11.3.1/../../../../arm-none-eabi/lib/thumb/v7e-m+fp/hard\libc_nano.a(libc_a-findfp.o)
                              D:/Study/ST/STM32CubeIDE_1.14.0/STM32CubeIDE/plugins/com.st.stm32cube.ide.mcu.externaltools.gnu-tools-for-stm32.11.3.rel1.win32_1.1.100.202309141235/tools/bin/../lib/gcc/arm-none-eabi/11.3.1/../../../../arm-none-eabi/lib/thumb/v7e-m+fp/hard\libc_nano.a(libc_a-exit.o) (__stdio_exit_handler)
D:/Study/ST/STM32CubeIDE_1.14.0/STM32CubeIDE/plugins/com.st.stm32cube.ide.mcu.externaltools.gnu-tools-for-stm32.11.3.rel1.win32_1.1.100.202309141235/tools/bin/../lib/gcc/arm-none-eabi/11.3.1/../../../../arm-none-eabi/lib/thumb/v7e-m+fp/hard\libc_nano.a(libc_a-fwalk.o)
                              D:/Study/ST/STM32CubeIDE_1.14.0/STM32CubeIDE/plugins/com.st.stm32cube.ide.mcu.externaltools.gnu-tools-for-stm32.11.3.rel1.win32_1.1.100.202309141235/tools/bin/../lib/gcc/arm-none-eabi/11.3.1/../../../../arm-none-eabi/lib/thumb/v7e-m+fp/hard\libc_nano.a(libc_a-findfp.o) (_fwalk_sglue)
D:/Study/ST/STM32CubeIDE_1.14.0/STM32CubeIDE/plugins/com.st.stm32cube.ide.mcu.externaltools.gnu-tools-for-stm32.11.3.rel1.win32_1.1.100.202309141235/tools/bin/../lib/gcc/arm-none-eabi/11.3.1/../../../../arm-none-eabi/lib/thumb/v7e-m+fp/hard\libc_nano.a(libc_a-stdio.o)
                              D:/Study/ST/STM32CubeIDE_1.14.0/STM32CubeIDE/plugins/com.st.stm32cube.ide.mcu.externaltools.gnu-tools-for-stm32.11.3.rel1.win32_1.1.100.202309141235/tools/bin/../lib/gcc/arm-none-eabi/11.3.1/../../../../arm-none-eabi/lib/thumb/v7e-m+fp/hard\libc_nano.a(libc_a-findfp.o) (__sread)
D:/Study/ST/STM32CubeIDE_1.14.0/STM32CubeIDE/plugins/com.st.stm32cube.ide.mcu.externaltools.gnu-tools-for-stm32.11.3.rel1.win32_1.1.100.202309141235/tools/bin/../lib/gcc/arm-none-eabi/11.3.1/../../../../arm-none-eabi/lib/thumb/v7e-m+fp/hard\libc_nano.a(libc_a-memset.o)
                              D:/Study/ST/STM32CubeIDE_1.14.0/STM32CubeIDE/plugins/com.st.stm32cube.ide.mcu.externaltools.gnu-tools-for-stm32.11.3.rel1.win32_1.1.100.202309141235/tools/bin/../lib/gcc/arm-none-eabi/11.3.1/../../../../arm-none-eabi/lib/thumb/v7e-m+fp/hard/crt0.o (memset)
D:/Study/ST/STM32CubeIDE_1.14.0/STM32CubeIDE/plugins/com.st.stm32cube.ide.mcu.externaltools.gnu-tools-for-stm32.11.3.rel1.win32_1.1.100.202309141235/tools/bin/../lib/gcc/arm-none-eabi/11.3.1/../../../../arm-none-eabi/lib/thumb/v7e-m+fp/hard\libc_nano.a(libc_a-closer.o)
                              D:/Study/ST/STM32CubeIDE_1.14.0/STM32CubeIDE/plugins/com.st.stm32cube.ide.mcu.externaltools.gnu-tools-for-stm32.11.3.rel1.win32_1.1.100.202309141235/tools/bin/../lib/gcc/arm-none-eabi/11.3.1/../../../../arm-none-eabi/lib/thumb/v7e-m+fp/hard\libc_nano.a(libc_a-stdio.o) (_close_r)
D:/Study/ST/STM32CubeIDE_1.14.0/STM32CubeIDE/plugins/com.st.stm32cube.ide.mcu.externaltools.gnu-tools-for-stm32.11.3.rel1.win32_1.1.100.202309141235/tools/bin/../lib/gcc/arm-none-eabi/11.3.1/../../../../arm-none-eabi/lib/thumb/v7e-m+fp/hard\libc_nano.a(libc_a-reent.o)
                              D:/Study/ST/STM32CubeIDE_1.14.0/STM32CubeIDE/plugins/com.st.stm32cube.ide.mcu.externaltools.gnu-tools-for-stm32.11.3.rel1.win32_1.1.100.202309141235/tools/bin/../lib/gcc/arm-none-eabi/11.3.1/../../../../arm-none-eabi/lib/thumb/v7e-m+fp/hard\libc_nano.a(libc_a-closer.o) (errno)
D:/Study/ST/STM32CubeIDE_1.14.0/STM32CubeIDE/plugins/com.st.stm32cube.ide.mcu.externaltools.gnu-tools-for-stm32.11.3.rel1.win32_1.1.100.202309141235/tools/bin/../lib/gcc/arm-none-eabi/11.3.1/../../../../arm-none-eabi/lib/thumb/v7e-m+fp/hard\libc_nano.a(libc_a-impure.o)
                              D:/Study/ST/STM32CubeIDE_1.14.0/STM32CubeIDE/plugins/com.st.stm32cube.ide.mcu.externaltools.gnu-tools-for-stm32.11.3.rel1.win32_1.1.100.202309141235/tools/bin/../lib/gcc/arm-none-eabi/11.3.1/../../../../arm-none-eabi/lib/thumb/v7e-m+fp/hard\libc_nano.a(libc_a-reent.o) (_impure_ptr)
D:/Study/ST/STM32CubeIDE_1.14.0/STM32CubeIDE/plugins/com.st.stm32cube.ide.mcu.externaltools.gnu-tools-for-stm32.11.3.rel1.win32_1.1.100.202309141235/tools/bin/../lib/gcc/arm-none-eabi/11.3.1/../../../../arm-none-eabi/lib/thumb/v7e-m+fp/hard\libc_nano.a(libc_a-lseekr.o)
[...]
Memory Configuration

Name             Origin             Length             Attributes
RAM              0x0000000020000000 0x0000000000008000 xrw
FLASH            0x0000000008000000 0x0000000000020000 xr
*default*        0x0000000000000000 0xffffffffffffffff

Linker script and memory map

LOAD D:/Study/ST/STM32CubeIDE_1.14.0/STM32CubeIDE/plugins/com.st.stm32cube.ide.mcu.externaltools.gnu-tools-for-stm32.11.3.rel1.win32_1.1.100.202309141235/tools/bin/../lib/gcc/arm-none-eabi/11.3.1/thumb/v7e-m+fp/hard/crti.o
LOAD D:/Study/ST/STM32CubeIDE_1.14.0/STM32CubeIDE/plugins/com.st.stm32cube.ide.mcu.externaltools.gnu-tools-for-stm32.11.3.rel1.win32_1.1.100.202309141235/tools/bin/../lib/gcc/arm-none-eabi/11.3.1/thumb/v7e-m+fp/hard/crtbegin.o
LOAD D:/Study/ST/STM32CubeIDE_1.14.0/STM32CubeIDE/plugins/com.st.stm32cube.ide.mcu.externaltools.gnu-tools-for-stm32.11.3.rel1.win32_1.1.100.202309141235/tools/bin/../lib/gcc/arm-none-eabi/11.3.1/../../../../arm-none-eabi/lib/thumb/v7e-m+fp/hard/crt0.o
LOAD ./Core/Src/ADC.o
LOAD ./Core/Src/Buttons and Functions.o
LOAD ./Core/Src/HID.o
LOAD ./Core/Src/main.o
LOAD ./Core/Src/stm32g4xx_hal_msp.o
LOAD ./Core/Src/stm32g4xx_it.o
LOAD ./Core/Src/syscalls.o
LOAD ./Core/Src/sysmem.o
LOAD ./Core/Src/system_stm32g4xx.o
LOAD ./Core/Startup/startup_stm32g431kbux.o
LOAD ./Drivers/STM32G4xx_HAL_Driver/Src/stm32g4xx_hal.o
LOAD ./Drivers/STM32G4xx_HAL_Driver/Src/stm32g4xx_hal_adc.o
LOAD ./Drivers/STM32G4xx_HAL_Driver/Src/stm32g4xx_hal_adc_ex.o
LOAD ./Drivers/STM32G4xx_HAL_Driver/Src/stm32g4xx_hal_cortex.o
LOAD ./Drivers/STM32G4xx_HAL_Driver/Src/stm32g4xx_hal_dma.o
LOAD ./Drivers/STM32G4xx_HAL_Driver/Src/stm32g4xx_hal_dma_ex.o
LOAD ./Drivers/STM32G4xx_HAL_Driver/Src/stm32g4xx_hal_exti.o
LOAD ./Drivers/STM32G4xx_HAL_Driver/Src/stm32g4xx_hal_flash.o
LOAD ./Drivers/STM32G4xx_HAL_Driver/Src/stm32g4xx_hal_flash_ex.o
LOAD ./Drivers/STM32G4xx_HAL_Driver/Src/stm32g4xx_hal_flash_ramfunc.o
LOAD ./Drivers/STM32G4xx_HAL_Driver/Src/stm32g4xx_hal_gpio.o
LOAD ./Drivers/STM32G4xx_HAL_Driver/Src/stm32g4xx_hal_pcd.o
LOAD ./Drivers/STM32G4xx_HAL_Driver/Src/stm32g4xx_hal_pcd_ex.o
LOAD ./Drivers/STM32G4xx_HAL_Driver/Src/stm32g4xx_hal_pwr.o
LOAD ./Drivers/STM32G4xx_HAL_Driver/Src/stm32g4xx_hal_pwr_ex.o
LOAD ./Drivers/STM32G4xx_HAL_Driver/Src/stm32g4xx_hal_rcc.o
LOAD ./Drivers/STM32G4xx_HAL_Driver/Src/stm32g4xx_hal_rcc_ex.o
LOAD ./Drivers/STM32G4xx_HAL_Driver/Src/stm32g4xx_hal_tim.o
LOAD ./Drivers/STM32G4xx_HAL_Driver/Src/stm32g4xx_hal_tim_ex.o
LOAD ./Drivers/STM32G4xx_HAL_Driver/Src/stm32g4xx_ll_adc.o
LOAD ./Drivers/STM32G4xx_HAL_Driver/Src/stm32g4xx_ll_usb.o
LOAD ./Middlewares/ST/STM32_USB_Device_Library/Class/HID/Src/usbd_hid.o
LOAD ./Middlewares/ST/STM32_USB_Device_Library/Core/Src/usbd_core.o
LOAD ./Middlewares/ST/STM32_USB_Device_Library/Core/Src/usbd_ctlreq.o
LOAD ./Middlewares/ST/STM32_USB_Device_Library/Core/Src/usbd_ioreq.o
LOAD ./USB_Device/App/usb_device.o
LOAD ./USB_Device/App/usbd_desc.o
LOAD ./USB_Device/Target/usbd_conf.o
START GROUP
LOAD D:/Study/ST/STM32CubeIDE_1.14.0/STM32CubeIDE/plugins/com.st.stm32cube.ide.mcu.externaltools.gnu-tools-for-stm32.11.3.rel1.win32_1.1.100.202309141235/tools/bin/../lib/gcc/arm-none-eabi/11.3.1/../../../../arm-none-eabi/lib/thumb/v7e-m+fp/hard\libc_nano.a
LOAD D:/Study/ST/STM32CubeIDE_1.14.0/STM32CubeIDE/plugins/com.st.stm32cube.ide.mcu.externaltools.gnu-tools-for-stm32.11.3.rel1.win32_1.1.100.202309141235/tools/bin/../lib/gcc/arm-none-eabi/11.3.1/../../../../arm-none-eabi/lib/thumb/v7e-m+fp/hard\libm.a
END GROUP
START GROUP
LOAD D:/Study/ST/STM32CubeIDE_1.14.0/STM32CubeIDE/plugins/com.st.stm32cube.ide.mcu.externaltools.gnu-tools-for-stm32.11.3.rel1.win32_1.1.100.202309141235/tools/bin/../lib/gcc/arm-none-eabi/11.3.1/thumb/v7e-m+fp/hard\libgcc.a
LOAD D:/Study/ST/STM32CubeIDE_1.14.0/STM32CubeIDE/plugins/com.st.stm32cube.ide.mcu.externaltools.gnu-tools-for-stm32.11.3.rel1.win32_1.1.100.202309141235/tools/bin/../lib/gcc/arm-none-eabi/11.3.1/../../../../arm-none-eabi/lib/thumb/v7e-m+fp/hard\libc_nano.a
END GROUP
START GROUP
LOAD D:/Study/ST/STM32CubeIDE_1.14.0/STM32CubeIDE/plugins/com.st.stm32cube.ide.mcu.externaltools.gnu-tools-for-stm32.11.3.rel1.win32_1.1.100.202309141235/tools/bin/../lib/gcc/arm-none-eabi/11.3.1/thumb/v7e-m+fp/hard\libgcc.a
LOAD D:/Study/ST/STM32CubeIDE_1.14.0/STM32CubeIDE/plugins/com.st.stm32cube.ide.mcu.externaltools.gnu-tools-for-stm32.11.3.rel1.win32_1.1.100.202309141235/tools/bin/../lib/gcc/arm-none-eabi/11.3.1/../../../../arm-none-eabi/lib/thumb/v7e-m+fp/hard\libc_nano.a
LOAD D:/Study/ST/STM32CubeIDE_1.14.0/STM32CubeIDE/plugins/com.st.stm32cube.ide.mcu.externaltools.gnu-tools-for-stm32.11.3.rel1.win32_1.1.100.202309141235/tools/bin/../lib/gcc/arm-none-eabi/11.3.1/../../../../arm-none-eabi/lib/thumb/v7e-m+fp/hard\libnosys.a
END GROUP
START GROUP
LOAD D:/Study/ST/STM32CubeIDE_1.14.0/STM32CubeIDE/plugins/com.st.stm32cube.ide.mcu.externaltools.gnu-tools-for-stm32.11.3.rel1.win32_1.1.100.202309141235/tools/bin/../lib/gcc/arm-none-eabi/11.3.1/thumb/v7e-m+fp/hard\libgcc.a
LOAD D:/Study/ST/STM32CubeIDE_1.14.0/STM32CubeIDE/plugins/com.st.stm32cube.ide.mcu.externaltools.gnu-tools-for-stm32.11.3.rel1.win32_1.1.100.202309141235/tools/bin/../lib/gcc/arm-none-eabi/11.3.1/../../../../arm-none-eabi/lib/thumb/v7e-m+fp/hard\libc_nano.a
LOAD D:/Study/ST/STM32CubeIDE_1.14.0/STM32CubeIDE/plugins/com.st.stm32cube.ide.mcu.externaltools.gnu-tools-for-stm32.11.3.rel1.win32_1.1.100.202309141235/tools/bin/../lib/gcc/arm-none-eabi/11.3.1/../../../../arm-none-eabi/lib/thumb/v7e-m+fp/hard\libnosys.a
END GROUP
LOAD D:/Study/ST/STM32CubeIDE_1.14.0/STM32CubeIDE/plugins/com.st.stm32cube.ide.mcu.externaltools.gnu-tools-for-stm32.11.3.rel1.win32_1.1.100.202309141235/tools/bin/../lib/gcc/arm-none-eabi/11.3.1/thumb/v7e-m+fp/hard/crtend.o
LOAD D:/Study/ST/STM32CubeIDE_1.14.0/STM32CubeIDE/plugins/com.st.stm32cube.ide.mcu.externaltools.gnu-tools-for-stm32.11.3.rel1.win32_1.1.100.202309141235/tools/bin/../lib/gcc/arm-none-eabi/11.3.1/thumb/v7e-m+fp/hard/crtn.o
                0x0000000020008000                _estack = (ORIGIN (RAM) + LENGTH (RAM))
                0x0000000000000200                _Min_Heap_Size = 0x200
                0x0000000000000400                _Min_Stack_Size = 0x400

.isr_vector     0x0000000008000000      0x1d8
                0x0000000008000000                . = ALIGN (0x4)
 *(.isr_vector)
 .isr_vector    0x0000000008000000      0x1d8 ./Core/Startup/startup_stm32g431kbux.o
                0x0000000008000000                g_pfnVectors
                0x00000000080001d8                . = ALIGN (0x4)

.text           0x00000000080001d8     0x6d68
                0x00000000080001d8                . = ALIGN (0x4)
 *(.text)
 .text          0x00000000080001d8       0x40 D:/Study/ST/STM32CubeIDE_1.14.0/STM32CubeIDE/plugins/com.st.stm32cube.ide.mcu.externaltools.gnu-tools-for-stm32.11.3.rel1.win32_1.1.100.202309141235/tools/bin/../lib/gcc/arm-none-eabi/11.3.1/thumb/v7e-m+fp/hard/crtbegin.o
 *(.text*)
 .text.ADC_DMA_Init
                0x0000000008000218       0x34 ./Core/Src/ADC.o
                0x0000000008000218                ADC_DMA_Init
 .text.Update_Range
                0x000000000800024c      0x114 ./Core/Src/ADC.o
                0x000000000800024c                Update_Range
 .text.ADC_Filtering
                0x0000000008000360      0x17c ./Core/Src/ADC.o
                0x0000000008000360                ADC_Filtering
 .text.ADC_Scale
                0x00000000080004dc       0xa8 ./Core/Src/ADC.o
                0x00000000080004dc                ADC_Scale
 .text.HAL_ADC_ConvCpltCallback
                0x0000000008000584       0x2c ./Core/Src/ADC.o
                0x0000000008000584                HAL_ADC_ConvCpltCallback
 .text.HandleButtonPress
                0x00000000080005b0       0x40 ./Core/Src/Buttons and Functions.o
                0x00000000080005b0                HandleButtonPress
 .text.ButtonStatus
                0x00000000080005f0      0x2fc ./Core/Src/Buttons and Functions.o
                0x00000000080005f0                ButtonStatus
 .text.Prepare_Data
                0x00000000080008ec       0x68 ./Core/Src/Buttons and Functions.o
                0x00000000080008ec                Prepare_Data
 .text.Set_DMA_Buffer
                0x0000000008000954       0x4c ./Core/Src/Buttons and Functions.o
                0x0000000008000954                Set_DMA_Buffer
 .text.Set_Color
                0x00000000080009a0       0x24 ./Core/Src/Buttons and Functions.o
                0x00000000080009a0                Set_Color
 .text.Start_PWM
                0x00000000080009c4       0x1c ./Core/Src/Buttons and Functions.o
                0x00000000080009c4                Start_PWM
 .text.BacklightOff
                0x00000000080009e0       0x1e ./Core/Src/Buttons and Functions.o
                0x00000000080009e0                BacklightOff
 .text.BacklightOn
                0x00000000080009fe       0x1e ./Core/Src/Buttons and Functions.o
                0x00000000080009fe                BacklightOn
 .text.HAL_TIM_PeriodElapsedCallback
                0x0000000008000a1c      0x194 ./Core/Src/Buttons and Functions.o
                0x0000000008000a1c                HAL_TIM_PeriodElapsedCallback
 .text.MX_GPIO_Init
                0x0000000008000bb0      0x134 ./Core/Src/main.o
 .text.MX_DMA_Init
                0x0000000008000ce4       0x64 ./Core/Src/main.o
 .text.HAL_GPIO_EXTI_Callback
                0x0000000008000d48        0x8 ./Core/Src/main.o
                0x0000000008000d48                HAL_GPIO_EXTI_Callback
 .text.Error_Handler
                0x0000000008000d50        0x4 ./Core/Src/main.o
                0x0000000008000d50                Error_Handler
 .text.MX_ADC1_Init
                0x0000000008000d54       0xc0 ./Core/Src/main.o
 .text.MX_TIM6_Init
                0x0000000008000e14       0x50 ./Core/Src/main.o
 .text.MX_TIM17_Init
                0x0000000008000e64       0x38 ./Core/Src/main.o
 .text.MX_TIM7_Init
                0x0000000008000e9c       0x4c ./Core/Src/main.o
 .text.MX_TIM16_Init
                0x0000000008000ee8       0x38 ./Core/Src/main.o
 .text.MX_ADC2_Init
                0x0000000008000f20       0xac ./Core/Src/main.o
 .text.MX_TIM3_Init
                0x0000000008000fcc       0x7c ./Core/Src/main.o
 .text.SystemClock_Config
                0x0000000008001048       0x72 ./Core/Src/main.o
                0x0000000008001048                SystemClock_Config
 .text.main     0x00000000080010ba       0x38 ./Core/Src/main.o
                0x00000000080010ba                main
 *fill*         0x00000000080010f2        0x2 
 .text.HAL_MspInit
                0x00000000080010f4       0x38 ./Core/Src/stm32g4xx_hal_msp.o
                0x00000000080010f4                HAL_MspInit
 .text.HAL_ADC_MspInit
                0x000000000800112c      0x190 ./Core/Src/stm32g4xx_hal_msp.o
                0x000000000800112c                HAL_ADC_MspInit
 .text.HAL_TIM_PWM_MspInit
                0x00000000080012bc       0x74 ./Core/Src/stm32g4xx_hal_msp.o
                0x00000000080012bc                HAL_TIM_PWM_MspInit
 .text.HAL_TIM_Base_MspInit
                0x0000000008001330       0xc0 ./Core/Src/stm32g4xx_hal_msp.o
                0x0000000008001330                HAL_TIM_Base_MspInit
 .text.HAL_TIM_MspPostInit
                0x00000000080013f0       0x50 ./Core/Src/stm32g4xx_hal_msp.o
                0x00000000080013f0                HAL_TIM_MspPostInit
 .text.NMI_Handler
                0x0000000008001440        0x2 ./Core/Src/stm32g4xx_it.o
                0x0000000008001440                NMI_Handler
 .text.HardFault_Handler
                0x0000000008001442        0x2 ./Core/Src/stm32g4xx_it.o
                0x0000000008001442                HardFault_Handler
 .text.MemManage_Handler
                0x0000000008001444        0x2 ./Core/Src/stm32g4xx_it.o
                0x0000000008001444                MemManage_Handler
 .text.BusFault_Handler
                0x0000000008001446        0x2 ./Core/Src/stm32g4xx_it.o
                0x0000000008001446                BusFault_Handler
 .text.UsageFault_Handler
                0x0000000008001448        0x2 ./Core/Src/stm32g4xx_it.o
                0x0000000008001448                UsageFault_Handler
 .text.SVC_Handler
                0x000000000800144a        0x2 ./Core/Src/stm32g4xx_it.o
                0x000000000800144a                SVC_Handler
 .text.DebugMon_Handler
                0x000000000800144c        0x2 ./Core/Src/stm32g4xx_it.o
                0x000000000800144c                DebugMon_Handler
 .text.PendSV_Handler
                0x000000000800144e        0x2 ./Core/Src/stm32g4xx_it.o
                0x000000000800144e                PendSV_Handler
 .text.SysTick_Handler
                0x0000000008001450        0x8 ./Core/Src/stm32g4xx_it.o
                0x0000000008001450                SysTick_Handler
 .text.EXTI0_IRQHandler
                0x0000000008001458        0xa ./Core/Src/stm32g4xx_it.o
                0x0000000008001458                EXTI0_IRQHandler
 .text.EXTI3_IRQHandler
                0x0000000008001462        0xa ./Core/Src/stm32g4xx_it.o
                0x0000000008001462                EXTI3_IRQHandler
 .text.EXTI4_IRQHandler
                0x000000000800146c        0xa ./Core/Src/stm32g4xx_it.o
                0x000000000800146c                EXTI4_IRQHandler
 *fill*         0x0000000008001476        0x2 
 .text.DMA1_Channel1_IRQHandler
                0x0000000008001478       0x1c ./Core/Src/stm32g4xx_it.o
                0x0000000008001478                DMA1_Channel1_IRQHandler
 .text.DMA1_Channel2_IRQHandler
                0x0000000008001494       0x1c ./Core/Src/stm32g4xx_it.o
                0x0000000008001494                DMA1_Channel2_IRQHandler
 .text.DMA1_Channel3_IRQHandler
                0x00000000080014b0       0x10 ./Core/Src/stm32g4xx_it.o
                0x00000000080014b0                DMA1_Channel3_IRQHandler
 .text.USB_LP_IRQHandler
                0x00000000080014c0       0x10 ./Core/Src/stm32g4xx_it.o
                0x00000000080014c0                USB_LP_IRQHandler
 .text.EXTI9_5_IRQHandler
                0x00000000080014d0       0x26 ./Core/Src/stm32g4xx_it.o
                0x00000000080014d0                EXTI9_5_IRQHandler
 *fill*         0x00000000080014f6        0x2 
 .text.TIM1_UP_TIM16_IRQHandler
                0x00000000080014f8       0x10 ./Core/Src/stm32g4xx_it.o
                0x00000000080014f8                TIM1_UP_TIM16_IRQHandler
 .text.TIM1_TRG_COM_TIM17_IRQHandler
                0x0000000008001508       0x10 ./Core/Src/stm32g4xx_it.o
                0x0000000008001508                TIM1_TRG_COM_TIM17_IRQHandler
 .text.EXTI15_10_IRQHandler
                0x0000000008001518       0x14 ./Core/Src/stm32g4xx_it.o
                0x0000000008001518                EXTI15_10_IRQHandler
 .text.TIM7_IRQHandler
                0x000000000800152c       0x10 ./Core/Src/stm32g4xx_it.o
                0x000000000800152c                TIM7_IRQHandler
 .text.SystemInit
                0x000000000800153c       0x14 ./Core/Src/system_stm32g4xx.o
                0x000000000800153c                SystemInit
 .text.Reset_Handler
                0x0000000008001550       0x50 ./Core/Startup/startup_stm32g431kbux.o
                0x0000000008001550                Reset_Handler
 .text.Default_Handler
                0x00000000080015a0        0x2 ./Core/Startup/startup_stm32g431kbux.o
                0x00000000080015a0                RTC_Alarm_IRQHandler
                0x00000000080015a0                EXTI2_IRQHandler
                0x00000000080015a0                TIM8_TRG_COM_IRQHandler
                0x00000000080015a0                TIM8_CC_IRQHandler
                0x00000000080015a0                TIM1_CC_IRQHandler
                0x00000000080015a0                USB_HP_IRQHandler
                0x00000000080015a0                CORDIC_IRQHandler
                0x00000000080015a0                I2C3_ER_IRQHandler
                0x00000000080015a0                I2C2_EV_IRQHandler
                0x00000000080015a0                FPU_IRQHandler
                0x00000000080015a0                FDCAN1_IT1_IRQHandler
                0x00000000080015a0                ADC1_2_IRQHandler
                0x00000000080015a0                SPI1_IRQHandler
                0x00000000080015a0                TIM6_DAC_IRQHandler
                0x00000000080015a0                TIM8_UP_IRQHandler
                0x00000000080015a0                DMA2_Channel2_IRQHandler
                0x00000000080015a0                DMA1_Channel4_IRQHandler
                0x00000000080015a0                USART3_IRQHandler
                0x00000000080015a0                TIM4_IRQHandler
                0x00000000080015a0                DMA2_Channel1_IRQHandler
                0x00000000080015a0                I2C1_EV_IRQHandler
                0x00000000080015a0                DMA1_Channel6_IRQHandler
                0x00000000080015a0                UART4_IRQHandler
                0x00000000080015a0                DMA2_Channel4_IRQHandler
                0x00000000080015a0                TIM3_IRQHandler
                0x00000000080015a0                RCC_IRQHandler
                0x00000000080015a0                Default_Handler
                0x00000000080015a0                RTC_TAMP_LSECSS_IRQHandler
                0x00000000080015a0                FMAC_IRQHandler
                0x00000000080015a0                UCPD1_IRQHandler
                0x00000000080015a0                I2C3_EV_IRQHandler
                0x00000000080015a0                RTC_WKUP_IRQHandler
                0x00000000080015a0                PVD_PVM_IRQHandler
                0x00000000080015a0                SPI2_IRQHandler
                0x00000000080015a0                DMA2_Channel5_IRQHandler
                0x00000000080015a0                CRS_IRQHandler
                0x00000000080015a0                DMA1_Channel5_IRQHandler
                0x00000000080015a0                RNG_IRQHandler
                0x00000000080015a0                WWDG_IRQHandler
                0x00000000080015a0                LPUART1_IRQHandler
                0x00000000080015a0                DMA2_Channel6_IRQHandler
                0x00000000080015a0                FDCAN1_IT0_IRQHandler
                0x00000000080015a0                TIM2_IRQHandler
                0x00000000080015a0                COMP1_2_3_IRQHandler
                0x00000000080015a0                EXTI1_IRQHandler
                0x00000000080015a0                USART2_IRQHandler
                0x00000000080015a0                I2C2_ER_IRQHandler
                0x00000000080015a0                TIM8_BRK_IRQHandler
                0x00000000080015a0                FLASH_IRQHandler
                0x00000000080015a0                USART1_IRQHandler
                0x00000000080015a0                SPI3_IRQHandler
                0x00000000080015a0                I2C1_ER_IRQHandler
                0x00000000080015a0                LPTIM1_IRQHandler
                0x00000000080015a0                DMAMUX_OVR_IRQHandler
                0x00000000080015a0                USBWakeUp_IRQHandler
                0x00000000080015a0                SAI1_IRQHandler
                0x00000000080015a0                DMA2_Channel3_IRQHandler
                0x00000000080015a0                COMP4_IRQHandler
                0x00000000080015a0                TIM1_BRK_TIM15_IRQHandler
 *fill*         0x00000000080015a2        0x2 
 .text.HAL_InitTick
                0x00000000080015a4       0x50 ./Drivers/STM32G4xx_HAL_Driver/Src/stm32g4xx_hal.o
                0x00000000080015a4                HAL_InitTick
 .text.HAL_Init
                0x00000000080015f4       0x1e ./Drivers/STM32G4xx_HAL_Driver/Src/stm32g4xx_hal.o
                0x00000000080015f4                HAL_Init
 *fill*         0x0000000008001612        0x2 
 .text.HAL_IncTick
                0x0000000008001614       0x18 ./Drivers/STM32G4xx_HAL_Driver/Src/stm32g4xx_hal.o
                0x0000000008001614                HAL_IncTick
 .text.HAL_GetTick
                0x000000000800162c        0xc ./Drivers/STM32G4xx_HAL_Driver/Src/stm32g4xx_hal.o
                0x000000000800162c                HAL_GetTick
 .text.HAL_ADC_Init
                0x0000000008001638      0x234 ./Drivers/STM32G4xx_HAL_Driver/Src/stm32g4xx_hal_adc.o
                0x0000000008001638                HAL_ADC_Init
 .text.HAL_ADC_ConvHalfCpltCallback
                0x000000000800186c        0x2 ./Drivers/STM32G4xx_HAL_Driver/Src/stm32g4xx_hal_adc.o
                0x000000000800186c                HAL_ADC_ConvHalfCpltCallback
 .text.ADC_DMAHalfConvCplt
                0x000000000800186e        0xa ./Drivers/STM32G4xx_HAL_Driver/Src/stm32g4xx_hal_adc.o
                0x000000000800186e                ADC_DMAHalfConvCplt
 .text.HAL_ADC_ErrorCallback
                0x0000000008001878        0x2 ./Drivers/STM32G4xx_HAL_Driver/Src/stm32g4xx_hal_adc.o
                0x0000000008001878                HAL_ADC_ErrorCallback
 .text.ADC_DMAConvCplt
                0x000000000800187a       0x88 ./Drivers/STM32G4xx_HAL_Driver/Src/stm32g4xx_hal_adc.o
                0x000000000800187a                ADC_DMAConvCplt
 .text.ADC_DMAError
                0x0000000008001902       0x1a ./Drivers/STM32G4xx_HAL_Driver/Src/stm32g4xx_hal_adc.o
                0x0000000008001902                ADC_DMAError
 .text.HAL_ADC_ConfigChannel
                0x000000000800191c      0x4dc ./Drivers/STM32G4xx_HAL_Driver/Src/stm32g4xx_hal_adc.o
                0x000000000800191c                HAL_ADC_ConfigChannel
 .text.ADC_Enable
                0x0000000008001df8       0xdc ./Drivers/STM32G4xx_HAL_Driver/Src/stm32g4xx_hal_adc.o
                0x0000000008001df8                ADC_Enable
 .text.HAL_ADC_Start_DMA
                0x0000000008001ed4      0x104 ./Drivers/STM32G4xx_HAL_Driver/Src/stm32g4xx_hal_adc.o
                0x0000000008001ed4                HAL_ADC_Start_DMA
 .text.HAL_ADCEx_MultiModeConfigChannel
                0x0000000008001fd8      0x114 ./Drivers/STM32G4xx_HAL_Driver/Src/stm32g4xx_hal_adc_ex.o
                0x0000000008001fd8                HAL_ADCEx_MultiModeConfigChannel
 .text.HAL_NVIC_SetPriorityGrouping
                0x00000000080020ec       0x24 ./Drivers/STM32G4xx_HAL_Driver/Src/stm32g4xx_hal_cortex.o
                0x00000000080020ec                HAL_NVIC_SetPriorityGrouping
 .text.HAL_NVIC_SetPriority
                0x0000000008002110       0x70 ./Drivers/STM32G4xx_HAL_Driver/Src/stm32g4xx_hal_cortex.o
                0x0000000008002110                HAL_NVIC_SetPriority
 .text.HAL_NVIC_EnableIRQ
                0x0000000008002180       0x1c ./Drivers/STM32G4xx_HAL_Driver/Src/stm32g4xx_hal_cortex.o
                0x0000000008002180                HAL_NVIC_EnableIRQ
 .text.HAL_SYSTICK_Config
                0x000000000800219c       0x28 ./Drivers/STM32G4xx_HAL_Driver/Src/stm32g4xx_hal_cortex.o
                0x000000000800219c                HAL_SYSTICK_Config
 .text.DMA_SetConfig
                0x00000000080021c4       0x42 ./Drivers/STM32G4xx_HAL_Driver/Src/stm32g4xx_hal_dma.o
 *fill*         0x0000000008002206        0x2 
 .text.DMA_CalcDMAMUXChannelBaseAndMask
                0x0000000008002208       0x48 ./Drivers/STM32G4xx_HAL_Driver/Src/stm32g4xx_hal_dma.o
 .text.DMA_CalcDMAMUXRequestGenBaseAndMask
                0x0000000008002250       0x28 ./Drivers/STM32G4xx_HAL_Driver/Src/stm32g4xx_hal_dma.o
 .text.HAL_DMA_Init
                0x0000000008002278       0xd8 ./Drivers/STM32G4xx_HAL_Driver/Src/stm32g4xx_hal_dma.o
                0x0000000008002278                HAL_DMA_Init
 .text.HAL_DMA_Start_IT
                0x0000000008002350       0x94 ./Drivers/STM32G4xx_HAL_Driver/Src/stm32g4xx_hal_dma.o
                0x0000000008002350                HAL_DMA_Start_IT
 .text.HAL_DMA_IRQHandler
                0x00000000080023e4       0xc4 ./Drivers/STM32G4xx_HAL_Driver/Src/stm32g4xx_hal_dma.o
                0x00000000080023e4                HAL_DMA_IRQHandler
 .text.HAL_GPIO_Init
                0x00000000080024a8      0x1d4 ./Drivers/STM32G4xx_HAL_Driver/Src/stm32g4xx_hal_gpio.o
                0x00000000080024a8                HAL_GPIO_Init
 .text.HAL_GPIO_ReadPin
                0x000000000800267c        0xe ./Drivers/STM32G4xx_HAL_Driver/Src/stm32g4xx_hal_gpio.o
                0x000000000800267c                HAL_GPIO_ReadPin
 *fill*         0x000000000800268a        0x2 
 .text.HAL_GPIO_EXTI_IRQHandler
                0x000000000800268c       0x1c ./Drivers/STM32G4xx_HAL_Driver/Src/stm32g4xx_hal_gpio.o
                0x000000000800268c                HAL_GPIO_EXTI_IRQHandler
 .text.HAL_PCD_EP_DB_Receive
                0x00000000080026a8      0x118 ./Drivers/STM32G4xx_HAL_Driver/Src/stm32g4xx_hal_pcd.o
 .text.HAL_PCD_Init
                0x00000000080027c0       0xb6 ./Drivers/STM32G4xx_HAL_Driver/Src/stm32g4xx_hal_pcd.o
                0x00000000080027c0                HAL_PCD_Init
 .text.HAL_PCD_Start
                0x0000000008002876       0x2a ./Drivers/STM32G4xx_HAL_Driver/Src/stm32g4xx_hal_pcd.o
                0x0000000008002876                HAL_PCD_Start
 .text.HAL_PCD_EP_DB_Transmit
                0x00000000080028a0      0x414 ./Drivers/STM32G4xx_HAL_Driver/Src/stm32g4xx_hal_pcd.o
 .text.PCD_EP_ISR_Handler
                0x0000000008002cb4      0x52e ./Drivers/STM32G4xx_HAL_Driver/Src/stm32g4xx_hal_pcd.o
 .text.HAL_PCD_SetAddress
                0x00000000080031e2       0x26 ./Drivers/STM32G4xx_HAL_Driver/Src/stm32g4xx_hal_pcd.o
                0x00000000080031e2                HAL_PCD_SetAddress
 .text.HAL_PCD_IRQHandler
                0x0000000008003208      0x1b2 ./Drivers/STM32G4xx_HAL_Driver/Src/stm32g4xx_hal_pcd.o
                0x0000000008003208                HAL_PCD_IRQHandler
 .text.HAL_PCD_EP_Open
                0x00000000080033ba       0x84 ./Drivers/STM32G4xx_HAL_Driver/Src/stm32g4xx_hal_pcd.o
                0x00000000080033ba                HAL_PCD_EP_Open
 .text.HAL_PCD_EP_Close
                0x000000000800343e       0x6c ./Drivers/STM32G4xx_HAL_Driver/Src/stm32g4xx_hal_pcd.o
                0x000000000800343e                HAL_PCD_EP_Close
 .text.HAL_PCD_EP_Receive
                0x00000000080034aa       0x3a ./Drivers/STM32G4xx_HAL_Driver/Src/stm32g4xx_hal_pcd.o
                0x00000000080034aa                HAL_PCD_EP_Receive
 .text.HAL_PCD_EP_Transmit
                0x00000000080034e4       0x4c ./Drivers/STM32G4xx_HAL_Driver/Src/stm32g4xx_hal_pcd.o
                0x00000000080034e4                HAL_PCD_EP_Transmit
 .text.HAL_PCD_EP_SetStall
                0x0000000008003530       0x72 ./Drivers/STM32G4xx_HAL_Driver/Src/stm32g4xx_hal_pcd.o
                0x0000000008003530                HAL_PCD_EP_SetStall
 .text.HAL_PCD_EP_ClrStall
                0x00000000080035a2       0x7e ./Drivers/STM32G4xx_HAL_Driver/Src/stm32g4xx_hal_pcd.o
                0x00000000080035a2                HAL_PCD_EP_ClrStall
 .text.HAL_PCDEx_PMAConfig
                0x0000000008003620       0x38 ./Drivers/STM32G4xx_HAL_Driver/Src/stm32g4xx_hal_pcd_ex.o
                0x0000000008003620                HAL_PCDEx_PMAConfig
 .text.HAL_PCDEx_ActivateLPM
                0x0000000008003658       0x2c ./Drivers/STM32G4xx_HAL_Driver/Src/stm32g4xx_hal_pcd_ex.o
                0x0000000008003658                HAL_PCDEx_ActivateLPM
 .text.HAL_PWREx_ControlVoltageScaling
                0x0000000008003684      0x10c ./Drivers/STM32G4xx_HAL_Driver/Src/stm32g4xx_hal_pwr_ex.o
                0x0000000008003684                HAL_PWREx_ControlVoltageScaling
 .text.HAL_PWREx_DisableUCPDDeadBattery
                0x0000000008003790       0x10 ./Drivers/STM32G4xx_HAL_Driver/Src/stm32g4xx_hal_pwr_ex.o
                0x0000000008003790                HAL_PWREx_DisableUCPDDeadBattery
 .text.RCC_GetSysClockFreqFromPLLSource
                0x00000000080037a0       0x58 ./Drivers/STM32G4xx_HAL_Driver/Src/stm32g4xx_hal_rcc.o
 .text.HAL_RCC_OscConfig
                0x00000000080037f8      0x4e4 ./Drivers/STM32G4xx_HAL_Driver/Src/stm32g4xx_hal_rcc.o
                0x00000000080037f8                HAL_RCC_OscConfig
 .text.HAL_RCC_GetSysClockFreq
                0x0000000008003cdc       0x88 ./Drivers/STM32G4xx_HAL_Driver/Src/stm32g4xx_hal_rcc.o
                0x0000000008003cdc                HAL_RCC_GetSysClockFreq
 .text.HAL_RCC_ClockConfig
                0x0000000008003d64      0x1f8 ./Drivers/STM32G4xx_HAL_Driver/Src/stm32g4xx_hal_rcc.o
                0x0000000008003d64                HAL_RCC_ClockConfig
 .text.HAL_RCCEx_PeriphCLKConfig
                0x0000000008003f5c      0x2e4 ./Drivers/STM32G4xx_HAL_Driver/Src/stm32g4xx_hal_rcc_ex.o
                0x0000000008003f5c                HAL_RCCEx_PeriphCLKConfig
 .text.TIM_OC1_SetConfig
                0x0000000008004240       0x9c ./Drivers/STM32G4xx_HAL_Driver/Src/stm32g4xx_hal_tim.o
 .text.TIM_OC3_SetConfig
                0x00000000080042dc       0x8c ./Drivers/STM32G4xx_HAL_Driver/Src/stm32g4xx_hal_tim.o
 .text.TIM_OC4_SetConfig
                0x0000000008004368       0x8c ./Drivers/STM32G4xx_HAL_Driver/Src/stm32g4xx_hal_tim.o
 .text.TIM_OC5_SetConfig
                0x00000000080043f4       0x68 ./Drivers/STM32G4xx_HAL_Driver/Src/stm32g4xx_hal_tim.o
 .text.TIM_OC6_SetConfig
                0x000000000800445c       0x6c ./Drivers/STM32G4xx_HAL_Driver/Src/stm32g4xx_hal_tim.o
 .text.HAL_TIM_Base_Start
                0x00000000080044c8       0x7c ./Drivers/STM32G4xx_HAL_Driver/Src/stm32g4xx_hal_tim.o
                0x00000000080044c8                HAL_TIM_Base_Start
 .text.HAL_TIM_Base_Start_IT
                0x0000000008004544       0x84 ./Drivers/STM32G4xx_HAL_Driver/Src/stm32g4xx_hal_tim.o
                0x0000000008004544                HAL_TIM_Base_Start_IT
 .text.HAL_TIM_OC_DelayElapsedCallback
                0x00000000080045c8        0x2 ./Drivers/STM32G4xx_HAL_Driver/Src/stm32g4xx_hal_tim.o
                0x00000000080045c8                HAL_TIM_OC_DelayElapsedCallback
 .text.HAL_TIM_IC_CaptureCallback
                0x00000000080045ca        0x2 ./Drivers/STM32G4xx_HAL_Driver/Src/stm32g4xx_hal_tim.o
                0x00000000080045ca                HAL_TIM_IC_CaptureCallback
 .text.HAL_TIM_PWM_PulseFinishedCallback
                0x00000000080045cc        0x2 ./Drivers/STM32G4xx_HAL_Driver/Src/stm32g4xx_hal_tim.o
                0x00000000080045cc                HAL_TIM_PWM_PulseFinishedCallback
 .text.TIM_DMADelayPulseCplt
                0x00000000080045ce       0x70 ./Drivers/STM32G4xx_HAL_Driver/Src/stm32g4xx_hal_tim.o
 .text.HAL_TIM_PWM_PulseFinishedHalfCpltCallback
                0x000000000800463e        0x2 ./Drivers/STM32G4xx_HAL_Driver/Src/stm32g4xx_hal_tim.o
                0x000000000800463e                HAL_TIM_PWM_PulseFinishedHalfCpltCallback
 .text.TIM_DMADelayPulseHalfCplt
                0x0000000008004640       0x3e ./Drivers/STM32G4xx_HAL_Driver/Src/stm32g4xx_hal_tim.o
                0x0000000008004640                TIM_DMADelayPulseHalfCplt
 .text.HAL_TIM_TriggerCallback
                0x000000000800467e        0x2 ./Drivers/STM32G4xx_HAL_Driver/Src/stm32g4xx_hal_tim.o
                0x000000000800467e                HAL_TIM_TriggerCallback
 .text.HAL_TIM_IRQHandler
                0x0000000008004680      0x1ea ./Drivers/STM32G4xx_HAL_Driver/Src/stm32g4xx_hal_tim.o
                0x0000000008004680                HAL_TIM_IRQHandler
 .text.HAL_TIM_ErrorCallback
                0x000000000800486a        0x2 ./Drivers/STM32G4xx_HAL_Driver/Src/stm32g4xx_hal_tim.o
                0x000000000800486a                HAL_TIM_ErrorCallback
 .text.TIM_DMAError
                0x000000000800486c       0x5c ./Drivers/STM32G4xx_HAL_Driver/Src/stm32g4xx_hal_tim.o
                0x000000000800486c                TIM_DMAError
 .text.TIM_Base_SetConfig
                0x00000000080048c8       0xc8 ./Drivers/STM32G4xx_HAL_Driver/Src/stm32g4xx_hal_tim.o
                0x00000000080048c8                TIM_Base_SetConfig
 .text.HAL_TIM_Base_Init
                0x0000000008004990       0x60 ./Drivers/STM32G4xx_HAL_Driver/Src/stm32g4xx_hal_tim.o
                0x0000000008004990                HAL_TIM_Base_Init
 .text.HAL_TIM_PWM_Init
                0x00000000080049f0       0x60 ./Drivers/STM32G4xx_HAL_Driver/Src/stm32g4xx_hal_tim.o
                0x00000000080049f0                HAL_TIM_PWM_Init
 .text.TIM_OC2_SetConfig
                0x0000000008004a50       0x8c ./Drivers/STM32G4xx_HAL_Driver/Src/stm32g4xx_hal_tim.o
                0x0000000008004a50                TIM_OC2_SetConfig
 .text.HAL_TIM_PWM_ConfigChannel
                0x0000000008004adc      0x13a ./Drivers/STM32G4xx_HAL_Driver/Src/stm32g4xx_hal_tim.o
                0x0000000008004adc                HAL_TIM_PWM_ConfigChannel
 .text.TIM_CCxChannelCmd
                0x0000000008004c16       0x1e ./Drivers/STM32G4xx_HAL_Driver/Src/stm32g4xx_hal_tim.o
                0x0000000008004c16                TIM_CCxChannelCmd
 .text.HAL_TIM_PWM_Start_DMA
                0x0000000008004c34      0x2fc ./Drivers/STM32G4xx_HAL_Driver/Src/stm32g4xx_hal_tim.o
                0x0000000008004c34                HAL_TIM_PWM_Start_DMA
 .text.HAL_TIMEx_MasterConfigSynchronization
                0x0000000008004f30       0x94 ./Drivers/STM32G4xx_HAL_Driver/Src/stm32g4xx_hal_tim_ex.o
                0x0000000008004f30                HAL_TIMEx_MasterConfigSynchronization
 .text.HAL_TIMEx_CommutCallback
                0x0000000008004fc4        0x2 ./Drivers/STM32G4xx_HAL_Driver/Src/stm32g4xx_hal_tim_ex.o
                0x0000000008004fc4                HAL_TIMEx_CommutCallback
 .text.HAL_TIMEx_BreakCallback
                0x0000000008004fc6        0x2 ./Drivers/STM32G4xx_HAL_Driver/Src/stm32g4xx_hal_tim_ex.o
                0x0000000008004fc6                HAL_TIMEx_BreakCallback
 .text.HAL_TIMEx_Break2Callback
                0x0000000008004fc8        0x2 ./Drivers/STM32G4xx_HAL_Driver/Src/stm32g4xx_hal_tim_ex.o
                0x0000000008004fc8                HAL_TIMEx_Break2Callback
 .text.HAL_TIMEx_EncoderIndexCallback
                0x0000000008004fca        0x2 ./Drivers/STM32G4xx_HAL_Driver/Src/stm32g4xx_hal_tim_ex.o
                0x0000000008004fca                HAL_TIMEx_EncoderIndexCallback
 .text.HAL_TIMEx_DirectionChangeCallback
                0x0000000008004fcc        0x2 ./Drivers/STM32G4xx_HAL_Driver/Src/stm32g4xx_hal_tim_ex.o
                0x0000000008004fcc                HAL_TIMEx_DirectionChangeCallback
 .text.HAL_TIMEx_IndexErrorCallback
                0x0000000008004fce        0x2 ./Drivers/STM32G4xx_HAL_Driver/Src/stm32g4xx_hal_tim_ex.o
                0x0000000008004fce                HAL_TIMEx_IndexErrorCallback
 .text.HAL_TIMEx_TransitionErrorCallback
                0x0000000008004fd0        0x2 ./Drivers/STM32G4xx_HAL_Driver/Src/stm32g4xx_hal_tim_ex.o
                0x0000000008004fd0                HAL_TIMEx_TransitionErrorCallback
 .text.USB_EnableGlobalInt
                0x0000000008004fd2       0x12 ./Drivers/STM32G4xx_HAL_Driver/Src/stm32g4xx_ll_usb.o
                0x0000000008004fd2                USB_EnableGlobalInt
 .text.USB_DisableGlobalInt
                0x0000000008004fe4       0x14 ./Drivers/STM32G4xx_HAL_Driver/Src/stm32g4xx_ll_usb.o
                0x0000000008004fe4                USB_DisableGlobalInt
 .text.USB_DevInit
                0x0000000008004ff8       0x22 ./Drivers/STM32G4xx_HAL_Driver/Src/stm32g4xx_ll_usb.o
                0x0000000008004ff8                USB_DevInit
 .text.USB_ActivateEndpoint
                0x000000000800501a      0x3cc ./Drivers/STM32G4xx_HAL_Driver/Src/stm32g4xx_ll_usb.o
                0x000000000800501a                USB_ActivateEndpoint
 .text.USB_DeactivateEndpoint
                0x00000000080053e6      0x1d6 ./Drivers/STM32G4xx_HAL_Driver/Src/stm32g4xx_ll_usb.o
                0x00000000080053e6                USB_DeactivateEndpoint
 .text.USB_EPSetStall
                0x00000000080055bc       0x4a ./Drivers/STM32G4xx_HAL_Driver/Src/stm32g4xx_ll_usb.o
                0x00000000080055bc                USB_EPSetStall
 .text.USB_EPClearStall
                0x0000000008005606       0xa2 ./Drivers/STM32G4xx_HAL_Driver/Src/stm32g4xx_ll_usb.o
                0x0000000008005606                USB_EPClearStall
 .text.USB_SetDevAddress
                0x00000000080056a8        0xc ./Drivers/STM32G4xx_HAL_Driver/Src/stm32g4xx_ll_usb.o
                0x00000000080056a8                USB_SetDevAddress
 .text.USB_DevConnect
                0x00000000080056b4       0x16 ./Drivers/STM32G4xx_HAL_Driver/Src/stm32g4xx_ll_usb.o
                0x00000000080056b4                USB_DevConnect
 .text.USB_ReadInterrupts
                0x00000000080056ca        0x8 ./Drivers/STM32G4xx_HAL_Driver/Src/stm32g4xx_ll_usb.o
                0x00000000080056ca                USB_ReadInterrupts
 .text.USB_WritePMA
                0x00000000080056d2       0x24 ./Drivers/STM32G4xx_HAL_Driver/Src/stm32g4xx_ll_usb.o
                0x00000000080056d2                USB_WritePMA
 .text.USB_EPStartXfer
                0x00000000080056f6      0x7ce ./Drivers/STM32G4xx_HAL_Driver/Src/stm32g4xx_ll_usb.o
                0x00000000080056f6                USB_EPStartXfer
 .text.USB_ReadPMA
                0x0000000008005ec4       0x30 ./Drivers/STM32G4xx_HAL_Driver/Src/stm32g4xx_ll_usb.o
                0x0000000008005ec4                USB_ReadPMA
 .text.USBD_HID_GetFSCfgDesc
                0x0000000008005ef4        0xc ./Middlewares/ST/STM32_USB_Device_Library/Class/HID/Src/usbd_hid.o
 .text.USBD_HID_GetHSCfgDesc
                0x0000000008005f00        0xc ./Middlewares/ST/STM32_USB_Device_Library/Class/HID/Src/usbd_hid.o
 .text.USBD_HID_GetOtherSpeedCfgDesc
                0x0000000008005f0c        0xc ./Middlewares/ST/STM32_USB_Device_Library/Class/HID/Src/usbd_hid.o
 .text.USBD_HID_DataIn
                0x0000000008005f18        0xa ./Middlewares/ST/STM32_USB_Device_Library/Class/HID/Src/usbd_hid.o
 *fill*         0x0000000008005f22        0x2 
 .text.USBD_HID_GetDeviceQualifierDesc
                0x0000000008005f24        0xc ./Middlewares/ST/STM32_USB_Device_Library/Class/HID/Src/usbd_hid.o
 .text.USBD_HID_Setup
                0x0000000008005f30      0x124 ./Middlewares/ST/STM32_USB_Device_Library/Class/HID/Src/usbd_hid.o
 .text.USBD_HID_DeInit
                0x0000000008006054       0x24 ./Middlewares/ST/STM32_USB_Device_Library/Class/HID/Src/usbd_hid.o
 .text.USBD_HID_Init
                0x0000000008006078       0x40 ./Middlewares/ST/STM32_USB_Device_Library/Class/HID/Src/usbd_hid.o
 .text.USBD_Init
                0x00000000080060b8       0x2e ./Middlewares/ST/STM32_USB_Device_Library/Core/Src/usbd_core.o
                0x00000000080060b8                USBD_Init
 .text.USBD_RegisterClass
                0x00000000080060e6       0x2e ./Middlewares/ST/STM32_USB_Device_Library/Core/Src/usbd_core.o
                0x00000000080060e6                USBD_RegisterClass
 .text.USBD_Start
                0x0000000008006114        0x8 ./Middlewares/ST/STM32_USB_Device_Library/Core/Src/usbd_core.o
                0x0000000008006114                USBD_Start
 .text.USBD_SetClassConfig
                0x000000000800611c       0x12 ./Middlewares/ST/STM32_USB_Device_Library/Core/Src/usbd_core.o
                0x000000000800611c                USBD_SetClassConfig
 .text.USBD_ClrClassConfig
                0x000000000800612e       0x10 ./Middlewares/ST/STM32_USB_Device_Library/Core/Src/usbd_core.o
                0x000000000800612e                USBD_ClrClassConfig
 .text.USBD_LL_SetupStage
                0x000000000800613e       0x58 ./Middlewares/ST/STM32_USB_Device_Library/Core/Src/usbd_core.o
                0x000000000800613e                USBD_LL_SetupStage
 .text.USBD_LL_DataOutStage
                0x0000000008006196       0x78 ./Middlewares/ST/STM32_USB_Device_Library/Core/Src/usbd_core.o
                0x0000000008006196                USBD_LL_DataOutStage
 .text.USBD_LL_DataInStage
                0x000000000800620e       0xbe ./Middlewares/ST/STM32_USB_Device_Library/Core/Src/usbd_core.o
                0x000000000800620e                USBD_LL_DataInStage
 .text.USBD_LL_Reset
                0x00000000080062cc       0x5a ./Middlewares/ST/STM32_USB_Device_Library/Core/Src/usbd_core.o
                0x00000000080062cc                USBD_LL_Reset
 .text.USBD_LL_SetSpeed
                0x0000000008006326        0x6 ./Middlewares/ST/STM32_USB_Device_Library/Core/Src/usbd_core.o
                0x0000000008006326                USBD_LL_SetSpeed
 .text.USBD_LL_Suspend
                0x000000000800632c       0x14 ./Middlewares/ST/STM32_USB_Device_Library/Core/Src/usbd_core.o
                0x000000000800632c                USBD_LL_Suspend
 .text.USBD_LL_Resume
                0x0000000008006340       0x1a ./Middlewares/ST/STM32_USB_Device_Library/Core/Src/usbd_core.o
                0x0000000008006340                USBD_LL_Resume
 .text.USBD_LL_SOF
                0x000000000800635a       0x28 ./Middlewares/ST/STM32_USB_Device_Library/Core/Src/usbd_core.o
                0x000000000800635a                USBD_LL_SOF
 .text.USBD_GetLen
                0x0000000008006382       0x14 ./Middlewares/ST/STM32_USB_Device_Library/Core/Src/usbd_ctlreq.o
 .text.USBD_SetFeature
                0x0000000008006396       0x14 ./Middlewares/ST/STM32_USB_Device_Library/Core/Src/usbd_ctlreq.o
 .text.USBD_ParseSetupRequest
                0x00000000080063aa       0x28 ./Middlewares/ST/STM32_USB_Device_Library/Core/Src/usbd_ctlreq.o
                0x00000000080063aa                USBD_ParseSetupRequest
 .text.USBD_CtlError
                0x00000000080063d2       0x14 ./Middlewares/ST/STM32_USB_Device_Library/Core/Src/usbd_ctlreq.o
                0x00000000080063d2                USBD_CtlError
 .text.USBD_GetDescriptor
                0x00000000080063e6      0x1ac ./Middlewares/ST/STM32_USB_Device_Library/Core/Src/usbd_ctlreq.o
 .text.USBD_SetAddress
                0x0000000008006592       0x50 ./Middlewares/ST/STM32_USB_Device_Library/Core/Src/usbd_ctlreq.o
 *fill*         0x00000000080065e2        0x2 
 .text.USBD_SetConfig
                0x00000000080065e4       0xc8 ./Middlewares/ST/STM32_USB_Device_Library/Core/Src/usbd_ctlreq.o
 .text.USBD_GetConfig
                0x00000000080066ac       0x40 ./Middlewares/ST/STM32_USB_Device_Library/Core/Src/usbd_ctlreq.o
 .text.USBD_GetStatus
                0x00000000080066ec       0x38 ./Middlewares/ST/STM32_USB_Device_Library/Core/Src/usbd_ctlreq.o
 .text.USBD_ClrFeature
                0x0000000008006724       0x26 ./Middlewares/ST/STM32_USB_Device_Library/Core/Src/usbd_ctlreq.o
 .text.USBD_StdDevReq
                0x000000000800674a       0x70 ./Middlewares/ST/STM32_USB_Device_Library/Core/Src/usbd_ctlreq.o
                0x000000000800674a                USBD_StdDevReq
 .text.USBD_StdItfReq
                0x00000000080067ba       0x68 ./Middlewares/ST/STM32_USB_Device_Library/Core/Src/usbd_ctlreq.o
                0x00000000080067ba                USBD_StdItfReq
 .text.USBD_StdEPReq
                0x0000000008006822      0x1ec ./Middlewares/ST/STM32_USB_Device_Library/Core/Src/usbd_ctlreq.o
                0x0000000008006822                USBD_StdEPReq
 .text.USBD_GetString
                0x0000000008006a0e       0x3a ./Middlewares/ST/STM32_USB_Device_Library/Core/Src/usbd_ctlreq.o
                0x0000000008006a0e                USBD_GetString
 .text.USBD_CtlSendData
                0x0000000008006a48       0x1a ./Middlewares/ST/STM32_USB_Device_Library/Core/Src/usbd_ioreq.o
                0x0000000008006a48                USBD_CtlSendData
 .text.USBD_CtlContinueSendData
                0x0000000008006a62       0x10 ./Middlewares/ST/STM32_USB_Device_Library/Core/Src/usbd_ioreq.o
                0x0000000008006a62                USBD_CtlContinueSendData
 .text.USBD_CtlContinueRx
                0x0000000008006a72       0x10 ./Middlewares/ST/STM32_USB_Device_Library/Core/Src/usbd_ioreq.o
                0x0000000008006a72                USBD_CtlContinueRx
 .text.USBD_CtlSendStatus
                0x0000000008006a82       0x16 ./Middlewares/ST/STM32_USB_Device_Library/Core/Src/usbd_ioreq.o
                0x0000000008006a82                USBD_CtlSendStatus
 .text.USBD_CtlReceiveStatus
                0x0000000008006a98       0x16 ./Middlewares/ST/STM32_USB_Device_Library/Core/Src/usbd_ioreq.o
                0x0000000008006a98                USBD_CtlReceiveStatus
 *fill*         0x0000000008006aae        0x2 
 .text.MX_USB_Device_Init
                0x0000000008006ab0       0x40 ./USB_Device/App/usb_device.o
                0x0000000008006ab0                MX_USB_Device_Init
 .text.USBD_HID_DeviceDescriptor
                0x0000000008006af0        0xc ./USB_Device/App/usbd_desc.o
                0x0000000008006af0                USBD_HID_DeviceDescriptor
 .text.USBD_HID_LangIDStrDescriptor
                0x0000000008006afc        0xc ./USB_Device/App/usbd_desc.o
                0x0000000008006afc                USBD_HID_LangIDStrDescriptor
 .text.IntToUnicode
                0x0000000008006b08       0x46 ./USB_Device/App/usbd_desc.o
 *fill*         0x0000000008006b4e        0x2 
 .text.Get_SerialNum
                0x0000000008006b50       0x38 ./USB_Device/App/usbd_desc.o
 .text.USBD_HID_SerialStrDescriptor
                0x0000000008006b88       0x14 ./USB_Device/App/usbd_desc.o
                0x0000000008006b88                USBD_HID_SerialStrDescriptor
 .text.USBD_HID_ProductStrDescriptor
                0x0000000008006b9c       0x24 ./USB_Device/App/usbd_desc.o
                0x0000000008006b9c                USBD_HID_ProductStrDescriptor
 .text.USBD_HID_ManufacturerStrDescriptor
                0x0000000008006bc0       0x1c ./USB_Device/App/usbd_desc.o
                0x0000000008006bc0                USBD_HID_ManufacturerStrDescriptor
 .text.USBD_HID_ConfigStrDescriptor
                0x0000000008006bdc       0x24 ./USB_Device/App/usbd_desc.o
                0x0000000008006bdc                USBD_HID_ConfigStrDescriptor
 .text.USBD_HID_InterfaceStrDescriptor
                0x0000000008006c00       0x24 ./USB_Device/App/usbd_desc.o
                0x0000000008006c00                USBD_HID_InterfaceStrDescriptor
 .text.USBD_Get_USB_Status
                0x0000000008006c24       0x14 ./USB_Device/Target/usbd_conf.o
 .text.SystemClockConfig_Resume
                0x0000000008006c38        0x8 ./USB_Device/Target/usbd_conf.o
 .text.HAL_PCD_MspInit
                0x0000000008006c40       0x64 ./USB_Device/Target/usbd_conf.o
                0x0000000008006c40                HAL_PCD_MspInit
 .text.HAL_PCD_SetupStageCallback
                0x0000000008006ca4       0x10 ./USB_Device/Target/usbd_conf.o
                0x0000000008006ca4                HAL_PCD_SetupStageCallback
 .text.HAL_PCD_DataOutStageCallback
                0x0000000008006cb4       0x18 ./USB_Device/Target/usbd_conf.o
                0x0000000008006cb4                HAL_PCD_DataOutStageCallback
 .text.HAL_PCD_DataInStageCallback
                0x0000000008006ccc       0x16 ./USB_Device/Target/usbd_conf.o
                0x0000000008006ccc                HAL_PCD_DataInStageCallback
 .text.HAL_PCD_SOFCallback
                0x0000000008006ce2        0xc ./USB_Device/Target/usbd_conf.o
                0x0000000008006ce2                HAL_PCD_SOFCallback
 .text.HAL_PCD_ResetCallback
                0x0000000008006cee       0x24 ./USB_Device/Target/usbd_conf.o
                0x0000000008006cee                HAL_PCD_ResetCallback
 *fill*         0x0000000008006d12        0x2 
 .text.HAL_PCD_SuspendCallback
                0x0000000008006d14       0x20 ./USB_Device/Target/usbd_conf.o
                0x0000000008006d14                HAL_PCD_SuspendCallback
 .text.HAL_PCD_ResumeCallback
                0x0000000008006d34       0x28 ./USB_Device/Target/usbd_conf.o
                0x0000000008006d34                HAL_PCD_ResumeCallback
 .text.USBD_LL_Init
                0x0000000008006d5c       0x6c ./USB_Device/Target/usbd_conf.o
                0x0000000008006d5c                USBD_LL_Init
 .text.USBD_LL_Start
                0x0000000008006dc8       0x10 ./USB_Device/Target/usbd_conf.o
                0x0000000008006dc8                USBD_LL_Start
 .text.USBD_LL_OpenEP
                0x0000000008006dd8       0x16 ./USB_Device/Target/usbd_conf.o
                0x0000000008006dd8                USBD_LL_OpenEP
 .text.USBD_LL_CloseEP
                0x0000000008006dee       0x10 ./USB_Device/Target/usbd_conf.o
                0x0000000008006dee                USBD_LL_CloseEP
 .text.USBD_LL_StallEP
                0x0000000008006dfe       0x10 ./USB_Device/Target/usbd_conf.o
                0x0000000008006dfe                USBD_LL_StallEP
 .text.USBD_LL_ClearStallEP
                0x0000000008006e0e       0x10 ./USB_Device/Target/usbd_conf.o
                0x0000000008006e0e                USBD_LL_ClearStallEP
 .text.USBD_LL_IsStallEP
                0x0000000008006e1e       0x2c ./USB_Device/Target/usbd_conf.o
                0x0000000008006e1e                USBD_LL_IsStallEP
 .text.USBD_LL_SetUSBAddress
                0x0000000008006e4a       0x10 ./USB_Device/Target/usbd_conf.o
                0x0000000008006e4a                USBD_LL_SetUSBAddress
 .text.USBD_LL_Transmit
                0x0000000008006e5a       0x10 ./USB_Device/Target/usbd_conf.o
                0x0000000008006e5a                USBD_LL_Transmit
 .text.USBD_LL_PrepareReceive
                0x0000000008006e6a       0x10 ./USB_Device/Target/usbd_conf.o
                0x0000000008006e6a                USBD_LL_PrepareReceive
 *fill*         0x0000000008006e7a        0x2 
 .text.HAL_PCDEx_LPM_Callback
                0x0000000008006e7c       0x48 ./USB_Device/Target/usbd_conf.o
                0x0000000008006e7c                HAL_PCDEx_LPM_Callback
 .text.USBD_static_malloc
                0x0000000008006ec4        0x8 ./USB_Device/Target/usbd_conf.o
                0x0000000008006ec4                USBD_static_malloc
 .text.USBD_static_free
                0x0000000008006ecc        0x2 ./USB_Device/Target/usbd_conf.o
                0x0000000008006ecc                USBD_static_free
 .text.memset   0x0000000008006ece       0x10 D:/Study/ST/STM32CubeIDE_1.14.0/STM32CubeIDE/plugins/com.st.stm32cube.ide.mcu.externaltools.gnu-tools-for-stm32.11.3.rel1.win32_1.1.100.202309141235/tools/bin/../lib/gcc/arm-none-eabi/11.3.1/../../../../arm-none-eabi/lib/thumb/v7e-m+fp/hard\libc_nano.a(libc_a-memset.o)
                0x0000000008006ece                memset
 *fill*         0x0000000008006ede        0x2 
 .text.__libc_init_array
                0x0000000008006ee0       0x48 D:/Study/ST/STM32CubeIDE_1.14.0/STM32CubeIDE/plugins/com.st.stm32cube.ide.mcu.externaltools.gnu-tools-for-stm32.11.3.rel1.win32_1.1.100.202309141235/tools/bin/../lib/gcc/arm-none-eabi/11.3.1/../../../../arm-none-eabi/lib/thumb/v7e-m+fp/hard\libc_nano.a(libc_a-init.o)
                0x0000000008006ee0                __libc_init_array
 *(.glue_7)
 .glue_7        0x0000000008006f28        0x0 linker stubs
 *(.glue_7t)
 .glue_7t       0x0000000008006f28        0x0 linker stubs
 *(.eh_frame)
 .eh_frame      0x0000000008006f28        0x0 D:/Study/ST/STM32CubeIDE_1.14.0/STM32CubeIDE/plugins/com.st.stm32cube.ide.mcu.externaltools.gnu-tools-for-stm32.11.3.rel1.win32_1.1.100.202309141235/tools/bin/../lib/gcc/arm-none-eabi/11.3.1/thumb/v7e-m+fp/hard/crtbegin.o
 *(.init)
 .init          0x0000000008006f28        0x4 D:/Study/ST/STM32CubeIDE_1.14.0/STM32CubeIDE/plugins/com.st.stm32cube.ide.mcu.externaltools.gnu-tools-for-stm32.11.3.rel1.win32_1.1.100.202309141235/tools/bin/../lib/gcc/arm-none-eabi/11.3.1/thumb/v7e-m+fp/hard/crti.o
                0x0000000008006f28                _init
 .init          0x0000000008006f2c        0x8 D:/Study/ST/STM32CubeIDE_1.14.0/STM32CubeIDE/plugins/com.st.stm32cube.ide.mcu.externaltools.gnu-tools-for-stm32.11.3.rel1.win32_1.1.100.202309141235/tools/bin/../lib/gcc/arm-none-eabi/11.3.1/thumb/v7e-m+fp/hard/crtn.o
 *(.fini)
 .fini          0x0000000008006f34        0x4 D:/Study/ST/STM32CubeIDE_1.14.0/STM32CubeIDE/plugins/com.st.stm32cube.ide.mcu.externaltools.gnu-tools-for-stm32.11.3.rel1.win32_1.1.100.202309141235/tools/bin/../lib/gcc/arm-none-eabi/11.3.1/thumb/v7e-m+fp/hard/crti.o
                0x0000000008006f34                _fini
 .fini          0x0000000008006f38        0x8 D:/Study/ST/STM32CubeIDE_1.14.0/STM32CubeIDE/plugins/com.st.stm32cube.ide.mcu.externaltools.gnu-tools-for-stm32.11.3.rel1.win32_1.1.100.202309141235/tools/bin/../lib/gcc/arm-none-eabi/11.3.1/thumb/v7e-m+fp/hard/crtn.o
                0x0000000008006f40                . = ALIGN (0x4)
                0x0000000008006f40                _etext = .

.vfp11_veneer   0x0000000008006f40        0x0
 .vfp11_veneer  0x0000000008006f40        0x0 linker stubs

.v4_bx          0x0000000008006f40        0x0
 .v4_bx         0x0000000008006f40        0x0 linker stubs

.iplt           0x0000000008006f40        0x0
 .iplt          0x0000000008006f40        0x0 D:/Study/ST/STM32CubeIDE_1.14.0/STM32CubeIDE/plugins/com.st.stm32cube.ide.mcu.externaltools.gnu-tools-for-stm32.11.3.rel1.win32_1.1.100.202309141235/tools/bin/../lib/gcc/arm-none-eabi/11.3.1/thumb/v7e-m+fp/hard/crtbegin.o

.rodata         0x0000000008006f40       0x58
                0x0000000008006f40                . = ALIGN (0x4)
 *(.rodata)
 *(.rodata*)
 .rodata.AHBPrescTable
                0x0000000008006f40       0x10 ./Core/Src/system_stm32g4xx.o
                0x0000000008006f40                AHBPrescTable
 .rodata.USBD_HID_ProductStrDescriptor.str1.4
                0x0000000008006f50       0x16 ./USB_Device/App/usbd_desc.o
 *fill*         0x0000000008006f66        0x2 
 .rodata.USBD_HID_ManufacturerStrDescriptor.str1.4
                0x0000000008006f68       0x13 ./USB_Device/App/usbd_desc.o
 *fill*         0x0000000008006f7b        0x1 
 .rodata.USBD_HID_ConfigStrDescriptor.str1.4
                0x0000000008006f7c        0xb ./USB_Device/App/usbd_desc.o
 *fill*         0x0000000008006f87        0x1 
 .rodata.USBD_HID_InterfaceStrDescriptor.str1.4
                0x0000000008006f88        0xe ./USB_Device/App/usbd_desc.o
                0x0000000008006f98                . = ALIGN (0x4)
 *fill*         0x0000000008006f96        0x2 

.rel.dyn        0x0000000008006f98        0x0
 .rel.iplt      0x0000000008006f98        0x0 D:/Study/ST/STM32CubeIDE_1.14.0/STM32CubeIDE/plugins/com.st.stm32cube.ide.mcu.externaltools.gnu-tools-for-stm32.11.3.rel1.win32_1.1.100.202309141235/tools/bin/../lib/gcc/arm-none-eabi/11.3.1/thumb/v7e-m+fp/hard/crtbegin.o

.ARM.extab      0x0000000008006f98        0x0
                0x0000000008006f98                . = ALIGN (0x4)
 *(.ARM.extab* .gnu.linkonce.armextab.*)
                0x0000000008006f98                . = ALIGN (0x4)

.ARM            0x0000000008006f98        0x0
                0x0000000008006f98                . = ALIGN (0x4)
                0x0000000008006f98                __exidx_start = .
 *(.ARM.exidx*)
                0x0000000008006f98                __exidx_end = .
                0x0000000008006f98                . = ALIGN (0x4)

.preinit_array  0x0000000008006f98        0x0
                0x0000000008006f98                . = ALIGN (0x4)
                0x0000000008006f98                PROVIDE (__preinit_array_start = .)
 *(.preinit_array*)
                0x0000000008006f98                PROVIDE (__preinit_array_end = .)
                0x0000000008006f98                . = ALIGN (0x4)

.init_array     0x0000000008006f98        0x4
                0x0000000008006f98                . = ALIGN (0x4)
                0x0000000008006f98                PROVIDE (__init_array_start = .)
 *(SORT_BY_NAME(.init_array.*))
 *(.init_array*)
 .init_array    0x0000000008006f98        0x4 D:/Study/ST/STM32CubeIDE_1.14.0/STM32CubeIDE/plugins/com.st.stm32cube.ide.mcu.externaltools.gnu-tools-for-stm32.11.3.rel1.win32_1.1.100.202309141235/tools/bin/../lib/gcc/arm-none-eabi/11.3.1/thumb/v7e-m+fp/hard/crtbegin.o
                0x0000000008006f9c                PROVIDE (__init_array_end = .)
                0x0000000008006f9c                . = ALIGN (0x4)

.fini_array     0x0000000008006f9c        0x4
                0x0000000008006f9c                . = ALIGN (0x4)
                [!provide]                        PROVIDE (__fini_array_start = .)
 *(SORT_BY_NAME(.fini_array.*))
 *(.fini_array*)
 .fini_array    0x0000000008006f9c        0x4 D:/Study/ST/STM32CubeIDE_1.14.0/STM32CubeIDE/plugins/com.st.stm32cube.ide.mcu.externaltools.gnu-tools-for-stm32.11.3.rel1.win32_1.1.100.202309141235/tools/bin/../lib/gcc/arm-none-eabi/11.3.1/thumb/v7e-m+fp/hard/crtbegin.o
                [!provide]                        PROVIDE (__fini_array_end = .)
                0x0000000008006fa0                . = ALIGN (0x4)
                0x0000000008006fa0                _sidata = LOADADDR (.data)

.data           0x0000000020000000      0x184 load address 0x0000000008006fa0
                0x0000000020000000                . = ALIGN (0x4)
                0x0000000020000000                _sdata = .
 *(.data)
 *(.data*)
 .data.max_central_zone
                0x0000000020000000        0x2 ./Core/Src/ADC.o
                0x0000000020000000                max_central_zone
 .data.min_central_zone
                0x0000000020000002        0x2 ./Core/Src/ADC.o
                0x0000000020000002                min_central_zone
 .data.min_even1_val
                0x0000000020000004        0x2 ./Core/Src/ADC.o
                0x0000000020000004                min_even1_val
 .data.min_even2_val
                0x0000000020000006        0x2 ./Core/Src/ADC.o
                0x0000000020000006                min_even2_val
 .data.min_odd1_val
                0x0000000020000008        0x2 ./Core/Src/ADC.o
                0x0000000020000008                min_odd1_val
 .data.min_odd2_val
                0x000000002000000a        0x2 ./Core/Src/ADC.o
                0x000000002000000a                min_odd2_val
 .data.changed_statea_10
                0x000000002000000c        0x1 ./Core/Src/Buttons and Functions.o
                0x000000002000000c                changed_statea_10
 .data.changed_statea_13
                0x000000002000000d        0x1 ./Core/Src/Buttons and Functions.o
                0x000000002000000d                changed_statea_13
 .data.changed_statea_14
                0x000000002000000e        0x1 ./Core/Src/Buttons and Functions.o
                0x000000002000000e                changed_statea_14
 .data.changed_statea_15
                0x000000002000000f        0x1 ./Core/Src/Buttons and Functions.o
                0x000000002000000f                changed_statea_15
 .data.changed_statea_3
                0x0000000020000010        0x1 ./Core/Src/Buttons and Functions.o
                0x0000000020000010                changed_statea_3
 .data.changed_statea_5
                0x0000000020000011        0x1 ./Core/Src/Buttons and Functions.o
                0x0000000020000011                changed_statea_5
 .data.changed_statea_8
                0x0000000020000012        0x1 ./Core/Src/Buttons and Functions.o
                0x0000000020000012                changed_statea_8
 .data.changed_statea_9
                0x0000000020000013        0x1 ./Core/Src/Buttons and Functions.o
                0x0000000020000013                changed_statea_9
 .data.changed_stateb_0
                0x0000000020000014        0x1 ./Core/Src/Buttons and Functions.o
                0x0000000020000014                changed_stateb_0
 .data.changed_stateb_3
                0x0000000020000015        0x1 ./Core/Src/Buttons and Functions.o
                0x0000000020000015                changed_stateb_3
 .data.changed_stateb_4
                0x0000000020000016        0x1 ./Core/Src/Buttons and Functions.o
                0x0000000020000016                changed_stateb_4
 .data.changed_stateb_5
                0x0000000020000017        0x1 ./Core/Src/Buttons and Functions.o
                0x0000000020000017                changed_stateb_5
 .data.changed_stateb_6
                0x0000000020000018        0x1 ./Core/Src/Buttons and Functions.o
                0x0000000020000018                changed_stateb_6
 .data.changed_stateb_7
                0x0000000020000019        0x1 ./Core/Src/Buttons and Functions.o
                0x0000000020000019                changed_stateb_7
 *fill*         0x000000002000001a        0x2 
 .data.SystemCoreClock
                0x000000002000001c        0x4 ./Core/Src/system_stm32g4xx.o
                0x000000002000001c                SystemCoreClock
 .data.uwTickFreq
                0x0000000020000020        0x4 ./Drivers/STM32G4xx_HAL_Driver/Src/stm32g4xx_hal.o
                0x0000000020000020                uwTickFreq
 .data.uwTickPrio
                0x0000000020000024        0x4 ./Drivers/STM32G4xx_HAL_Driver/Src/stm32g4xx_hal.o
                0x0000000020000024                uwTickPrio
 .data.HID_MOUSE_ReportDesc
                0x0000000020000028       0x4a ./Middlewares/ST/STM32_USB_Device_Library/Class/HID/Src/usbd_hid.o
 *fill*         0x0000000020000072        0x2 
 .data.USBD_HID
                0x0000000020000074       0x38 ./Middlewares/ST/STM32_USB_Device_Library/Class/HID/Src/usbd_hid.o
                0x0000000020000074                USBD_HID
 .data.USBD_HID_CfgFSDesc
                0x00000000200000ac       0x22 ./Middlewares/ST/STM32_USB_Device_Library/Class/HID/Src/usbd_hid.o
 *fill*         0x00000000200000ce        0x2 
 .data.USBD_HID_CfgHSDesc
                0x00000000200000d0       0x22 ./Middlewares/ST/STM32_USB_Device_Library/Class/HID/Src/usbd_hid.o
 *fill*         0x00000000200000f2        0x2 
 .data.USBD_HID_Desc
                0x00000000200000f4        0x9 ./Middlewares/ST/STM32_USB_Device_Library/Class/HID/Src/usbd_hid.o
 *fill*         0x00000000200000fd        0x3 
 .data.USBD_HID_DeviceQualifierDesc
                0x0000000020000100        0xa ./Middlewares/ST/STM32_USB_Device_Library/Class/HID/Src/usbd_hid.o
 *fill*         0x000000002000010a        0x2 
 .data.USBD_HID_OtherSpeedCfgDesc
                0x000000002000010c       0x22 ./Middlewares/ST/STM32_USB_Device_Library/Class/HID/Src/usbd_hid.o
 *fill*         0x000000002000012e        0x2 
 .data.HID_Desc
                0x0000000020000130       0x20 ./USB_Device/App/usbd_desc.o
                0x0000000020000130                HID_Desc
 .data.USBD_HID_DeviceDesc
                0x0000000020000150       0x12 ./USB_Device/App/usbd_desc.o
                0x0000000020000150                USBD_HID_DeviceDesc
 *fill*         0x0000000020000162        0x2 
 .data.USBD_LangIDDesc
                0x0000000020000164        0x4 ./USB_Device/App/usbd_desc.o
                0x0000000020000164                USBD_LangIDDesc
 .data.USBD_StringSerial
                0x0000000020000168       0x1a ./USB_Device/App/usbd_desc.o
                0x0000000020000168                USBD_StringSerial
 *(.RamFunc)
 *(.RamFunc*)
                0x0000000020000184                . = ALIGN (0x4)
 *fill*         0x0000000020000182        0x2 
                0x0000000020000184                _edata = .

.igot.plt       0x0000000020000184        0x0 load address 0x0000000008007124
 .igot.plt      0x0000000020000184        0x0 D:/Study/ST/STM32CubeIDE_1.14.0/STM32CubeIDE/plugins/com.st.stm32cube.ide.mcu.externaltools.gnu-tools-for-stm32.11.3.rel1.win32_1.1.100.202309141235/tools/bin/../lib/gcc/arm-none-eabi/11.3.1/thumb/v7e-m+fp/hard/crtbegin.o
                0x0000000020000184                . = ALIGN (0x4)

.bss            0x0000000020000184     0x11f4 load address 0x0000000008007124
                0x0000000020000184                _sbss = .
                0x0000000020000184                __bss_start__ = _sbss
 *(.bss)
 .bss           0x0000000020000184       0x1c D:/Study/ST/STM32CubeIDE_1.14.0/STM32CubeIDE/plugins/com.st.stm32cube.ide.mcu.externaltools.gnu-tools-for-stm32.11.3.rel1.win32_1.1.100.202309141235/tools/bin/../lib/gcc/arm-none-eabi/11.3.1/thumb/v7e-m+fp/hard/crtbegin.o
 *(.bss*)
 .bss.adc_buffer1
                0x00000000200001a0        0x4 ./Core/Src/ADC.o
 .bss.adc_buffer2
                0x00000000200001a4        0x4 ./Core/Src/ADC.o
 .bss.adc_x1    0x00000000200001a8        0x2 ./Core/Src/ADC.o
 .bss.adc_x2    0x00000000200001aa        0x2 ./Core/Src/ADC.o
 .bss.adc_y1    0x00000000200001ac        0x2 ./Core/Src/ADC.o
 .bss.adc_y2    0x00000000200001ae        0x2 ./Core/Src/ADC.o
 .bss.calibration_done
                0x00000000200001b0        0x1 ./Core/Src/ADC.o
                0x00000000200001b0                calibration_done
 *fill*         0x00000000200001b1        0x1 
 .bss.max_even1_val
                0x00000000200001b2        0x2 ./Core/Src/ADC.o
                0x00000000200001b2                max_even1_val
 .bss.max_even2_val
                0x00000000200001b4        0x2 ./Core/Src/ADC.o
                0x00000000200001b4                max_even2_val
 .bss.max_odd1_val
                0x00000000200001b6        0x2 ./Core/Src/ADC.o
                0x00000000200001b6                max_odd1_val
 .bss.max_odd2_val
                0x00000000200001b8        0x2 ./Core/Src/ADC.o
                0x00000000200001b8                max_odd2_val
 .bss.CurrentState
                0x00000000200001ba        0x1 ./Core/Src/Buttons and Functions.o
                0x00000000200001ba                CurrentState
 *fill*         0x00000000200001bb        0x1 
 .bss.LED_Data  0x00000000200001bc       0x60 ./Core/Src/Buttons and Functions.o
                0x00000000200001bc                LED_Data
 .bss.check_status
                0x000000002000021c        0x1 ./Core/Src/Buttons and Functions.o
 *fill*         0x000000002000021d        0x3 
 .bss.color     0x0000000020000220        0x4 ./Core/Src/Buttons and Functions.o
                0x0000000020000220                color
 .bss.dmaBuff   0x0000000020000224      0x300 ./Core/Src/Buttons and Functions.o
                0x0000000020000224                dmaBuff
 .bss.light_on  0x0000000020000524        0x1 ./Core/Src/Buttons and Functions.o
 *fill*         0x0000000020000525        0x3 
 .bss.overflow_count
                0x0000000020000528        0x4 ./Core/Src/Buttons and Functions.o
                0x0000000020000528                overflow_count
 .bss.pwmData   0x000000002000052c      0x300 ./Core/Src/Buttons and Functions.o
                0x000000002000052c                pwmData
 .bss.status_flag1
                0x000000002000082c        0x1 ./Core/Src/Buttons and Functions.o
 .bss.status_flag2
                0x000000002000082d        0x1 ./Core/Src/Buttons and Functions.o
 *fill*         0x000000002000082e        0x2 
 .bss.hadc1     0x0000000020000830       0x6c ./Core/Src/main.o
                0x0000000020000830                hadc1
 .bss.hadc2     0x000000002000089c       0x6c ./Core/Src/main.o
                0x000000002000089c                hadc2
 .bss.hdma_adc1
                0x0000000020000908       0x60 ./Core/Src/main.o
                0x0000000020000908                hdma_adc1
 .bss.hdma_adc2
                0x0000000020000968       0x60 ./Core/Src/main.o
                0x0000000020000968                hdma_adc2
 .bss.hdma_tim3_ch2
                0x00000000200009c8       0x60 ./Core/Src/main.o
                0x00000000200009c8                hdma_tim3_ch2
 .bss.htim16    0x0000000020000a28       0x4c ./Core/Src/main.o
                0x0000000020000a28                htim16
 .bss.htim17    0x0000000020000a74       0x4c ./Core/Src/main.o
                0x0000000020000a74                htim17
 .bss.htim3     0x0000000020000ac0       0x4c ./Core/Src/main.o
                0x0000000020000ac0                htim3
 .bss.htim6     0x0000000020000b0c       0x4c ./Core/Src/main.o
                0x0000000020000b0c                htim6
 .bss.htim7     0x0000000020000b58       0x4c ./Core/Src/main.o
                0x0000000020000b58                htim7
 .bss.last_gpioa_state
                0x0000000020000ba4        0x2 ./Core/Src/main.o
                0x0000000020000ba4                last_gpioa_state
 .bss.last_gpiob_state
                0x0000000020000ba6        0x2 ./Core/Src/main.o
                0x0000000020000ba6                last_gpiob_state
 .bss.previous_gpioa_state
                0x0000000020000ba8        0x2 ./Core/Src/main.o
                0x0000000020000ba8                previous_gpioa_state
 .bss.previous_gpiob_state
                0x0000000020000baa        0x2 ./Core/Src/main.o
                0x0000000020000baa                previous_gpiob_state
 .bss.HAL_RCC_ADC12_CLK_ENABLED
                0x0000000020000bac        0x4 ./Core/Src/stm32g4xx_hal_msp.o
 .bss.uwTick    0x0000000020000bb0        0x4 ./Drivers/STM32G4xx_HAL_Driver/Src/stm32g4xx_hal.o
                0x0000000020000bb0                uwTick
 .bss.cfgidx.0  0x0000000020000bb4        0x1 ./Middlewares/ST/STM32_USB_Device_Library/Core/Src/usbd_ctlreq.o
 *fill*         0x0000000020000bb5        0x3 
 .bss.hUsbDeviceFS
                0x0000000020000bb8      0x2d0 ./USB_Device/App/usb_device.o
                0x0000000020000bb8                hUsbDeviceFS
 .bss.USBD_StrDesc
                0x0000000020000e88      0x200 ./USB_Device/App/usbd_desc.o
                0x0000000020000e88                USBD_StrDesc
 .bss.hpcd_USB_FS
                0x0000000020001088      0x2dc ./USB_Device/Target/usbd_conf.o
                0x0000000020001088                hpcd_USB_FS
 .bss.mem.0     0x0000000020001364       0x14 ./USB_Device/Target/usbd_conf.o
 *(COMMON)
                0x0000000020001378                . = ALIGN (0x4)
                0x0000000020001378                _ebss = .
                0x0000000020001378                __bss_end__ = _ebss

._user_heap_stack
                0x0000000020001378      0x600 load address 0x0000000008007124
                0x0000000020001378                . = ALIGN (0x8)
                [!provide]                        PROVIDE (end = .)
                0x0000000020001378                PROVIDE (_end = .)
                0x0000000020001578                . = (. + _Min_Heap_Size)
 *fill*         0x0000000020001378      0x200 
                0x0000000020001978                . = (. + _Min_Stack_Size)
 *fill*         0x0000000020001578      0x400 
                0x0000000020001978                . = ALIGN (0x8)

/DISCARD/
 libc.a(*)
 libm.a(*)
 libgcc.a(*)

.ARM.attributes
                0x0000000000000000       0x30
 *(.ARM.attributes)
 .ARM.attributes
                0x0000000000000000       0x1e D:/Study/ST/STM32CubeIDE_1.14.0/STM32CubeIDE/plugins/com.st.stm32cube.ide.mcu.externaltools.gnu-tools-for-stm32.11.3.rel1.win32_1.1.100.202309141235/tools/bin/../lib/gcc/arm-none-eabi/11.3.1/thumb/v7e-m+fp/hard/crti.o
 .ARM.attributes
                0x000000000000001e       0x34 D:/Study/ST/STM32CubeIDE_1.14.0/STM32CubeIDE/plugins/com.st.stm32cube.ide.mcu.externaltools.gnu-tools-for-stm32.11.3.rel1.win32_1.1.100.202309141235/tools/bin/../lib/gcc/arm-none-eabi/11.3.1/thumb/v7e-m+fp/hard/crtbegin.o
 .ARM.attributes
                0x0000000000000052       0x34 ./Core/Src/ADC.o
 .ARM.attributes
                0x0000000000000086       0x34 ./Core/Src/Buttons and Functions.o
 .ARM.attributes
                0x00000000000000ba       0x34 ./Core/Src/main.o
 .ARM.attributes
                0x00000000000000ee       0x34 ./Core/Src/stm32g4xx_hal_msp.o
 .ARM.attributes
                0x0000000000000122       0x34 ./Core/Src/stm32g4xx_it.o
 .ARM.attributes
                0x0000000000000156       0x34 ./Core/Src/system_stm32g4xx.o
 .ARM.attributes
                0x000000000000018a       0x21 ./Core/Startup/startup_stm32g431kbux.o
 .ARM.attributes
                0x00000000000001ab       0x34 ./Drivers/STM32G4xx_HAL_Driver/Src/stm32g4xx_hal.o
 .ARM.attributes
                0x00000000000001df       0x34 ./Drivers/STM32G4xx_HAL_Driver/Src/stm32g4xx_hal_adc.o
 .ARM.attributes
                0x0000000000000213       0x34 ./Drivers/STM32G4xx_HAL_Driver/Src/stm32g4xx_hal_adc_ex.o
 .ARM.attributes
                0x0000000000000247       0x34 ./Drivers/STM32G4xx_HAL_Driver/Src/stm32g4xx_hal_cortex.o
 .ARM.attributes
                0x000000000000027b       0x34 ./Drivers/STM32G4xx_HAL_Driver/Src/stm32g4xx_hal_dma.o
 .ARM.attributes
                0x00000000000002af       0x34 ./Drivers/STM32G4xx_HAL_Driver/Src/stm32g4xx_hal_gpio.o
 .ARM.attributes
                0x00000000000002e3       0x34 ./Drivers/STM32G4xx_HAL_Driver/Src/stm32g4xx_hal_pcd.o
 .ARM.attributes
                0x0000000000000317       0x34 ./Drivers/STM32G4xx_HAL_Driver/Src/stm32g4xx_hal_pcd_ex.o
 .ARM.attributes
                0x000000000000034b       0x34 ./Drivers/STM32G4xx_HAL_Driver/Src/stm32g4xx_hal_pwr_ex.o
 .ARM.attributes
                0x000000000000037f       0x34 ./Drivers/STM32G4xx_HAL_Driver/Src/stm32g4xx_hal_rcc.o
 .ARM.attributes
                0x00000000000003b3       0x34 ./Drivers/STM32G4xx_HAL_Driver/Src/stm32g4xx_hal_rcc_ex.o
 .ARM.attributes
                0x00000000000003e7       0x34 ./Drivers/STM32G4xx_HAL_Driver/Src/stm32g4xx_hal_tim.o
 .ARM.attributes
                0x000000000000041b       0x34 ./Drivers/STM32G4xx_HAL_Driver/Src/stm32g4xx_hal_tim_ex.o
 .ARM.attributes
                0x000000000000044f       0x34 ./Drivers/STM32G4xx_HAL_Driver/Src/stm32g4xx_ll_usb.o
 .ARM.attributes
                0x0000000000000483       0x34 ./Middlewares/ST/STM32_USB_Device_Library/Class/HID/Src/usbd_hid.o
 .ARM.attributes
                0x00000000000004b7       0x34 ./Middlewares/ST/STM32_USB_Device_Library/Core/Src/usbd_core.o
 .ARM.attributes
                0x00000000000004eb       0x34 ./Middlewares/ST/STM32_USB_Device_Library/Core/Src/usbd_ctlreq.o
 .ARM.attributes
                0x000000000000051f       0x34 ./Middlewares/ST/STM32_USB_Device_Library/Core/Src/usbd_ioreq.o
 .ARM.attributes
                0x0000000000000553       0x34 ./USB_Device/App/usb_device.o
 .ARM.attributes
                0x0000000000000587       0x34 ./USB_Device/App/usbd_desc.o
 .ARM.attributes
                0x00000000000005bb       0x34 ./USB_Device/Target/usbd_conf.o
 .ARM.attributes
                0x00000000000005ef       0x34 D:/Study/ST/STM32CubeIDE_1.14.0/STM32CubeIDE/plugins/com.st.stm32cube.ide.mcu.externaltools.gnu-tools-for-stm32.11.3.rel1.win32_1.1.100.202309141235/tools/bin/../lib/gcc/arm-none-eabi/11.3.1/../../../../arm-none-eabi/lib/thumb/v7e-m+fp/hard\libc_nano.a(libc_a-memset.o)
 .ARM.attributes
                0x0000000000000623       0x34 D:/Study/ST/STM32CubeIDE_1.14.0/STM32CubeIDE/plugins/com.st.stm32cube.ide.mcu.externaltools.gnu-tools-for-stm32.11.3.rel1.win32_1.1.100.202309141235/tools/bin/../lib/gcc/arm-none-eabi/11.3.1/../../../../arm-none-eabi/lib/thumb/v7e-m+fp/hard\libc_nano.a(libc_a-init.o)
 .ARM.attributes
                0x0000000000000657       0x1e D:/Study/ST/STM32CubeIDE_1.14.0/STM32CubeIDE/plugins/com.st.stm32cube.ide.mcu.externaltools.gnu-tools-for-stm32.11.3.rel1.win32_1.1.100.202309141235/tools/bin/../lib/gcc/arm-none-eabi/11.3.1/thumb/v7e-m+fp/hard/crtn.o
OUTPUT(Gamepad_v1.0.elf elf32-littlearm)
LOAD linker stubs
LOAD D:/Study/ST/STM32CubeIDE_1.14.0/STM32CubeIDE/plugins/com.st.stm32cube.ide.mcu.externaltools.gnu-tools-for-stm32.11.3.rel1.win32_1.1.100.202309141235/tools/bin/../lib/gcc/arm-none-eabi/11.3.1/../../../../arm-none-eabi/lib/thumb/v7e-m+fp/hard\libc.a
LOAD D:/Study/ST/STM32CubeIDE_1.14.0/STM32CubeIDE/plugins/com.st.stm32cube.ide.mcu.externaltools.gnu-tools-for-stm32.11.3.rel1.win32_1.1.100.202309141235/tools/bin/../lib/gcc/arm-none-eabi/11.3.1/../../../../arm-none-eabi/lib/thumb/v7e-m+fp/hard\libm.a
LOAD D:/Study/ST/STM32CubeIDE_1.14.0/STM32CubeIDE/plugins/com.st.stm32cube.ide.mcu.externaltools.gnu-tools-for-stm32.11.3.rel1.win32_1.1.100.202309141235/tools/bin/../lib/gcc/arm-none-eabi/11.3.1/thumb/v7e-m+fp/hard\libgcc.a

.comment        0x0000000000000000       0x43
 .comment       0x0000000000000000       0x43 D:/Study/ST/STM32CubeIDE_1.14.0/STM32CubeIDE/plugins/com.st.stm32cube.ide.mcu.externaltools.gnu-tools-for-stm32.11.3.rel1.win32_1.1.100.202309141235/tools/bin/../lib/gcc/arm-none-eabi/11.3.1/thumb/v7e-m+fp/hard/crtbegin.o
                                         0x44 (size before relaxing)
 .comment       0x0000000000000043       0x44 ./Core/Src/ADC.o
 .comment       0x0000000000000043       0x44 ./Core/Src/Buttons and Functions.o
 .comment       0x0000000000000043       0x44 ./Core/Src/main.o
 .comment       0x0000000000000043       0x44 ./Core/Src/stm32g4xx_hal_msp.o
 .comment       0x0000000000000043       0x44 ./Core/Src/stm32g4xx_it.o
 .comment       0x0000000000000043       0x44 ./Core/Src/system_stm32g4xx.o
 .comment       0x0000000000000043       0x44 ./Drivers/STM32G4xx_HAL_Driver/Src/stm32g4xx_hal.o
 .comment       0x0000000000000043       0x44 ./Drivers/STM32G4xx_HAL_Driver/Src/stm32g4xx_hal_adc.o
 .comment       0x0000000000000043       0x44 ./Drivers/STM32G4xx_HAL_Driver/Src/stm32g4xx_hal_adc_ex.o
 .comment       0x0000000000000043       0x44 ./Drivers/STM32G4xx_HAL_Driver/Src/stm32g4xx_hal_cortex.o
 .comment       0x0000000000000043       0x44 ./Drivers/STM32G4xx_HAL_Driver/Src/stm32g4xx_hal_dma.o
 .comment       0x0000000000000043       0x44 ./Drivers/STM32G4xx_HAL_Driver/Src/stm32g4xx_hal_gpio.o
 .comment       0x0000000000000043       0x44 ./Drivers/STM32G4xx_HAL_Driver/Src/stm32g4xx_hal_pcd.o
 .comment       0x0000000000000043       0x44 ./Drivers/STM32G4xx_HAL_Driver/Src/stm32g4xx_hal_pcd_ex.o
 .comment       0x0000000000000043       0x44 ./Drivers/STM32G4xx_HAL_Driver/Src/stm32g4xx_hal_pwr_ex.o
 .comment       0x0000000000000043       0x44 ./Drivers/STM32G4xx_HAL_Driver/Src/stm32g4xx_hal_rcc.o
 .comment       0x0000000000000043       0x44 ./Drivers/STM32G4xx_HAL_Driver/Src/stm32g4xx_hal_rcc_ex.o
 .comment       0x0000000000000043       0x44 ./Drivers/STM32G4xx_HAL_Driver/Src/stm32g4xx_hal_tim.o
 .comment       0x0000000000000043       0x44 ./Drivers/STM32G4xx_HAL_Driver/Src/stm32g4xx_hal_tim_ex.o
 .comment       0x0000000000000043       0x44 ./Drivers/STM32G4xx_HAL_Driver/Src/stm32g4xx_ll_usb.o
 .comment       0x0000000000000043       0x44 ./Middlewares/ST/STM32_USB_Device_Library/Class/HID/Src/usbd_hid.o
 .comment       0x0000000000000043       0x44 ./Middlewares/ST/STM32_USB_Device_Library/Core/Src/usbd_core.o
 .comment       0x0000000000000043       0x44 ./Middlewares/ST/STM32_USB_Device_Library/Core/Src/usbd_ctlreq.o
 .comment       0x0000000000000043       0x44 ./Middlewares/ST/STM32_USB_Device_Library/Core/Src/usbd_ioreq.o
 .comment       0x0000000000000043       0x44 ./USB_Device/App/usb_device.o
 .comment       0x0000000000000043       0x44 ./USB_Device/App/usbd_desc.o
 .comment       0x0000000000000043       0x44 ./USB_Device/Target/usbd_conf.o

.debug_info     0x0000000000000000    0x22fc4
 .debug_info    0x0000000000000000     0x1049 ./Core/Src/ADC.o
 .debug_info    0x0000000000001049     0x11ee ./Core/Src/Buttons and Functions.o
 .debug_info    0x0000000000002237     0x2080 ./Core/Src/main.o
 .debug_info    0x00000000000042b7     0x1868 ./Core/Src/stm32g4xx_hal_msp.o
 .debug_info    0x0000000000005b1f     0x144f ./Core/Src/stm32g4xx_it.o
 .debug_info    0x0000000000006f6e      0x5a7 ./Core/Src/system_stm32g4xx.o
 .debug_info    0x0000000000007515       0x23 ./Core/Startup/startup_stm32g431kbux.o
 .debug_info    0x0000000000007538      0xb98 ./Drivers/STM32G4xx_HAL_Driver/Src/stm32g4xx_hal.o
 .debug_info    0x00000000000080d0     0x35d8 ./Drivers/STM32G4xx_HAL_Driver/Src/stm32g4xx_hal_adc.o
 .debug_info    0x000000000000b6a8     0x2ed9 ./Drivers/STM32G4xx_HAL_Driver/Src/stm32g4xx_hal_adc_ex.o
 .debug_info    0x000000000000e581      0xf44 ./Drivers/STM32G4xx_HAL_Driver/Src/stm32g4xx_hal_cortex.o
 .debug_info    0x000000000000f4c5      0x9cc ./Drivers/STM32G4xx_HAL_Driver/Src/stm32g4xx_hal_dma.o
 .debug_info    0x000000000000fe91      0x799 ./Drivers/STM32G4xx_HAL_Driver/Src/stm32g4xx_hal_gpio.o
 .debug_info    0x000000000001062a     0x1b7b ./Drivers/STM32G4xx_HAL_Driver/Src/stm32g4xx_hal_pcd.o
 .debug_info    0x00000000000121a5      0x977 ./Drivers/STM32G4xx_HAL_Driver/Src/stm32g4xx_hal_pcd_ex.o
 .debug_info    0x0000000000012b1c      0x9c1 ./Drivers/STM32G4xx_HAL_Driver/Src/stm32g4xx_hal_pwr_ex.o
 .debug_info    0x00000000000134dd      0xddf ./Drivers/STM32G4xx_HAL_Driver/Src/stm32g4xx_hal_rcc.o
 .debug_info    0x00000000000142bc      0xdf8 ./Drivers/STM32G4xx_HAL_Driver/Src/stm32g4xx_hal_rcc_ex.o
 .debug_info    0x00000000000150b4     0x3ec1 ./Drivers/STM32G4xx_HAL_Driver/Src/stm32g4xx_hal_tim.o
 .debug_info    0x0000000000018f75     0x24c3 ./Drivers/STM32G4xx_HAL_Driver/Src/stm32g4xx_hal_tim_ex.o
 .debug_info    0x000000000001b438     0x19cf ./Drivers/STM32G4xx_HAL_Driver/Src/stm32g4xx_ll_usb.o
 .debug_info    0x000000000001ce07      0xb26 ./Middlewares/ST/STM32_USB_Device_Library/Class/HID/Src/usbd_hid.o
 .debug_info    0x000000000001d92d      0xe6f ./Middlewares/ST/STM32_USB_Device_Library/Core/Src/usbd_core.o
 .debug_info    0x000000000001e79c     0x12f7 ./Middlewares/ST/STM32_USB_Device_Library/Core/Src/usbd_ctlreq.o
 .debug_info    0x000000000001fa93      0x851 ./Middlewares/ST/STM32_USB_Device_Library/Core/Src/usbd_ioreq.o
 .debug_info    0x00000000000202e4      0x620 ./USB_Device/App/usb_device.o
 .debug_info    0x0000000000020904      0x5cf ./USB_Device/App/usbd_desc.o
 .debug_info    0x0000000000020ed3     0x20f1 ./USB_Device/Target/usbd_conf.o

.debug_abbrev   0x0000000000000000     0x4581
 .debug_abbrev  0x0000000000000000      0x25c ./Core/Src/ADC.o
 .debug_abbrev  0x000000000000025c      0x2bb ./Core/Src/Buttons and Functions.o
 .debug_abbrev  0x0000000000000517      0x32c ./Core/Src/main.o
 .debug_abbrev  0x0000000000000843      0x29b ./Core/Src/stm32g4xx_hal_msp.o
 .debug_abbrev  0x0000000000000ade      0x24c ./Core/Src/stm32g4xx_it.o
 .debug_abbrev  0x0000000000000d2a      0x120 ./Core/Src/system_stm32g4xx.o
 .debug_abbrev  0x0000000000000e4a       0x12 ./Core/Startup/startup_stm32g431kbux.o
 .debug_abbrev  0x0000000000000e5c      0x27f ./Drivers/STM32G4xx_HAL_Driver/Src/stm32g4xx_hal.o
 .debug_abbrev  0x00000000000010db      0x31b ./Drivers/STM32G4xx_HAL_Driver/Src/stm32g4xx_hal_adc.o
 .debug_abbrev  0x00000000000013f6      0x391 ./Drivers/STM32G4xx_HAL_Driver/Src/stm32g4xx_hal_adc_ex.o
 .debug_abbrev  0x0000000000001787      0x36d ./Drivers/STM32G4xx_HAL_Driver/Src/stm32g4xx_hal_cortex.o
 .debug_abbrev  0x0000000000001af4      0x217 ./Drivers/STM32G4xx_HAL_Driver/Src/stm32g4xx_hal_dma.o
 .debug_abbrev  0x0000000000001d0b      0x1fb ./Drivers/STM32G4xx_HAL_Driver/Src/stm32g4xx_hal_gpio.o
 .debug_abbrev  0x0000000000001f06      0x2e4 ./Drivers/STM32G4xx_HAL_Driver/Src/stm32g4xx_hal_pcd.o
 .debug_abbrev  0x00000000000021ea      0x26f ./Drivers/STM32G4xx_HAL_Driver/Src/stm32g4xx_hal_pcd_ex.o
 .debug_abbrev  0x0000000000002459      0x24b ./Drivers/STM32G4xx_HAL_Driver/Src/stm32g4xx_hal_pwr_ex.o
 .debug_abbrev  0x00000000000026a4      0x2ad ./Drivers/STM32G4xx_HAL_Driver/Src/stm32g4xx_hal_rcc.o
 .debug_abbrev  0x0000000000002951      0x281 ./Drivers/STM32G4xx_HAL_Driver/Src/stm32g4xx_hal_rcc_ex.o
 .debug_abbrev  0x0000000000002bd2      0x2a2 ./Drivers/STM32G4xx_HAL_Driver/Src/stm32g4xx_hal_tim.o
 .debug_abbrev  0x0000000000002e74      0x2b3 ./Drivers/STM32G4xx_HAL_Driver/Src/stm32g4xx_hal_tim_ex.o
 .debug_abbrev  0x0000000000003127      0x2c8 ./Drivers/STM32G4xx_HAL_Driver/Src/stm32g4xx_ll_usb.o
 .debug_abbrev  0x00000000000033ef      0x2be ./Middlewares/ST/STM32_USB_Device_Library/Class/HID/Src/usbd_hid.o
 .debug_abbrev  0x00000000000036ad      0x291 ./Middlewares/ST/STM32_USB_Device_Library/Core/Src/usbd_core.o
 .debug_abbrev  0x000000000000393e      0x353 ./Middlewares/ST/STM32_USB_Device_Library/Core/Src/usbd_ctlreq.o
 .debug_abbrev  0x0000000000003c91      0x1c1 ./Middlewares/ST/STM32_USB_Device_Library/Core/Src/usbd_ioreq.o
 .debug_abbrev  0x0000000000003e52      0x1bc ./USB_Device/App/usb_device.o
 .debug_abbrev  0x000000000000400e      0x231 ./USB_Device/App/usbd_desc.o
 .debug_abbrev  0x000000000000423f      0x342 ./USB_Device/Target/usbd_conf.o

.debug_loclists
                0x0000000000000000     0xf224
 .debug_loclists
                0x0000000000000000      0x19e ./Core/Src/ADC.o
 .debug_loclists
                0x000000000000019e      0x18a ./Core/Src/Buttons and Functions.o
 .debug_loclists
                0x0000000000000328       0x23 ./Core/Src/main.o
 .debug_loclists
                0x000000000000034b      0x14e ./Core/Src/stm32g4xx_hal_msp.o
 .debug_loclists
                0x0000000000000499       0x65 ./Core/Src/system_stm32g4xx.o
 .debug_loclists
                0x00000000000004fe      0x12f ./Drivers/STM32G4xx_HAL_Driver/Src/stm32g4xx_hal.o
 .debug_loclists
                0x000000000000062d     0x182c ./Drivers/STM32G4xx_HAL_Driver/Src/stm32g4xx_hal_adc.o
 .debug_loclists
                0x0000000000001e59     0x167a ./Drivers/STM32G4xx_HAL_Driver/Src/stm32g4xx_hal_adc_ex.o
 .debug_loclists
                0x00000000000034d3      0x4d3 ./Drivers/STM32G4xx_HAL_Driver/Src/stm32g4xx_hal_cortex.o
 .debug_loclists
                0x00000000000039a6      0x558 ./Drivers/STM32G4xx_HAL_Driver/Src/stm32g4xx_hal_dma.o
 .debug_loclists
                0x0000000000003efe      0x267 ./Drivers/STM32G4xx_HAL_Driver/Src/stm32g4xx_hal_gpio.o
 .debug_loclists
                0x0000000000004165      0xd32 ./Drivers/STM32G4xx_HAL_Driver/Src/stm32g4xx_hal_pcd.o
 .debug_loclists
                0x0000000000004e97      0x193 ./Drivers/STM32G4xx_HAL_Driver/Src/stm32g4xx_hal_pcd_ex.o
 .debug_loclists
                0x000000000000502a      0x58f ./Drivers/STM32G4xx_HAL_Driver/Src/stm32g4xx_hal_pwr_ex.o
 .debug_loclists
                0x00000000000055b9      0x568 ./Drivers/STM32G4xx_HAL_Driver/Src/stm32g4xx_hal_rcc.o
 .debug_loclists
                0x0000000000005b21      0xca9 ./Drivers/STM32G4xx_HAL_Driver/Src/stm32g4xx_hal_rcc_ex.o
 .debug_loclists
                0x00000000000067ca     0x372b ./Drivers/STM32G4xx_HAL_Driver/Src/stm32g4xx_hal_tim.o
 .debug_loclists
                0x0000000000009ef5     0x1e4b ./Drivers/STM32G4xx_HAL_Driver/Src/stm32g4xx_hal_tim_ex.o
 .debug_loclists
                0x000000000000bd40      0xf25 ./Drivers/STM32G4xx_HAL_Driver/Src/stm32g4xx_ll_usb.o
 .debug_loclists
                0x000000000000cc65      0x4bb ./Middlewares/ST/STM32_USB_Device_Library/Class/HID/Src/usbd_hid.o
 .debug_loclists
                0x000000000000d120      0x6fa ./Middlewares/ST/STM32_USB_Device_Library/Core/Src/usbd_core.o
 .debug_loclists
                0x000000000000d81a      0xe81 ./Middlewares/ST/STM32_USB_Device_Library/Core/Src/usbd_ctlreq.o
 .debug_loclists
                0x000000000000e69b      0x1b4 ./Middlewares/ST/STM32_USB_Device_Library/Core/Src/usbd_ioreq.o
 .debug_loclists
                0x000000000000e84f      0x22d ./USB_Device/App/usbd_desc.o
 .debug_loclists
                0x000000000000ea7c      0x7a8 ./USB_Device/Target/usbd_conf.o

.debug_aranges  0x0000000000000000     0x15f0
 .debug_aranges
                0x0000000000000000       0x40 ./Core/Src/ADC.o
 .debug_aranges
                0x0000000000000040       0x60 ./Core/Src/Buttons and Functions.o
 .debug_aranges
                0x00000000000000a0       0x80 ./Core/Src/main.o
 .debug_aranges
                0x0000000000000120       0x58 ./Core/Src/stm32g4xx_hal_msp.o
 .debug_aranges
                0x0000000000000178       0xc0 ./Core/Src/stm32g4xx_it.o
 .debug_aranges
                0x0000000000000238       0x28 ./Core/Src/system_stm32g4xx.o
 .debug_aranges
                0x0000000000000260       0x28 ./Core/Startup/startup_stm32g431kbux.o
 .debug_aranges
                0x0000000000000288      0x148 ./Drivers/STM32G4xx_HAL_Driver/Src/stm32g4xx_hal.o
 .debug_aranges
                0x00000000000003d0      0x108 ./Drivers/STM32G4xx_HAL_Driver/Src/stm32g4xx_hal_adc.o
 .debug_aranges
                0x00000000000004d8       0xf0 ./Drivers/STM32G4xx_HAL_Driver/Src/stm32g4xx_hal_adc_ex.o
 .debug_aranges
                0x00000000000005c8       0xa8 ./Drivers/STM32G4xx_HAL_Driver/Src/stm32g4xx_hal_cortex.o
 .debug_aranges
                0x0000000000000670       0x90 ./Drivers/STM32G4xx_HAL_Driver/Src/stm32g4xx_hal_dma.o
 .debug_aranges
                0x0000000000000700       0x58 ./Drivers/STM32G4xx_HAL_Driver/Src/stm32g4xx_hal_gpio.o
 .debug_aranges
                0x0000000000000758      0x138 ./Drivers/STM32G4xx_HAL_Driver/Src/stm32g4xx_hal_pcd.o
 .debug_aranges
                0x0000000000000890       0x58 ./Drivers/STM32G4xx_HAL_Driver/Src/stm32g4xx_hal_pcd_ex.o
 .debug_aranges
                0x00000000000008e8      0x140 ./Drivers/STM32G4xx_HAL_Driver/Src/stm32g4xx_hal_pwr_ex.o
 .debug_aranges
                0x0000000000000a28       0x98 ./Drivers/STM32G4xx_HAL_Driver/Src/stm32g4xx_hal_rcc.o
 .debug_aranges
                0x0000000000000ac0       0xb0 ./Drivers/STM32G4xx_HAL_Driver/Src/stm32g4xx_hal_rcc_ex.o
 .debug_aranges
                0x0000000000000b70      0x3e0 ./Drivers/STM32G4xx_HAL_Driver/Src/stm32g4xx_hal_tim.o
 .debug_aranges
                0x0000000000000f50      0x240 ./Drivers/STM32G4xx_HAL_Driver/Src/stm32g4xx_hal_tim_ex.o
 .debug_aranges
                0x0000000000001190       0xc8 ./Drivers/STM32G4xx_HAL_Driver/Src/stm32g4xx_ll_usb.o
 .debug_aranges
                0x0000000000001258       0x68 ./Middlewares/ST/STM32_USB_Device_Library/Class/HID/Src/usbd_hid.o
 .debug_aranges
                0x00000000000012c0       0xb8 ./Middlewares/ST/STM32_USB_Device_Library/Core/Src/usbd_core.o
 .debug_aranges
                0x0000000000001378       0x88 ./Middlewares/ST/STM32_USB_Device_Library/Core/Src/usbd_ctlreq.o
 .debug_aranges
                0x0000000000001400       0x50 ./Middlewares/ST/STM32_USB_Device_Library/Core/Src/usbd_ioreq.o
 .debug_aranges
                0x0000000000001450       0x20 ./USB_Device/App/usb_device.o
 .debug_aranges
                0x0000000000001470       0x60 ./USB_Device/App/usbd_desc.o
 .debug_aranges
                0x00000000000014d0      0x120 ./USB_Device/Target/usbd_conf.o

.debug_rnglists
                0x0000000000000000     0x1400
 .debug_rnglists
                0x0000000000000000       0x5e ./Core/Src/ADC.o
 .debug_rnglists
                0x000000000000005e       0x63 ./Core/Src/Buttons and Functions.o
 .debug_rnglists
                0x00000000000000c1       0x5e ./Core/Src/main.o
 .debug_rnglists
                0x000000000000011f       0x3f ./Core/Src/stm32g4xx_hal_msp.o
 .debug_rnglists
                0x000000000000015e       0x8b ./Core/Src/stm32g4xx_it.o
 .debug_rnglists
                0x00000000000001e9       0x1a ./Core/Src/system_stm32g4xx.o
 .debug_rnglists
                0x0000000000000203       0x19 ./Core/Startup/startup_stm32g431kbux.o
 .debug_rnglists
                0x000000000000021c       0xf1 ./Drivers/STM32G4xx_HAL_Driver/Src/stm32g4xx_hal.o
 .debug_rnglists
                0x000000000000030d      0x16c ./Drivers/STM32G4xx_HAL_Driver/Src/stm32g4xx_hal_adc.o
 .debug_rnglists
                0x0000000000000479      0x149 ./Drivers/STM32G4xx_HAL_Driver/Src/stm32g4xx_hal_adc_ex.o
 .debug_rnglists
                0x00000000000005c2       0xa9 ./Drivers/STM32G4xx_HAL_Driver/Src/stm32g4xx_hal_cortex.o
 .debug_rnglists
                0x000000000000066b       0x6c ./Drivers/STM32G4xx_HAL_Driver/Src/stm32g4xx_hal_dma.o
 .debug_rnglists
                0x00000000000006d7       0x3f ./Drivers/STM32G4xx_HAL_Driver/Src/stm32g4xx_hal_gpio.o
 .debug_rnglists
                0x0000000000000716      0x167 ./Drivers/STM32G4xx_HAL_Driver/Src/stm32g4xx_hal_pcd.o
 .debug_rnglists
                0x000000000000087d       0x3e ./Drivers/STM32G4xx_HAL_Driver/Src/stm32g4xx_hal_pcd_ex.o
 .debug_rnglists
                0x00000000000008bb       0xf1 ./Drivers/STM32G4xx_HAL_Driver/Src/stm32g4xx_hal_pwr_ex.o
 .debug_rnglists
                0x00000000000009ac       0x81 ./Drivers/STM32G4xx_HAL_Driver/Src/stm32g4xx_hal_rcc.o
 .debug_rnglists
                0x0000000000000a2d       0x92 ./Drivers/STM32G4xx_HAL_Driver/Src/stm32g4xx_hal_rcc_ex.o
 .debug_rnglists
                0x0000000000000abf      0x313 ./Drivers/STM32G4xx_HAL_Driver/Src/stm32g4xx_hal_tim.o
 .debug_rnglists
                0x0000000000000dd2      0x1c3 ./Drivers/STM32G4xx_HAL_Driver/Src/stm32g4xx_hal_tim_ex.o
 .debug_rnglists
                0x0000000000000f95      0x1d7 ./Drivers/STM32G4xx_HAL_Driver/Src/stm32g4xx_ll_usb.o
 .debug_rnglists
                0x000000000000116c       0x4a ./Middlewares/ST/STM32_USB_Device_Library/Class/HID/Src/usbd_hid.o
 .debug_rnglists
                0x00000000000011b6       0x86 ./Middlewares/ST/STM32_USB_Device_Library/Core/Src/usbd_core.o
 .debug_rnglists
                0x000000000000123c       0x64 ./Middlewares/ST/STM32_USB_Device_Library/Core/Src/usbd_ctlreq.o
 .debug_rnglists
                0x00000000000012a0       0x37 ./Middlewares/ST/STM32_USB_Device_Library/Core/Src/usbd_ioreq.o
 .debug_rnglists
                0x00000000000012d7       0x13 ./USB_Device/App/usb_device.o
 .debug_rnglists
                0x00000000000012ea       0x43 ./USB_Device/App/usbd_desc.o
 .debug_rnglists
                0x000000000000132d       0xd3 ./USB_Device/Target/usbd_conf.o

.debug_macro    0x0000000000000000    0x22e2e
 .debug_macro   0x0000000000000000      0x325 ./Core/Src/ADC.o
 .debug_macro   0x0000000000000325      0xaa8 ./Core/Src/ADC.o
 .debug_macro   0x0000000000000dcd       0x22 ./Core/Src/ADC.o
 .debug_macro   0x0000000000000def       0x8e ./Core/Src/ADC.o
 .debug_macro   0x0000000000000e7d       0x51 ./Core/Src/ADC.o
 .debug_macro   0x0000000000000ece      0x103 ./Core/Src/ADC.o
 .debug_macro   0x0000000000000fd1       0x6a ./Core/Src/ADC.o
 .debug_macro   0x000000000000103b      0x1df ./Core/Src/ADC.o
 .debug_macro   0x000000000000121a      0x161 ./Core/Src/ADC.o
 .debug_macro   0x000000000000137b       0x2e ./Core/Src/ADC.o
 .debug_macro   0x00000000000013a9       0x28 ./Core/Src/ADC.o
 .debug_macro   0x00000000000013d1       0x1c ./Core/Src/ADC.o
 .debug_macro   0x00000000000013ed       0x22 ./Core/Src/ADC.o
 .debug_macro   0x000000000000140f       0xfb ./Core/Src/ADC.o
 .debug_macro   0x000000000000150a     0x1011 ./Core/Src/ADC.o
 .debug_macro   0x000000000000251b      0x11f ./Core/Src/ADC.o
 .debug_macro   0x000000000000263a    0x11350 ./Core/Src/ADC.o