../Core/Src/Buttons and Functions.c:57:6:HandleButtonPress	16	static
../Core/Src/Buttons and Functions.c:132:6:ButtonStatus	16	static
../Core/Src/Buttons and Functions.c:323:6:Prepare_Data	8	static
../Core/Src/Buttons and Functions.c:338:6:Set_DMA_Buffer	4	static
../Core/Src/Buttons and Functions.c:348:6:Set_Color	16	static
../Core/Src/Buttons and Functions.c:378:6:Start_PWM	8	static
../Core/Src/Buttons and Functions.c:358:6:BacklightOff	8	static
../Core/Src/Buttons and Functions.c:368:6:BacklightOn	8	static
../Core/Src/Buttons and Functions.c:74:6:HAL_TIM_PeriodElapsedCallback	8	static
