../Core/Src/main.c:89:5:main	8	static
../Core/Src/main.c:146:6:SystemClock_Config	88	static
../Core/Src/main.c:192:13:MX_ADC1_Init	56	static
../Core/Src/main.c:260:13:MX_ADC2_Init	40	static
../Core/Src/main.c:319:13:MX_TIM3_Init	64	static
../Core/Src/main.c:378:13:MX_TIM4_Init	48	static
../Core/Src/main.c:427:13:MX_TIM6_Init	24	static
../Core/Src/main.c:465:13:MX_TIM17_Init	88	static
../Core/Src/main.c:526:13:MX_DMA_Init	16	static
../Core/Src/main.c:551:13:MX_GPIO_Init	48	static
../Core/Src/main.c:626:6:HAL_GPIO_EXTI_Callback	16	static
../Core/Src/main.c:639:6:Error_Handler	4	static,ignoring_inline_asm
