../Core/Src/main.c:551:13:MX_GPIO_Init	1
../Core/Src/main.c:532:13:MX_DMA_Init	1
../Core/Src/main.c:628:6:HAL_GPIO_EXTI_Callback	1
../Core/Src/main.c:638:6:Error_Handler	1
../Core/Src/main.c:200:13:MX_ADC1_Init	1
../Core/Src/main.c:394:13:MX_TIM6_Init	1
../Core/Src/main.c:502:13:MX_TIM17_Init	1
../Core/Src/main.c:432:13:MX_TIM7_Init	1
../Core/Src/main.c:470:13:MX_TIM16_Init	1
../Core/Src/main.c:277:13:MX_ADC2_Init	1
../Core/Src/main.c:345:13:MX_TIM3_Init	1
../Core/Src/main.c:154:6:SystemClock_Config	1
../Core/Src/main.c:97:5:main	1
