../Core/Src/main.c:586:13:MX_GPIO_Init	1
../Core/Src/main.c:561:13:MX_DMA_Init	1
../Core/Src/main.c:667:6:HAL_GPIO_EXTI_Callback	1
../Core/Src/main.c:677:6:Error_Handler	1
../Core/Src/main.c:189:13:MX_ADC1_Init	1
../Core/Src/main.c:257:13:MX_ADC2_Init	1
../Core/Src/main.c:424:13:MX_TIM6_Init	1
../Core/Src/main.c:316:13:MX_TIM3_Init	1
../Core/Src/main.c:500:13:MX_TIM17_Init	1
../Core/Src/main.c:375:13:MX_TIM4_Init	1
../Core/Src/main.c:462:13:MX_TIM7_Init	1
../Core/Src/main.c:143:6:SystemClock_Config	1
../Core/Src/main.c:90:5:main	1
