../Core/Src/RGB.c:20:6:Set_Color	4	static
../Core/Src/RGB.c:27:6:Prepare_Data	4	static
../Core/Src/RGB.c:47:6:Send_Data	8	static
../Core/Src/RGB.c:53:6:HAL_TIM_PWM_PulseFinishedCallback	8	static
../Core/Src/RGB.c:61:6:HAL_TIM_PeriodElapsedCallback	8	static
../Core/Src/RGB.c:69:6:Breathing	16	static
../Core/Src/RGB.c:103:6:Gradient	8	static
../Core/Src/RGB.c:120:6:Update_Gradient	16	static
../Core/Src/RGB.c:190:6:UpdateLightMode	8	static
../Core/Src/RGB.c:205:6:TurnLightOff	8	static
../Core/Src/RGB.c:215:6:TurnLightOn	8	static
../Core/Src/RGB.c:141:6:HandleButtonPress	16	static
