../Core/Src/RGB.c:22:6:Set_Color	4	static
../Core/Src/RGB.c:29:6:Prepare_Data	0	static
../Core/Src/RGB.c:49:6:Send_Data	8	static
../Core/Src/RGB.c:57:6:HAL_TIM_PWM_PulseFinishedCallback	8	static
../Core/Src/RGB.c:66:6:Breathing_Delay	8	static
../Core/Src/RGB.c:74:6:Breathing	16	static
../Core/Src/RGB.c:116:6:Gradient	8	static
../Core/Src/RGB.c:133:6:Update_Gradient	16	static
../Core/Src/RGB.c:176:6:UpdateLightMode	8	static
../Core/Src/RGB.c:196:6:TurnLightOff	8	static
../Core/Src/RGB.c:153:6:HandleButtonPress	8	static
