../Core/Src/stm32g4xx_it.c:78:6:NMI_Handler	0	static
../Core/Src/stm32g4xx_it.c:93:6:HardFault_Handler	0	static
../Core/Src/stm32g4xx_it.c:108:6:MemManage_Handler	0	static
../Core/Src/stm32g4xx_it.c:123:6:BusFault_Handler	0	static
../Core/Src/stm32g4xx_it.c:138:6:UsageFault_Handler	0	static
../Core/Src/stm32g4xx_it.c:153:6:SVC_Handler	0	static
../Core/Src/stm32g4xx_it.c:166:6:DebugMon_Handler	0	static
../Core/Src/stm32g4xx_it.c:179:6:PendSV_Handler	0	static
../Core/Src/stm32g4xx_it.c:192:6:SysTick_Handler	8	static
../Core/Src/stm32g4xx_it.c:213:6:EXTI0_IRQHandler	8	static
../Core/Src/stm32g4xx_it.c:227:6:EXTI3_IRQHandler	8	static
../Core/Src/stm32g4xx_it.c:241:6:EXTI4_IRQHandler	8	static
../Core/Src/stm32g4xx_it.c:255:6:DMA1_Channel1_IRQHandler	8	static
../Core/Src/stm32g4xx_it.c:269:6:DMA1_Channel2_IRQHandler	8	static
../Core/Src/stm32g4xx_it.c:283:6:DMA1_Channel3_IRQHandler	8	static
../Core/Src/stm32g4xx_it.c:297:6:ADC1_2_IRQHandler	8	static
../Core/Src/stm32g4xx_it.c:312:6:USB_LP_IRQHandler	8	static
../Core/Src/stm32g4xx_it.c:326:6:EXTI9_5_IRQHandler	8	static
../Core/Src/stm32g4xx_it.c:344:6:TIM1_TRG_COM_TIM17_IRQHandler	8	static
../Core/Src/stm32g4xx_it.c:358:6:EXTI15_10_IRQHandler	8	static
../Core/Src/stm32g4xx_it.c:373:6:TIM7_IRQHandler	0	static
