../Core/Src/stm32g4xx_hal_msp.c:71:6:HAL_MspInit	16	static
../Core/Src/stm32g4xx_hal_msp.c:99:6:HAL_ADC_MspInit	120	static
../Core/Src/stm32g4xx_hal_msp.c:218:6:HAL_ADC_MspDeInit	8	static
../Core/Src/stm32g4xx_hal_msp.c:275:6:HAL_TIM_PWM_MspInit	16	static
../Core/Src/stm32g4xx_hal_msp.c:316:6:HAL_TIM_Base_MspInit	24	static
../Core/Src/stm32g4xx_hal_msp.c:374:6:HAL_TIM_MspPostInit	32	static
../Core/Src/stm32g4xx_hal_msp.c:406:6:HAL_TIM_PWM_MspDeInit	8	static
../Core/Src/stm32g4xx_hal_msp.c:431:6:HAL_TIM_Base_MspDeInit	8	static
