../USB_Device/App/usbd_desc.c:222:11:USBD_HID_DeviceDescriptor	0	static
../USB_Device/App/usbd_desc.c:235:11:USBD_HID_LangIDStrDescriptor	0	static
../USB_Device/App/usbd_desc.c:365:13:IntToUnicode	4	static
../USB_Device/App/usbd_desc.c:339:13:Get_SerialNum	16	static
../USB_Device/App/usbd_desc.c:280:11:USBD_HID_SerialStrDescriptor	8	static
../USB_Device/App/usbd_desc.c:248:11:USBD_HID_ProductStrDescriptor	8	static
../USB_Device/App/usbd_desc.c:267:11:USBD_HID_ManufacturerStrDescriptor	8	static
../USB_Device/App/usbd_desc.c:302:11:USBD_HID_ConfigStrDescriptor	8	static
../USB_Device/App/usbd_desc.c:321:11:USBD_HID_InterfaceStrDescriptor	8	static
