../Middlewares/ST/STM32_USB_Device_Library/Class/CustomHID/Src/usbd_customhid.c:605:17:USBD_CUSTOM_HID_GetFSCfgDesc	0	static
../Middlewares/ST/STM32_USB_Device_Library/Class/CustomHID/Src/usbd_customhid.c:619:17:USBD_CUSTOM_HID_GetHSCfgDesc	0	static
../Middlewares/ST/STM32_USB_Device_Library/Class/CustomHID/Src/usbd_customhid.c:633:17:USBD_CUSTOM_HID_GetOtherSpeedCfgDesc	0	static
../Middlewares/ST/STM32_USB_Device_Library/Class/CustomHID/Src/usbd_customhid.c:647:16:USBD_CUSTOM_HID_DataIn	0	static
../Middlewares/ST/STM32_USB_Device_Library/Class/CustomHID/Src/usbd_customhid.c:665:16:USBD_CUSTOM_HID_DataOut	8	static
../Middlewares/ST/STM32_USB_Device_Library/Class/CustomHID/Src/usbd_customhid.c:717:16:USBD_CUSTOM_HID_EP0_RxReady	8	static
../Middlewares/ST/STM32_USB_Device_Library/Class/CustomHID/Src/usbd_customhid.c:742:17:USBD_CUSTOM_HID_GetDeviceQualifierDesc	0	static
../Middlewares/ST/STM32_USB_Device_Library/Class/CustomHID/Src/usbd_customhid.c:442:16:USBD_CUSTOM_HID_Setup	24	static
../Middlewares/ST/STM32_USB_Device_Library/Class/CustomHID/Src/usbd_customhid.c:410:16:USBD_CUSTOM_HID_DeInit	16	static
../Middlewares/ST/STM32_USB_Device_Library/Class/CustomHID/Src/usbd_customhid.c:354:16:USBD_CUSTOM_HID_Init	24	static
../Middlewares/ST/STM32_USB_Device_Library/Class/CustomHID/Src/usbd_customhid.c:571:9:USBD_CUSTOM_HID_SendReport	8	static
../Middlewares/ST/STM32_USB_Device_Library/Class/CustomHID/Src/usbd_customhid.c:692:9:USBD_CUSTOM_HID_ReceivePacket	8	static
../Middlewares/ST/STM32_USB_Device_Library/Class/CustomHID/Src/usbd_customhid.c:755:9:USBD_CUSTOM_HID_RegisterInterface	0	static
